../src/rtosespserial.c:98:6:rtosESPSERIAL_Init	24	static
../src/rtosespserial.c:131:6:rtosESPSERIAL_LockBegin	8	static
../src/rtosespserial.c:135:6:rtosESPSERIAL_LockEnd	8	static
../src/rtosespserial.c:140:6:rtosESPSERIAL_Refresh	24	static
../src/rtosespserial.c:158:6:rtosESPSERIAL_Clear	24	static
../src/rtosespserial.c:177:6:rtosESPSERIAL_Send	32	static
../src/rtosespserial.c:199:6:rtosESPSERIAL_Recv	32	static
../src/rtosespserial.c:221:6:rtosESPSERIAL_RecvByte	24	static
../src/rtosespserial.c:228:6:rtosESPSERIAL_ReadLine	24	static
../src/rtosespserial.c:251:6:rtosESPSERIAL_FindStr	32	static
../src/rtosespserial.c:275:6:rtosESPSERIAL_WaitResp	32	static
../src/rtosespserial.c:302:6:rtosESPSERIAL_WaitStr	32	static
../src/rtosespserial.c:336:6:rtosESPSERIAL_SendAT	32	static
../src/rtosespserial.c:366:13:rtosESPSERIAL_xParseStatus	32	static
../src/rtosespserial.c:379:13:rtosESPSERIAL_xHandleStatus	8	static
../src/rtosespserial.c:389:6:rtosESPSERIAL_xRefresh	24	static
../src/rtosespserial.c:406:6:rtosESPSERIAL_xClear	8	static
../src/rtosespserial.c:412:6:rtosESPSERIAL_xSend	24	static
../src/rtosespserial.c:421:6:rtosESPSERIAL_xRecv	24	static
../src/rtosespserial.c:438:6:rtosESPSERIAL_xReadLine	24	static
../src/rtosespserial.c:461:6:rtosESPSERIAL_xFindStr	24	static
../src/rtosespserial.c:483:6:rtosESPSERIAL_xWaitResp	48	static
../src/rtosespserial.c:532:6:rtosESPSERIAL_xWaitStr	48	static
../src/rtosespserial.c:572:6:rtosESPSERIAL_xSendAT	48	static
../src/rtosespserial.c:607:6:rtosESPSERIAL_Setup	48	static
../src/rtosespserial.c:694:6:rtosESPSERIAL_SetupTask	16	static
../src/rtosespserial.c:702:13:rtosESPSERIAL_Task	40	static
