Archive member included to satisfy reference by file (symbol)

C:\Users\alext\Desktop\SE\Workspace\FreeRTOS-Network-UI\Debug\libFreeRTOS-Network-UI.a(netmqtt.o)
                              ./src/main.o (netMQTT_Init)
C:\Users\alext\Desktop\SE\Workspace\FreeRTOS-Network-UI\Debug\libFreeRTOS-Network-UI.a(netntp.o)
                              ./src/main.o (netNTP_Init)
C:\Users\alext\Desktop\SE\Workspace\FreeRTOS-Network-UI\Debug\libFreeRTOS-Network-UI.a(nettransport.o)
                              C:\Users\alext\Desktop\SE\Workspace\FreeRTOS-Network-UI\Debug\libFreeRTOS-Network-UI.a(netntp.o) (netUDP_Start)
C:\Users\alext\Desktop\SE\Workspace\FreeRTOS-Network-UI\Debug\libFreeRTOS-Network-UI.a(netwifi.o)
                              ./src/main.o (netWIFI_Init)
C:\Users\alext\Desktop\SE\Workspace\FreeRTOS-Network-UI\Debug\libFreeRTOS-Network-UI.a(transport.o)
                              C:\Users\alext\Desktop\SE\Workspace\FreeRTOS-Network-UI\Debug\libFreeRTOS-Network-UI.a(netmqtt.o) (transport_sendPacketBuffer)
C:\Users\alext\Desktop\SE\Workspace\FreeRTOS-Network-UI\Debug\libFreeRTOS-Network-UI.a(uimenu.o)
                              ./src/main.o (uiMENU_Generate)
C:\Users\alext\Desktop\SE\Workspace\MQTTPacket\Debug\libMQTTPacket.a(MQTTConnectClient.o)
                              C:\Users\alext\Desktop\SE\Workspace\FreeRTOS-Network-UI\Debug\libFreeRTOS-Network-UI.a(netmqtt.o) (MQTTSerialize_connect)
C:\Users\alext\Desktop\SE\Workspace\MQTTPacket\Debug\libMQTTPacket.a(MQTTPacket.o)
                              C:\Users\alext\Desktop\SE\Workspace\MQTTPacket\Debug\libMQTTPacket.a(MQTTConnectClient.o) (MQTTPacket_encode)
C:\Users\alext\Desktop\SE\Workspace\MQTTPacket\Debug\libMQTTPacket.a(MQTTSerializePublish.o)
                              C:\Users\alext\Desktop\SE\Workspace\FreeRTOS-Network-UI\Debug\libFreeRTOS-Network-UI.a(netmqtt.o) (MQTTSerialize_publish)
C:\Users\alext\Desktop\SE\Workspace\FreeRTOS-Drivers\Debug\libFreeRTOS-Drivers.a(rtosbh1750.o)
                              ./src/main.o (rtosBH1750_Init)
C:\Users\alext\Desktop\SE\Workspace\FreeRTOS-Drivers\Debug\libFreeRTOS-Drivers.a(rtosencoder.o)
                              ./src/main.o (rtosENCODER_Init)
C:\Users\alext\Desktop\SE\Workspace\FreeRTOS-Drivers\Debug\libFreeRTOS-Drivers.a(rtosespserial.o)
                              ./src/main.o (rtosESPSERIAL_Init)
C:\Users\alext\Desktop\SE\Workspace\FreeRTOS-Drivers\Debug\libFreeRTOS-Drivers.a(rtoslcd.o)
                              ./src/main.o (rtosLCDText_Init)
C:\Users\alext\Desktop\SE\Workspace\FreeRTOS-Drivers\Debug\libFreeRTOS-Drivers.a(rtosled.o)
                              ./src/main.o (rtosLED_Init)
C:\Users\alext\Desktop\SE\Workspace\FreeRTOS-Drivers\Debug\libFreeRTOS-Drivers.a(rtoslock.o)
                              C:\Users\alext\Desktop\SE\Workspace\FreeRTOS-Drivers\Debug\libFreeRTOS-Drivers.a(rtosespserial.o) (rtosLOCK_Init)
C:\Users\alext\Desktop\SE\Workspace\FreeRTOS-Drivers\Debug\libFreeRTOS-Drivers.a(rtospir.o)
                              ./src/main.o (rtosPIR_Init)
C:\Users\alext\Desktop\SE\Workspace\FreeRTOS-Drivers\Debug\libFreeRTOS-Drivers.a(rtosrtc.o)
                              ./src/main.o (rtosRTC_Init)
C:\Users\alext\Desktop\SE\Workspace\FreeRTOS-Drivers\Debug\libFreeRTOS-Drivers.a(rtostimeout.o)
                              C:\Users\alext\Desktop\SE\Workspace\FreeRTOS-Network-UI\Debug\libFreeRTOS-Network-UI.a(nettransport.o) (rtosTIMEOUT_Start)
C:\Users\alext\Desktop\SE\Workspace\DRIVERS\Release\libDRIVERS.a(bh1750.o)
                              C:\Users\alext\Desktop\SE\Workspace\FreeRTOS-Drivers\Debug\libFreeRTOS-Drivers.a(rtosbh1750.o) (BH1750_Init)
C:\Users\alext\Desktop\SE\Workspace\DRIVERS\Release\libDRIVERS.a(encoder.o)
                              C:\Users\alext\Desktop\SE\Workspace\FreeRTOS-Drivers\Debug\libFreeRTOS-Drivers.a(rtosencoder.o) (ENCODER_Init)
C:\Users\alext\Desktop\SE\Workspace\DRIVERS\Release\libDRIVERS.a(espserial.o)
                              C:\Users\alext\Desktop\SE\Workspace\FreeRTOS-Drivers\Debug\libFreeRTOS-Drivers.a(rtosespserial.o) (ESPSERIAL_Send)
C:\Users\alext\Desktop\SE\Workspace\DRIVERS\Release\libDRIVERS.a(lcdtext.o)
                              C:\Users\alext\Desktop\SE\Workspace\FreeRTOS-Drivers\Debug\libFreeRTOS-Drivers.a(rtoslcd.o) (LCDText_Init)
C:\Users\alext\Desktop\SE\Workspace\DRIVERS\Release\libDRIVERS.a(led.o)
                              C:\Users\alext\Desktop\SE\Workspace\FreeRTOS-Drivers\Debug\libFreeRTOS-Drivers.a(rtosled.o) (LED_Init)
C:\Users\alext\Desktop\SE\Workspace\DRIVERS\Release\libDRIVERS.a(pir.o)
                              C:\Users\alext\Desktop\SE\Workspace\FreeRTOS-Drivers\Debug\libFreeRTOS-Drivers.a(rtospir.o) (PIR_Init)
C:\Users\alext\Desktop\SE\Workspace\DRIVERS\Release\libDRIVERS.a(rtc.o)
                              C:\Users\alext\Desktop\SE\Workspace\FreeRTOS-Drivers\Debug\libFreeRTOS-Drivers.a(rtosrtc.o) (RTC_Init)
[...]
Memory Configuration

Name             Origin             Length             Attributes
MFlash512        0x00000000         0x00080000         xr
RamLoc32         0x10000000         0x00008000         xrw
RamAHB32         0x2007c000         0x00008000         xrw
*default*        0x00000000         0xffffffff

Linker script and memory map

LOAD ./src/cr_startup_lpc175x_6x-FreeRTOS.o
LOAD ./src/crp.o
LOAD ./src/espserialtest.o
LOAD ./src/locktest.o
LOAD ./src/main.o
LOAD ./src/menus.o
LOAD ./src/printf-stdarg.o
LOAD C:\Users\alext\Desktop\SE\Workspace\FreeRTOS-Network-UI\Debug\libFreeRTOS-Network-UI.a
LOAD C:\Users\alext\Desktop\SE\Workspace\MQTTPacket\Debug\libMQTTPacket.a
LOAD C:\Users\alext\Desktop\SE\Workspace\FreeRTOS-Drivers\Debug\libFreeRTOS-Drivers.a
LOAD C:\Users\alext\Desktop\SE\Workspace\DRIVERS\Release\libDRIVERS.a
LOAD C:\Users\alext\Desktop\SE\Workspace\DRIVERS\Release\libHAL.a
LOAD C:\Users\alext\Desktop\SE\Workspace\FreeRTOS-Kernel\Debug\libFreeRTOS-Kernel.a
LOAD C:\Users\alext\Desktop\SE\Workspace\DRIVERS\Release\libHAL.a
LOAD C:\Users\alext\Desktop\SE\Workspace\CMSIS_CORE_LPC17xx\Debug\libCMSIS_CORE_LPC17xx.a
START GROUP
LOAD c:/nxp/mcuxpressoide_11.6.0_8187/ide/plugins/com.nxp.mcuxpresso.tools.win32_11.6.0.202112161359/tools/bin/../lib/gcc/arm-none-eabi/10.3.1/thumb/v7-m/nofp\libgcc.a
LOAD c:/nxp/mcuxpressoide_11.6.0_8187/ide/plugins/com.nxp.mcuxpresso.tools.win32_11.6.0.202112161359/tools/bin/../lib/gcc/arm-none-eabi/10.3.1/../../../../arm-none-eabi/lib/thumb/v7-m/nofp\libc_nano.a
LOAD c:/nxp/mcuxpressoide_11.6.0_8187/ide/plugins/com.nxp.mcuxpresso.tools.win32_11.6.0.202112161359/tools/bin/../lib/gcc/arm-none-eabi/10.3.1/../../../../arm-none-eabi/lib/thumb/v7-m/nofp\libm.a
LOAD c:/nxp/mcuxpressoide_11.6.0_8187/ide/plugins/com.nxp.mcuxpresso.tools.win32_11.6.0.202112161359/tools/bin/../lib/gcc/arm-none-eabi/10.3.1/../../../../arm-none-eabi/lib/thumb/v7-m/nofp\libcr_newlib_nohost.a
END GROUP
                0x00000000                __base_MFlash512 = 0x0
                0x00000000                __base_Flash = 0x0
                0x00080000                __top_MFlash512 = 0x80000
                0x00080000                __top_Flash = 0x80000
                0x10000000                __base_RamLoc32 = 0x10000000
                0x10000000                __base_RAM = 0x10000000
                0x10008000                __top_RamLoc32 = 0x10008000
                0x10008000                __top_RAM = 0x10008000
                0x2007c000                __base_RamAHB32 = 0x2007c000
                0x2007c000                __base_RAM2 = 0x2007c000
                0x20084000                __top_RamAHB32 = 0x20084000
                0x20084000                __top_RAM2 = 0x20084000

.text           0x00000000     0xfc6c
 FILL mask 0xff
                0x00000000                __vectors_start__ = ABSOLUTE (.)
 *(.isr_vector)
 .isr_vector    0x00000000       0xcc ./src/cr_startup_lpc175x_6x-FreeRTOS.o
                0x00000000                g_pfnVectors
                0x000000cc                . = ALIGN (0x4)
                0x000000cc                __section_table_start = .
                0x000000cc                __data_section_table = .
                0x000000cc        0x4 LONG 0xfc74 LOADADDR (.data)
                0x000000d0        0x4 LONG 0x10000000 ADDR (.data)
                0x000000d4        0x4 LONG 0x1a4 SIZEOF (.data)
                0x000000d8        0x4 LONG 0xfc74 LOADADDR (.data_RAM2)
                0x000000dc        0x4 LONG 0x2007c000 ADDR (.data_RAM2)
                0x000000e0        0x4 LONG 0x0 SIZEOF (.data_RAM2)
                0x000000e4                __data_section_table_end = .
                0x000000e4                __bss_section_table = .
                0x000000e4        0x4 LONG 0x100001a8 ADDR (.bss)
                0x000000e8        0x4 LONG 0x5620 SIZEOF (.bss)
                0x000000ec        0x4 LONG 0x2007c000 ADDR (.bss_RAM2)
                0x000000f0        0x4 LONG 0x0 SIZEOF (.bss_RAM2)
                0x000000f4                __bss_section_table_end = .
                0x000000f4                __section_table_end = .
 *(.after_vectors*)
 .after_vectors
                0x000000f4      0x130 ./src/cr_startup_lpc175x_6x-FreeRTOS.o
                0x000000f4                data_init
                0x00000138                bss_init
                0x00000170                ResetISR
                0x000001e8                NMI_Handler
                0x000001ee                HardFault_Handler
                0x000001f4                MemManage_Handler
                0x000001fa                BusFault_Handler
                0x00000200                UsageFault_Handler
                0x00000206                SVC_Handler
                0x0000020c                DebugMon_Handler
                0x00000212                PendSV_Handler
                0x00000218                SysTick_Handler
                0x0000021e                CANActivity_IRQHandler
                0x0000021e                TIMER3_IRQHandler
                0x0000021e                UART0_IRQHandler
                0x0000021e                PWM1_IRQHandler
                0x0000021e                UART1_IRQHandler
                0x0000021e                IntDefaultHandler
                0x0000021e                PLL0_IRQHandler
                0x0000021e                CAN_IRQHandler
                0x0000021e                USBActivity_IRQHandler
                0x0000021e                SSP0_IRQHandler
                0x0000021e                EINT2_IRQHandler
                0x0000021e                I2C2_IRQHandler
                0x0000021e                RTC_IRQHandler
                0x0000021e                TIMER0_IRQHandler
                0x0000021e                SPI_IRQHandler
                0x0000021e                EINT3_IRQHandler
                0x0000021e                EINT1_IRQHandler
                0x0000021e                TIMER1_IRQHandler
                0x0000021e                UART2_IRQHandler
                0x0000021e                ADC_IRQHandler
                0x0000021e                SSP1_IRQHandler
                0x0000021e                USB_IRQHandler
                0x0000021e                BOD_IRQHandler
                0x0000021e                I2C1_IRQHandler
                0x0000021e                WDT_IRQHandler
                0x0000021e                I2S_IRQHandler
                0x0000021e                QEI_IRQHandler
                0x0000021e                EINT0_IRQHandler
                0x0000021e                PLL1_IRQHandler
                0x0000021e                DMA_IRQHandler
                0x0000021e                TIMER2_IRQHandler
                0x0000021e                MCPWM_IRQHandler
                0x0000021e                ENET_IRQHandler
                0x000002fc                . = 0x2fc
 *fill*         0x00000224       0xd8 ff
                0x000002fc                PROVIDE (__CRP_WORD_START__ = .)
 *(.crp)
 .crp           0x000002fc        0x4 ./src/crp.o
                0x000002fc                CRP_WORD
                0x00000300                PROVIDE (__CRP_WORD_END__ = .)
                0x00000001                ASSERT (! ((__CRP_WORD_START__ == __CRP_WORD_END__)), Linker CRP Enabled, but no CRP_WORD provided within application)
 *(.text*)
 .text.RTOS_Init
                0x00000300      0x118 ./src/main.o
                0x00000300                RTOS_Init
 .text.NETWORK_Init
                0x00000418       0x74 ./src/main.o
                0x00000418                NETWORK_Init
 .text.APPLICATION_Init
                0x0000048c       0x50 ./src/main.o
                0x0000048c                APPLICATION_Init
 .text.appMENU_NormalAffixHandler
                0x000004dc      0x114 ./src/main.o
                0x000004dc                appMENU_NormalAffixHandler
 .text.appMENU_NormalManageLightISR
                0x000005f0       0xa8 ./src/main.o
                0x000005f0                appMENU_NormalManageLightISR
 .text.appMENU_NormalPublishISR
                0x00000698       0x7c ./src/main.o
                0x00000698                appMENU_NormalPublishISR
 .text.appMENU_NormalMode
                0x00000714      0x118 ./src/main.o
                0x00000714                appMENU_NormalMode
 .text.appMENU_MaintenanceMode
                0x0000082c       0xcc ./src/main.o
                0x0000082c                appMENU_MaintenanceMode
 .text.main     0x000008f8       0x16 ./src/main.o
                0x000008f8                main
 .text.vApplicationStackOverflowHook
                0x0000090e        0xc ./src/main.o
                0x0000090e                vApplicationStackOverflowHook
 *fill*         0x0000091a        0x2 ff
 .text.appMENU_GetWeekDay
                0x0000091c       0x20 ./src/menus.o
                0x0000091c                appMENU_GetWeekDay
 .text.appMAINTENANCE_xSetTimeHandler
                0x0000093c       0xb4 ./src/menus.o
                0x0000093c                appMAINTENANCE_xSetTimeHandler
 .text.appMAINTENANCE_SetTimeHandler
                0x000009f0       0x24 ./src/menus.o
                0x000009f0                appMAINTENANCE_SetTimeHandler
 .text.appMAINTENANCE_xSetDateHandler
                0x00000a14       0xd0 ./src/menus.o
                0x00000a14                appMAINTENANCE_xSetDateHandler
 .text.appMAINTENANCE_SetDateHandler
                0x00000ae4       0x24 ./src/menus.o
                0x00000ae4                appMAINTENANCE_SetDateHandler
 .text.appMAINTENANCE_xSyncTime
                0x00000b08       0x66 ./src/menus.o
                0x00000b08                appMAINTENANCE_xSyncTime
 *fill*         0x00000b6e        0x2 ff
 .text.appMAINTENANCE_SyncTimeHandler
                0x00000b70       0x24 ./src/menus.o
                0x00000b70                appMAINTENANCE_SyncTimeHandler
 .text.appMAINTENANCE_xSetMinLightHandler
                0x00000b94       0x80 ./src/menus.o
                0x00000b94                appMAINTENANCE_xSetMinLightHandler
 .text.appMAINTENANCE_SetMinLightHandler
                0x00000c14       0x24 ./src/menus.o
                0x00000c14                appMAINTENANCE_SetMinLightHandler
 .text.appMAINTENANCE_xLightModeHandler
                0x00000c38       0x78 ./src/menus.o
                0x00000c38                appMAINTENANCE_xLightModeHandler
 .text.appMAINTENANCE_LightModeHandler
                0x00000cb0       0x24 ./src/menus.o
                0x00000cb0                appMAINTENANCE_LightModeHandler
 .text.appMAINTENANCE_xLightMeasHandler
                0x00000cd4       0x6c ./src/menus.o
                0x00000cd4                appMAINTENANCE_xLightMeasHandler
 .text.appMAINTENANCE_LightMeasHandler
                0x00000d40       0x24 ./src/menus.o
                0x00000d40                appMAINTENANCE_LightMeasHandler
 .text.appMAINTENANCE_SetLightHandler
                0x00000d64       0x80 ./src/menus.o
                0x00000d64                appMAINTENANCE_SetLightHandler
 .text.appMAINTENANCE_xScanNetworks
                0x00000de4       0xd0 ./src/menus.o
                0x00000de4                appMAINTENANCE_xScanNetworks
 .text.appMAINTENANCE_ScanNetworks
                0x00000eb4       0x24 ./src/menus.o
                0x00000eb4                appMAINTENANCE_ScanNetworks
 .text.appMAINTENANCE_xJoinNetwork
                0x00000ed8       0x78 ./src/menus.o
                0x00000ed8                appMAINTENANCE_xJoinNetwork
 .text.appMAINTENANCE_JoinNetwork
                0x00000f50       0x24 ./src/menus.o
                0x00000f50                appMAINTENANCE_JoinNetwork
 .text.appMAINTENANCE_xDisconnectNetwork
                0x00000f74       0x1a ./src/menus.o
                0x00000f74                appMAINTENANCE_xDisconnectNetwork
 *fill*         0x00000f8e        0x2 ff
 .text.appMAINTENANCE_DisconnectNetwork
                0x00000f90       0x24 ./src/menus.o
                0x00000f90                appMAINTENANCE_DisconnectNetwork
 .text.appMAINTENANCE_SetWifiHandler
                0x00000fb4       0x7c ./src/menus.o
                0x00000fb4                appMAINTENANCE_SetWifiHandler
 .text.appMAINTENANCE_xSetCredentials
                0x00001030       0xf0 ./src/menus.o
                0x00001030                appMAINTENANCE_xSetCredentials
 .text.appMAINTENANCE_SetMQTTHandler
                0x00001120       0x24 ./src/menus.o
                0x00001120                appMAINTENANCE_SetMQTTHandler
 .text.__semihost
                0x00001144       0x22 ./src/printf-stdarg.o
 .text.semihost_write
                0x00001166       0x36 ./src/printf-stdarg.o
 .text.putchar  0x0000119c       0x1c ./src/printf-stdarg.o
 .text.printchar
                0x000011b8       0x34 ./src/printf-stdarg.o
 .text.prints   0x000011ec       0xb0 ./src/printf-stdarg.o
 .text.printi   0x0000129c       0xd8 ./src/printf-stdarg.o
 .text.print    0x00001374      0x1c8 ./src/printf-stdarg.o
 .text.sprintf  0x0000153c       0x2c ./src/printf-stdarg.o
                0x0000153c                sprintf
 .text.vsprintf
                0x00001568       0x24 ./src/printf-stdarg.o
                0x00001568                vsprintf
 .text.netMQTT_Init
                0x0000158c       0xb0 C:\Users\alext\Desktop\SE\Workspace\FreeRTOS-Network-UI\Debug\libFreeRTOS-Network-UI.a(netmqtt.o)
                0x0000158c                netMQTT_Init
 .text.netMQTT_Config
                0x0000163c       0x44 C:\Users\alext\Desktop\SE\Workspace\FreeRTOS-Network-UI\Debug\libFreeRTOS-Network-UI.a(netmqtt.o)
                0x0000163c                netMQTT_Config
 .text.netMQTT_Ready
                0x00001680       0x20 C:\Users\alext\Desktop\SE\Workspace\FreeRTOS-Network-UI\Debug\libFreeRTOS-Network-UI.a(netmqtt.o)
                0x00001680                netMQTT_Ready
 .text.netMQTT_Start
                0x000016a0       0x28 C:\Users\alext\Desktop\SE\Workspace\FreeRTOS-Network-UI\Debug\libFreeRTOS-Network-UI.a(netmqtt.o)
                0x000016a0                netMQTT_Start
 .text.netMQTT_Stop
                0x000016c8       0x5c C:\Users\alext\Desktop\SE\Workspace\FreeRTOS-Network-UI\Debug\libFreeRTOS-Network-UI.a(netmqtt.o)
                0x000016c8                netMQTT_Stop
 .text.netMQTT_Publish
                0x00001724       0x84 C:\Users\alext\Desktop\SE\Workspace\FreeRTOS-Network-UI\Debug\libFreeRTOS-Network-UI.a(netmqtt.o)
                0x00001724                netMQTT_Publish
 .text.netMQTT_Task
                0x000017a8      0x340 C:\Users\alext\Desktop\SE\Workspace\FreeRTOS-Network-UI\Debug\libFreeRTOS-Network-UI.a(netmqtt.o)
 .text.netNTP_Init
                0x00001ae8       0x8c C:\Users\alext\Desktop\SE\Workspace\FreeRTOS-Network-UI\Debug\libFreeRTOS-Network-UI.a(netntp.o)
                0x00001ae8                netNTP_Init
 .text.netNTP_GetTime
                0x00001b74       0x54 C:\Users\alext\Desktop\SE\Workspace\FreeRTOS-Network-UI\Debug\libFreeRTOS-Network-UI.a(netntp.o)
                0x00001b74                netNTP_GetTime
 .text.netNTP_Task
                0x00001bc8       0x48 C:\Users\alext\Desktop\SE\Workspace\FreeRTOS-Network-UI\Debug\libFreeRTOS-Network-UI.a(netntp.o)
 .text.netNTP_xGetTime
                0x00001c10      0x1bc C:\Users\alext\Desktop\SE\Workspace\FreeRTOS-Network-UI\Debug\libFreeRTOS-Network-UI.a(netntp.o)
                0x00001c10                netNTP_xGetTime
 .text.netUDP_Start
                0x00001dcc       0x6c C:\Users\alext\Desktop\SE\Workspace\FreeRTOS-Network-UI\Debug\libFreeRTOS-Network-UI.a(nettransport.o)
                0x00001dcc                netUDP_Start
 .text.netTCP_Start
                0x00001e38       0x78 C:\Users\alext\Desktop\SE\Workspace\FreeRTOS-Network-UI\Debug\libFreeRTOS-Network-UI.a(nettransport.o)
                0x00001e38                netTCP_Start
 .text.netUDP_Close
                0x00001eb0       0x4c C:\Users\alext\Desktop\SE\Workspace\FreeRTOS-Network-UI\Debug\libFreeRTOS-Network-UI.a(nettransport.o)
                0x00001eb0                netUDP_Close
 .text.netTCP_Close
                0x00001efc        0xe C:\Users\alext\Desktop\SE\Workspace\FreeRTOS-Network-UI\Debug\libFreeRTOS-Network-UI.a(nettransport.o)
                0x00001efc                netTCP_Close
 *fill*         0x00001f0a        0x2 ff
 .text.netTRANSPORT_Send
                0x00001f0c      0x170 C:\Users\alext\Desktop\SE\Workspace\FreeRTOS-Network-UI\Debug\libFreeRTOS-Network-UI.a(nettransport.o)
                0x00001f0c                netTRANSPORT_Send
 .text.netTRANSPORT_Recv
                0x0000207c      0x144 C:\Users\alext\Desktop\SE\Workspace\FreeRTOS-Network-UI\Debug\libFreeRTOS-Network-UI.a(nettransport.o)
                0x0000207c                netTRANSPORT_Recv
 .text.netWIFI_Init
                0x000021c0       0x8c C:\Users\alext\Desktop\SE\Workspace\FreeRTOS-Network-UI\Debug\libFreeRTOS-Network-UI.a(netwifi.o)
                0x000021c0                netWIFI_Init
 .text.netWIFI_Connect
                0x0000224c       0x7c C:\Users\alext\Desktop\SE\Workspace\FreeRTOS-Network-UI\Debug\libFreeRTOS-Network-UI.a(netwifi.o)
                0x0000224c                netWIFI_Connect
 .text.netWIFI_Disconnect
                0x000022c8       0x60 C:\Users\alext\Desktop\SE\Workspace\FreeRTOS-Network-UI\Debug\libFreeRTOS-Network-UI.a(netwifi.o)
                0x000022c8                netWIFI_Disconnect
 .text.netWIFI_Check
                0x00002328       0x60 C:\Users\alext\Desktop\SE\Workspace\FreeRTOS-Network-UI\Debug\libFreeRTOS-Network-UI.a(netwifi.o)
                0x00002328                netWIFI_Check
 .text.netWIFI_Scan
                0x00002388       0x68 C:\Users\alext\Desktop\SE\Workspace\FreeRTOS-Network-UI\Debug\libFreeRTOS-Network-UI.a(netwifi.o)
                0x00002388                netWIFI_Scan
 .text.netWIFI_ScannedSSID
                0x000023f0       0x68 C:\Users\alext\Desktop\SE\Workspace\FreeRTOS-Network-UI\Debug\libFreeRTOS-Network-UI.a(netwifi.o)
                0x000023f0                netWIFI_ScannedSSID
 .text.netWIFI_xConnect
                0x00002458       0x88 C:\Users\alext\Desktop\SE\Workspace\FreeRTOS-Network-UI\Debug\libFreeRTOS-Network-UI.a(netwifi.o)
                0x00002458                netWIFI_xConnect
 .text.netWIFI_xDisconnect
                0x000024e0       0x50 C:\Users\alext\Desktop\SE\Workspace\FreeRTOS-Network-UI\Debug\libFreeRTOS-Network-UI.a(netwifi.o)
                0x000024e0                netWIFI_xDisconnect
 .text.netWIFI_xCheck
                0x00002530       0xf4 C:\Users\alext\Desktop\SE\Workspace\FreeRTOS-Network-UI\Debug\libFreeRTOS-Network-UI.a(netwifi.o)
                0x00002530                netWIFI_xCheck
 .text.netWIFI_xScan
                0x00002624      0x348 C:\Users\alext\Desktop\SE\Workspace\FreeRTOS-Network-UI\Debug\libFreeRTOS-Network-UI.a(netwifi.o)
                0x00002624                netWIFI_xScan
 .text.netWIFI_xScannedSSID
                0x0000296c       0x48 C:\Users\alext\Desktop\SE\Workspace\FreeRTOS-Network-UI\Debug\libFreeRTOS-Network-UI.a(netwifi.o)
                0x0000296c                netWIFI_xScannedSSID
 .text.netWIFI_Task
                0x000029b4       0xec C:\Users\alext\Desktop\SE\Workspace\FreeRTOS-Network-UI\Debug\libFreeRTOS-Network-UI.a(netwifi.o)
                0x000029b4                netWIFI_Task
 .text.transport_sendPacketBuffernb_start
                0x00002aa0       0x2c C:\Users\alext\Desktop\SE\Workspace\FreeRTOS-Network-UI\Debug\libFreeRTOS-Network-UI.a(transport.o)
                0x00002aa0                transport_sendPacketBuffernb_start
 .text.transport_sendPacketBuffernb
                0x00002acc       0x9c C:\Users\alext\Desktop\SE\Workspace\FreeRTOS-Network-UI\Debug\libFreeRTOS-Network-UI.a(transport.o)
                0x00002acc                transport_sendPacketBuffernb
 .text.transport_sendPacketBuffer
                0x00002b68       0x3c C:\Users\alext\Desktop\SE\Workspace\FreeRTOS-Network-UI\Debug\libFreeRTOS-Network-UI.a(transport.o)
                0x00002b68                transport_sendPacketBuffer
 .text.transport_getdatanb
                0x00002ba4       0x60 C:\Users\alext\Desktop\SE\Workspace\FreeRTOS-Network-UI\Debug\libFreeRTOS-Network-UI.a(transport.o)
                0x00002ba4                transport_getdatanb
 .text.transport_open
                0x00002c04       0x24 C:\Users\alext\Desktop\SE\Workspace\FreeRTOS-Network-UI\Debug\libFreeRTOS-Network-UI.a(transport.o)
                0x00002c04                transport_open
 .text.uiMENU_Generate
                0x00002c28       0x8c C:\Users\alext\Desktop\SE\Workspace\FreeRTOS-Network-UI\Debug\libFreeRTOS-Network-UI.a(uimenu.o)
                0x00002c28                uiMENU_Generate
 .text.uiMENU_Destroy
                0x00002cb4       0x3c C:\Users\alext\Desktop\SE\Workspace\FreeRTOS-Network-UI\Debug\libFreeRTOS-Network-UI.a(uimenu.o)
                0x00002cb4                uiMENU_Destroy
 .text.uiMENU_Execute
                0x00002cf0      0x14c C:\Users\alext\Desktop\SE\Workspace\FreeRTOS-Network-UI\Debug\libFreeRTOS-Network-UI.a(uimenu.o)
                0x00002cf0                uiMENU_Execute
 .text.uiMENU_SelectOptions
                0x00002e3c      0x1ec C:\Users\alext\Desktop\SE\Workspace\FreeRTOS-Network-UI\Debug\libFreeRTOS-Network-UI.a(uimenu.o)
                0x00002e3c                uiMENU_SelectOptions
 .text.uiMENU_Ask
                0x00003028       0x3c C:\Users\alext\Desktop\SE\Workspace\FreeRTOS-Network-UI\Debug\libFreeRTOS-Network-UI.a(uimenu.o)
                0x00003028                uiMENU_Ask
 .text.uiMENU_ExecuteCMD
                0x00003064      0x154 C:\Users\alext\Desktop\SE\Workspace\FreeRTOS-Network-UI\Debug\libFreeRTOS-Network-UI.a(uimenu.o)
                0x00003064                uiMENU_ExecuteCMD
 .text.uiMENU_InputData
                0x000031b8      0x410 C:\Users\alext\Desktop\SE\Workspace\FreeRTOS-Network-UI\Debug\libFreeRTOS-Network-UI.a(uimenu.o)
                0x000031b8                uiMENU_InputData
 .text.uiMENU_FillString
                0x000035c8       0x5e C:\Users\alext\Desktop\SE\Workspace\FreeRTOS-Network-UI\Debug\libFreeRTOS-Network-UI.a(uimenu.o)
                0x000035c8                uiMENU_FillString
 .text.uiENCODER_Handle
                0x00003626       0x5e C:\Users\alext\Desktop\SE\Workspace\FreeRTOS-Network-UI\Debug\libFreeRTOS-Network-UI.a(uimenu.o)
                0x00003626                uiENCODER_Handle
 .text.uiMENU_BlinkStr
                0x00003684       0xf0 C:\Users\alext\Desktop\SE\Workspace\FreeRTOS-Network-UI\Debug\libFreeRTOS-Network-UI.a(uimenu.o)
                0x00003684                uiMENU_BlinkStr
 .text.uiMENU_BlinkStrClear
                0x00003774       0x96 C:\Users\alext\Desktop\SE\Workspace\FreeRTOS-Network-UI\Debug\libFreeRTOS-Network-UI.a(uimenu.o)
                0x00003774                uiMENU_BlinkStrClear
 .text.MQTTSerialize_connectLength
                0x0000380a       0xc2 C:\Users\alext\Desktop\SE\Workspace\MQTTPacket\Debug\libMQTTPacket.a(MQTTConnectClient.o)
                0x0000380a                MQTTSerialize_connectLength
 .text.MQTTSerialize_connect
                0x000038cc      0x1d8 C:\Users\alext\Desktop\SE\Workspace\MQTTPacket\Debug\libMQTTPacket.a(MQTTConnectClient.o)
                0x000038cc                MQTTSerialize_connect
 .text.MQTTDeserialize_connack
                0x00003aa4       0xaa C:\Users\alext\Desktop\SE\Workspace\MQTTPacket\Debug\libMQTTPacket.a(MQTTConnectClient.o)
                0x00003aa4                MQTTDeserialize_connack
 .text.MQTTPacket_encode
                0x00003b4e       0x5c C:\Users\alext\Desktop\SE\Workspace\MQTTPacket\Debug\libMQTTPacket.a(MQTTPacket.o)
                0x00003b4e                MQTTPacket_encode
 .text.MQTTPacket_decode
                0x00003baa       0x78 C:\Users\alext\Desktop\SE\Workspace\MQTTPacket\Debug\libMQTTPacket.a(MQTTPacket.o)
                0x00003baa                MQTTPacket_decode
 *fill*         0x00003c22        0x2 ff
 .text.MQTTPacket_len
                0x00003c24       0x54 C:\Users\alext\Desktop\SE\Workspace\MQTTPacket\Debug\libMQTTPacket.a(MQTTPacket.o)
                0x00003c24                MQTTPacket_len
 .text.bufchar  0x00003c78       0x40 C:\Users\alext\Desktop\SE\Workspace\MQTTPacket\Debug\libMQTTPacket.a(MQTTPacket.o)
                0x00003c78                bufchar
 .text.MQTTPacket_decodeBuf
                0x00003cb8       0x2c C:\Users\alext\Desktop\SE\Workspace\MQTTPacket\Debug\libMQTTPacket.a(MQTTPacket.o)
                0x00003cb8                MQTTPacket_decodeBuf
 .text.readChar
                0x00003ce4       0x26 C:\Users\alext\Desktop\SE\Workspace\MQTTPacket\Debug\libMQTTPacket.a(MQTTPacket.o)
                0x00003ce4                readChar
 .text.writeChar
                0x00003d0a       0x28 C:\Users\alext\Desktop\SE\Workspace\MQTTPacket\Debug\libMQTTPacket.a(MQTTPacket.o)
                0x00003d0a                writeChar
 .text.writeInt
                0x00003d32       0x50 C:\Users\alext\Desktop\SE\Workspace\MQTTPacket\Debug\libMQTTPacket.a(MQTTPacket.o)
                0x00003d32                writeInt
 .text.writeCString
                0x00003d82       0x3e C:\Users\alext\Desktop\SE\Workspace\MQTTPacket\Debug\libMQTTPacket.a(MQTTPacket.o)
                0x00003d82                writeCString
 .text.writeMQTTString
                0x00003dc0       0x5c C:\Users\alext\Desktop\SE\Workspace\MQTTPacket\Debug\libMQTTPacket.a(MQTTPacket.o)
                0x00003dc0                writeMQTTString
 .text.MQTTstrlen
                0x00003e1c       0x32 C:\Users\alext\Desktop\SE\Workspace\MQTTPacket\Debug\libMQTTPacket.a(MQTTPacket.o)
                0x00003e1c                MQTTstrlen
 .text.MQTTPacket_decodenb
                0x00003e4e       0x9c C:\Users\alext\Desktop\SE\Workspace\MQTTPacket\Debug\libMQTTPacket.a(MQTTPacket.o)
 .text.MQTTPacket_readnb
                0x00003eea      0x13a C:\Users\alext\Desktop\SE\Workspace\MQTTPacket\Debug\libMQTTPacket.a(MQTTPacket.o)
                0x00003eea                MQTTPacket_readnb
 .text.MQTTSerialize_publishLength
                0x00004024       0x40 C:\Users\alext\Desktop\SE\Workspace\MQTTPacket\Debug\libMQTTPacket.a(MQTTSerializePublish.o)
                0x00004024                MQTTSerialize_publishLength
 .text.MQTTSerialize_publish
                0x00004064       0xec C:\Users\alext\Desktop\SE\Workspace\MQTTPacket\Debug\libMQTTPacket.a(MQTTSerializePublish.o)
                0x00004064                MQTTSerialize_publish
 .text.rtosBH1750_Task
                0x00004150       0xc8 C:\Users\alext\Desktop\SE\Workspace\FreeRTOS-Drivers\Debug\libFreeRTOS-Drivers.a(rtosbh1750.o)
                0x00004150                rtosBH1750_Task
 .text.rtosBH1750_Init
                0x00004218       0x8c C:\Users\alext\Desktop\SE\Workspace\FreeRTOS-Drivers\Debug\libFreeRTOS-Drivers.a(rtosbh1750.o)
                0x00004218                rtosBH1750_Init
 .text.rtosBH1750_ConfigureMode
                0x000042a4       0x6c C:\Users\alext\Desktop\SE\Workspace\FreeRTOS-Drivers\Debug\libFreeRTOS-Drivers.a(rtosbh1750.o)
                0x000042a4                rtosBH1750_ConfigureMode
 .text.rtosBH1750_SetMeasurementTime
                0x00004310       0x6c C:\Users\alext\Desktop\SE\Workspace\FreeRTOS-Drivers\Debug\libFreeRTOS-Drivers.a(rtosbh1750.o)
                0x00004310                rtosBH1750_SetMeasurementTime
 .text.rtosBH1750_Ready
                0x0000437c       0x6c C:\Users\alext\Desktop\SE\Workspace\FreeRTOS-Drivers\Debug\libFreeRTOS-Drivers.a(rtosbh1750.o)
                0x0000437c                rtosBH1750_Ready
 .text.rtosBH1750_GetLight
                0x000043e8       0x60 C:\Users\alext\Desktop\SE\Workspace\FreeRTOS-Drivers\Debug\libFreeRTOS-Drivers.a(rtosbh1750.o)
                0x000043e8                rtosBH1750_GetLight
 .text.rtosENCODER_Task
                0x00004448       0x78 C:\Users\alext\Desktop\SE\Workspace\FreeRTOS-Drivers\Debug\libFreeRTOS-Drivers.a(rtosencoder.o)
                0x00004448                rtosENCODER_Task
 .text.rtosENCODER_Init
                0x000044c0       0x8c C:\Users\alext\Desktop\SE\Workspace\FreeRTOS-Drivers\Debug\libFreeRTOS-Drivers.a(rtosencoder.o)
                0x000044c0                rtosENCODER_Init
 .text.rtosENCODER_GetButton
                0x0000454c       0x60 C:\Users\alext\Desktop\SE\Workspace\FreeRTOS-Drivers\Debug\libFreeRTOS-Drivers.a(rtosencoder.o)
                0x0000454c                rtosENCODER_GetButton
 .text.rtosENCODER_GetValue
                0x000045ac       0x64 C:\Users\alext\Desktop\SE\Workspace\FreeRTOS-Drivers\Debug\libFreeRTOS-Drivers.a(rtosencoder.o)
                0x000045ac                rtosENCODER_GetValue
 .text.rtosESPSERIAL_Init
                0x00004610      0x108 C:\Users\alext\Desktop\SE\Workspace\FreeRTOS-Drivers\Debug\libFreeRTOS-Drivers.a(rtosespserial.o)
                0x00004610                rtosESPSERIAL_Init
 .text.rtosESPSERIAL_LockBegin
                0x00004718       0x18 C:\Users\alext\Desktop\SE\Workspace\FreeRTOS-Drivers\Debug\libFreeRTOS-Drivers.a(rtosespserial.o)
                0x00004718                rtosESPSERIAL_LockBegin
 .text.rtosESPSERIAL_LockEnd
                0x00004730       0x18 C:\Users\alext\Desktop\SE\Workspace\FreeRTOS-Drivers\Debug\libFreeRTOS-Drivers.a(rtosespserial.o)
                0x00004730                rtosESPSERIAL_LockEnd
 .text.rtosESPSERIAL_Refresh
                0x00004748       0x7c C:\Users\alext\Desktop\SE\Workspace\FreeRTOS-Drivers\Debug\libFreeRTOS-Drivers.a(rtosespserial.o)
                0x00004748                rtosESPSERIAL_Refresh
 .text.rtosESPSERIAL_Send
                0x000047c4       0x98 C:\Users\alext\Desktop\SE\Workspace\FreeRTOS-Drivers\Debug\libFreeRTOS-Drivers.a(rtosespserial.o)
                0x000047c4                rtosESPSERIAL_Send
 .text.rtosESPSERIAL_Recv
                0x0000485c       0x98 C:\Users\alext\Desktop\SE\Workspace\FreeRTOS-Drivers\Debug\libFreeRTOS-Drivers.a(rtosespserial.o)
                0x0000485c                rtosESPSERIAL_Recv
 .text.rtosESPSERIAL_ReadLine
                0x000048f4       0x8c C:\Users\alext\Desktop\SE\Workspace\FreeRTOS-Drivers\Debug\libFreeRTOS-Drivers.a(rtosespserial.o)
                0x000048f4                rtosESPSERIAL_ReadLine
 .text.rtosESPSERIAL_FindStr
                0x00004980       0x94 C:\Users\alext\Desktop\SE\Workspace\FreeRTOS-Drivers\Debug\libFreeRTOS-Drivers.a(rtosespserial.o)
                0x00004980                rtosESPSERIAL_FindStr
 .text.rtosESPSERIAL_WaitStr
                0x00004a14       0x94 C:\Users\alext\Desktop\SE\Workspace\FreeRTOS-Drivers\Debug\libFreeRTOS-Drivers.a(rtosespserial.o)
                0x00004a14                rtosESPSERIAL_WaitStr
 .text.rtosESPSERIAL_SendAT
                0x00004aa8       0x94 C:\Users\alext\Desktop\SE\Workspace\FreeRTOS-Drivers\Debug\libFreeRTOS-Drivers.a(rtosespserial.o)
                0x00004aa8                rtosESPSERIAL_SendAT
 .text.rtosESPSERIAL_xParseStatus
                0x00004b3c       0x64 C:\Users\alext\Desktop\SE\Workspace\FreeRTOS-Drivers\Debug\libFreeRTOS-Drivers.a(rtosespserial.o)
 .text.rtosESPSERIAL_xHandleStatus
                0x00004ba0       0x3c C:\Users\alext\Desktop\SE\Workspace\FreeRTOS-Drivers\Debug\libFreeRTOS-Drivers.a(rtosespserial.o)
 .text.rtosESPSERIAL_xRefresh
                0x00004bdc       0x98 C:\Users\alext\Desktop\SE\Workspace\FreeRTOS-Drivers\Debug\libFreeRTOS-Drivers.a(rtosespserial.o)
                0x00004bdc                rtosESPSERIAL_xRefresh
 .text.rtosESPSERIAL_xClear
                0x00004c74       0x44 C:\Users\alext\Desktop\SE\Workspace\FreeRTOS-Drivers\Debug\libFreeRTOS-Drivers.a(rtosespserial.o)
                0x00004c74                rtosESPSERIAL_xClear
 .text.rtosESPSERIAL_xSend
                0x00004cb8       0x26 C:\Users\alext\Desktop\SE\Workspace\FreeRTOS-Drivers\Debug\libFreeRTOS-Drivers.a(rtosespserial.o)
                0x00004cb8                rtosESPSERIAL_xSend
 *fill*         0x00004cde        0x2 ff
 .text.rtosESPSERIAL_xRecv
                0x00004ce0       0x78 C:\Users\alext\Desktop\SE\Workspace\FreeRTOS-Drivers\Debug\libFreeRTOS-Drivers.a(rtosespserial.o)
                0x00004ce0                rtosESPSERIAL_xRecv
 .text.rtosESPSERIAL_xReadLine
                0x00004d58       0x84 C:\Users\alext\Desktop\SE\Workspace\FreeRTOS-Drivers\Debug\libFreeRTOS-Drivers.a(rtosespserial.o)
                0x00004d58                rtosESPSERIAL_xReadLine
 .text.rtosESPSERIAL_xFindStr
                0x00004ddc       0x80 C:\Users\alext\Desktop\SE\Workspace\FreeRTOS-Drivers\Debug\libFreeRTOS-Drivers.a(rtosespserial.o)
                0x00004ddc                rtosESPSERIAL_xFindStr
 .text.rtosESPSERIAL_xWaitResp
                0x00004e5c      0x11c C:\Users\alext\Desktop\SE\Workspace\FreeRTOS-Drivers\Debug\libFreeRTOS-Drivers.a(rtosespserial.o)
                0x00004e5c                rtosESPSERIAL_xWaitResp
 .text.rtosESPSERIAL_xWaitStr
                0x00004f78       0xd8 C:\Users\alext\Desktop\SE\Workspace\FreeRTOS-Drivers\Debug\libFreeRTOS-Drivers.a(rtosespserial.o)
                0x00004f78                rtosESPSERIAL_xWaitStr
 .text.rtosESPSERIAL_xSendAT
                0x00005050       0xc8 C:\Users\alext\Desktop\SE\Workspace\FreeRTOS-Drivers\Debug\libFreeRTOS-Drivers.a(rtosespserial.o)
                0x00005050                rtosESPSERIAL_xSendAT
 .text.rtosESPSERIAL_Setup
                0x00005118      0x20c C:\Users\alext\Desktop\SE\Workspace\FreeRTOS-Drivers\Debug\libFreeRTOS-Drivers.a(rtosespserial.o)
                0x00005118                rtosESPSERIAL_Setup
 .text.rtosESPSERIAL_SetupTask
                0x00005324       0x22 C:\Users\alext\Desktop\SE\Workspace\FreeRTOS-Drivers\Debug\libFreeRTOS-Drivers.a(rtosespserial.o)
 *fill*         0x00005346        0x2 ff
 .text.rtosESPSERIAL_Task
                0x00005348      0x150 C:\Users\alext\Desktop\SE\Workspace\FreeRTOS-Drivers\Debug\libFreeRTOS-Drivers.a(rtosespserial.o)
 .text.rtosLCDText_ReceiverTask
                0x00005498       0xf8 C:\Users\alext\Desktop\SE\Workspace\FreeRTOS-Drivers\Debug\libFreeRTOS-Drivers.a(rtoslcd.o)
                0x00005498                rtosLCDText_ReceiverTask
 .text.rtosLCDText_Init
                0x00005590       0x84 C:\Users\alext\Desktop\SE\Workspace\FreeRTOS-Drivers\Debug\libFreeRTOS-Drivers.a(rtoslcd.o)
                0x00005590                rtosLCDText_Init
 .text.rtosLCDText_WriteString
                0x00005614       0x88 C:\Users\alext\Desktop\SE\Workspace\FreeRTOS-Drivers\Debug\libFreeRTOS-Drivers.a(rtoslcd.o)
                0x00005614                rtosLCDText_WriteString
 .text.rtosLCDText_Clear
                0x0000569c       0x5c C:\Users\alext\Desktop\SE\Workspace\FreeRTOS-Drivers\Debug\libFreeRTOS-Drivers.a(rtoslcd.o)
                0x0000569c                rtosLCDText_Clear
 .text.rtosLCDText_Locate
                0x000056f8       0x70 C:\Users\alext\Desktop\SE\Workspace\FreeRTOS-Drivers\Debug\libFreeRTOS-Drivers.a(rtoslcd.o)
                0x000056f8                rtosLCDText_Locate
 .text.rtosLCDText_Printf
                0x00005768       0x9c C:\Users\alext\Desktop\SE\Workspace\FreeRTOS-Drivers\Debug\libFreeRTOS-Drivers.a(rtoslcd.o)
                0x00005768                rtosLCDText_Printf
 .text.rtosLED_Task
                0x00005804       0x88 C:\Users\alext\Desktop\SE\Workspace\FreeRTOS-Drivers\Debug\libFreeRTOS-Drivers.a(rtosled.o)
                0x00005804                rtosLED_Task
 .text.rtosLED_Init
                0x0000588c       0x9c C:\Users\alext\Desktop\SE\Workspace\FreeRTOS-Drivers\Debug\libFreeRTOS-Drivers.a(rtosled.o)
                0x0000588c                rtosLED_Init
 .text.rtosLED_On
                0x00005928       0x38 C:\Users\alext\Desktop\SE\Workspace\FreeRTOS-Drivers\Debug\libFreeRTOS-Drivers.a(rtosled.o)
                0x00005928                rtosLED_On
 .text.rtosLED_Off
                0x00005960       0x38 C:\Users\alext\Desktop\SE\Workspace\FreeRTOS-Drivers\Debug\libFreeRTOS-Drivers.a(rtosled.o)
                0x00005960                rtosLED_Off
 .text.rtosLOCK_Init
                0x00005998       0x30 C:\Users\alext\Desktop\SE\Workspace\FreeRTOS-Drivers\Debug\libFreeRTOS-Drivers.a(rtoslock.o)
                0x00005998                rtosLOCK_Init
 .text.rtosLOCK_Begin
                0x000059c8       0x52 C:\Users\alext\Desktop\SE\Workspace\FreeRTOS-Drivers\Debug\libFreeRTOS-Drivers.a(rtoslock.o)
                0x000059c8                rtosLOCK_Begin
 .text.rtosLOCK_End
                0x00005a1a       0x4e C:\Users\alext\Desktop\SE\Workspace\FreeRTOS-Drivers\Debug\libFreeRTOS-Drivers.a(rtoslock.o)
                0x00005a1a                rtosLOCK_End
 .text.rtosPIR_TMR
                0x00005a68       0x3c C:\Users\alext\Desktop\SE\Workspace\FreeRTOS-Drivers\Debug\libFreeRTOS-Drivers.a(rtospir.o)
                0x00005a68                rtosPIR_TMR
 .text.rtosPIR_Init
                0x00005aa4       0x90 C:\Users\alext\Desktop\SE\Workspace\FreeRTOS-Drivers\Debug\libFreeRTOS-Drivers.a(rtospir.o)
                0x00005aa4                rtosPIR_Init
 .text.rtosPIR_GetValue
                0x00005b34       0x14 C:\Users\alext\Desktop\SE\Workspace\FreeRTOS-Drivers\Debug\libFreeRTOS-Drivers.a(rtospir.o)
                0x00005b34                rtosPIR_GetValue
 .text.rtosRTC_Task
                0x00005b48       0xf0 C:\Users\alext\Desktop\SE\Workspace\FreeRTOS-Drivers\Debug\libFreeRTOS-Drivers.a(rtosrtc.o)
                0x00005b48                rtosRTC_Task
 .text.rtosRTC_Init
                0x00005c38       0xa4 C:\Users\alext\Desktop\SE\Workspace\FreeRTOS-Drivers\Debug\libFreeRTOS-Drivers.a(rtosrtc.o)
                0x00005c38                rtosRTC_Init
 .text.rtosRTC_GetValue
                0x00005cdc       0x54 C:\Users\alext\Desktop\SE\Workspace\FreeRTOS-Drivers\Debug\libFreeRTOS-Drivers.a(rtosrtc.o)
                0x00005cdc                rtosRTC_GetValue
 .text.rtosRTC_SetValue
                0x00005d30       0x54 C:\Users\alext\Desktop\SE\Workspace\FreeRTOS-Drivers\Debug\libFreeRTOS-Drivers.a(rtosrtc.o)
                0x00005d30                rtosRTC_SetValue
 .text.rtosTIMEOUT_Start
                0x00005d84        0xe C:\Users\alext\Desktop\SE\Workspace\FreeRTOS-Drivers\Debug\libFreeRTOS-Drivers.a(rtostimeout.o)
                0x00005d84                rtosTIMEOUT_Start
 .text.rtosTIMEOUT_Expired
                0x00005d92       0x28 C:\Users\alext\Desktop\SE\Workspace\FreeRTOS-Drivers\Debug\libFreeRTOS-Drivers.a(rtostimeout.o)
                0x00005d92                rtosTIMEOUT_Expired
 *fill*         0x00005dba        0x2 ff
 .text.Read     0x00005dbc       0x54 C:\Users\alext\Desktop\SE\Workspace\DRIVERS\Release\libDRIVERS.a(bh1750.o)
 .text.Write    0x00005e10       0x60 C:\Users\alext\Desktop\SE\Workspace\DRIVERS\Release\libDRIVERS.a(bh1750.o)
 .text.BH1750_Init
                0x00005e70       0x48 C:\Users\alext\Desktop\SE\Workspace\DRIVERS\Release\libDRIVERS.a(bh1750.o)
                0x00005e70                BH1750_Init
 .text.BH1750_ConfigureMode
                0x00005eb8       0x38 C:\Users\alext\Desktop\SE\Workspace\DRIVERS\Release\libDRIVERS.a(bh1750.o)
                0x00005eb8                BH1750_ConfigureMode
 .text.BH1750_SetMeasurementTime
                0x00005ef0       0x34 C:\Users\alext\Desktop\SE\Workspace\DRIVERS\Release\libDRIVERS.a(bh1750.o)
                0x00005ef0                BH1750_SetMeasurementTime
 .text.BH1750_Ready
                0x00005f24      0x120 C:\Users\alext\Desktop\SE\Workspace\DRIVERS\Release\libDRIVERS.a(bh1750.o)
                0x00005f24                BH1750_Ready
 .text.BH1750_GetLight
                0x00006044       0xa8 C:\Users\alext\Desktop\SE\Workspace\DRIVERS\Release\libDRIVERS.a(bh1750.o)
                0x00006044                BH1750_GetLight
 .text.ReadValues
                0x000060ec       0x3c C:\Users\alext\Desktop\SE\Workspace\DRIVERS\Release\libDRIVERS.a(encoder.o)
 .text.ENCODER_Init
                0x00006128       0xa8 C:\Users\alext\Desktop\SE\Workspace\DRIVERS\Release\libDRIVERS.a(encoder.o)
                0x00006128                ENCODER_Init
 .text.EncoderHandler
                0x000061d0      0x128 C:\Users\alext\Desktop\SE\Workspace\DRIVERS\Release\libDRIVERS.a(encoder.o)
                0x000061d0                EncoderHandler
 .text.ENCODER_GetValue
                0x000062f8       0x4c C:\Users\alext\Desktop\SE\Workspace\DRIVERS\Release\libDRIVERS.a(encoder.o)
                0x000062f8                ENCODER_GetValue
 .text.ENCODER_GetButton
                0x00006344       0x2c C:\Users\alext\Desktop\SE\Workspace\DRIVERS\Release\libDRIVERS.a(encoder.o)
                0x00006344                ENCODER_GetButton
 .text.ESPSERIAL_Send
                0x00006370       0x1c C:\Users\alext\Desktop\SE\Workspace\DRIVERS\Release\libDRIVERS.a(espserial.o)
                0x00006370                ESPSERIAL_Send
 .text.ESPSERIAL_Recv
                0x0000638c       0x1e C:\Users\alext\Desktop\SE\Workspace\DRIVERS\Release\libDRIVERS.a(espserial.o)
                0x0000638c                ESPSERIAL_Recv
 .text.ESPSERIAL_Init
                0x000063aa       0x42 C:\Users\alext\Desktop\SE\Workspace\DRIVERS\Release\libDRIVERS.a(espserial.o)
                0x000063aa                ESPSERIAL_Init
 .text.LCDText_WriteNibble
                0x000063ec       0x54 C:\Users\alext\Desktop\SE\Workspace\DRIVERS\Release\libDRIVERS.a(lcdtext.o)
 .text.LCDText_WriteByte
                0x00006440       0x44 C:\Users\alext\Desktop\SE\Workspace\DRIVERS\Release\libDRIVERS.a(lcdtext.o)
 .text.LCDText_Init
                0x00006484       0xe8 C:\Users\alext\Desktop\SE\Workspace\DRIVERS\Release\libDRIVERS.a(lcdtext.o)
                0x00006484                LCDText_Init
 .text.LCDText_WriteChar
                0x0000656c       0x78 C:\Users\alext\Desktop\SE\Workspace\DRIVERS\Release\libDRIVERS.a(lcdtext.o)
                0x0000656c                LCDText_WriteChar
 .text.LCDText_WriteString
                0x000065e4       0x2c C:\Users\alext\Desktop\SE\Workspace\DRIVERS\Release\libDRIVERS.a(lcdtext.o)
                0x000065e4                LCDText_WriteString
 .text.LCDText_Clear
                0x00006610       0x2c C:\Users\alext\Desktop\SE\Workspace\DRIVERS\Release\libDRIVERS.a(lcdtext.o)
                0x00006610                LCDText_Clear
 .text.LCDText_WriteLine
                0x0000663c       0x32 C:\Users\alext\Desktop\SE\Workspace\DRIVERS\Release\libDRIVERS.a(lcdtext.o)
                0x0000663c                LCDText_WriteLine
 *fill*         0x0000666e        0x2 ff
 .text.LCDText_Locate
                0x00006670       0x50 C:\Users\alext\Desktop\SE\Workspace\DRIVERS\Release\libDRIVERS.a(lcdtext.o)
                0x00006670                LCDText_Locate
 .text.LCDText_CursorOn
                0x000066c0       0x10 C:\Users\alext\Desktop\SE\Workspace\DRIVERS\Release\libDRIVERS.a(lcdtext.o)
                0x000066c0                LCDText_CursorOn
 .text.LCDText_CursorOff
                0x000066d0       0x10 C:\Users\alext\Desktop\SE\Workspace\DRIVERS\Release\libDRIVERS.a(lcdtext.o)
                0x000066d0                LCDText_CursorOff
 .text.LCDText_On
                0x000066e0       0x10 C:\Users\alext\Desktop\SE\Workspace\DRIVERS\Release\libDRIVERS.a(lcdtext.o)
                0x000066e0                LCDText_On
 .text.LCDText_Off
                0x000066f0       0x10 C:\Users\alext\Desktop\SE\Workspace\DRIVERS\Release\libDRIVERS.a(lcdtext.o)
                0x000066f0                LCDText_Off
 .text.LCDText_CreateChar
                0x00006700       0x56 C:\Users\alext\Desktop\SE\Workspace\DRIVERS\Release\libDRIVERS.a(lcdtext.o)
                0x00006700                LCDText_CreateChar
 .text.LED_Init
                0x00006756       0x32 C:\Users\alext\Desktop\SE\Workspace\DRIVERS\Release\libDRIVERS.a(led.o)
                0x00006756                LED_Init
 .text.LED_GetState
                0x00006788       0x10 C:\Users\alext\Desktop\SE\Workspace\DRIVERS\Release\libDRIVERS.a(led.o)
                0x00006788                LED_GetState
 .text.LED_On   0x00006798        0xe C:\Users\alext\Desktop\SE\Workspace\DRIVERS\Release\libDRIVERS.a(led.o)
                0x00006798                LED_On
 .text.LED_Off  0x000067a6        0xe C:\Users\alext\Desktop\SE\Workspace\DRIVERS\Release\libDRIVERS.a(led.o)
                0x000067a6                LED_Off
 .text.LED_Toggle
                0x000067b4       0x1c C:\Users\alext\Desktop\SE\Workspace\DRIVERS\Release\libDRIVERS.a(led.o)
                0x000067b4                LED_Toggle
 .text.PIR_Init
                0x000067d0       0x2c C:\Users\alext\Desktop\SE\Workspace\DRIVERS\Release\libDRIVERS.a(pir.o)
                0x000067d0                PIR_Init
 .text.PIR_GetValue
                0x000067fc       0x10 C:\Users\alext\Desktop\SE\Workspace\DRIVERS\Release\libDRIVERS.a(pir.o)
                0x000067fc                PIR_GetValue
 .text.RTC_Init
                0x0000680c       0x30 C:\Users\alext\Desktop\SE\Workspace\DRIVERS\Release\libDRIVERS.a(rtc.o)
                0x0000680c                RTC_Init
 .text.RTC_InitSeconds
                0x0000683c       0x22 C:\Users\alext\Desktop\SE\Workspace\DRIVERS\Release\libDRIVERS.a(rtc.o)
                0x0000683c                RTC_InitSeconds
 .text.RTC_SetSeconds
                0x0000685e       0x22 C:\Users\alext\Desktop\SE\Workspace\DRIVERS\Release\libDRIVERS.a(rtc.o)
                0x0000685e                RTC_SetSeconds
 .text.RTC_GetSeconds
                0x00006880       0x24 C:\Users\alext\Desktop\SE\Workspace\DRIVERS\Release\libDRIVERS.a(rtc.o)
                0x00006880                RTC_GetSeconds
 .text.RTC_GetValue
                0x000068a4       0x16 C:\Users\alext\Desktop\SE\Workspace\DRIVERS\Release\libDRIVERS.a(rtc.o)
                0x000068a4                RTC_GetValue
 .text.RTC_SetValue
                0x000068ba       0x16 C:\Users\alext\Desktop\SE\Workspace\DRIVERS\Release\libDRIVERS.a(rtc.o)
                0x000068ba                RTC_SetValue
 .text.NVIC_EnableIRQ
                0x000068d0       0x30 C:\Users\alext\Desktop\SE\Workspace\DRIVERS\Release\libHAL.a(i2c.o)
 .text.I2C0_IRQHandler
                0x00006900      0x348 C:\Users\alext\Desktop\SE\Workspace\DRIVERS\Release\libHAL.a(i2c.o)
                0x00006900                I2C0_IRQHandler
 .text.I2C_Start
                0x00006c48       0x64 C:\Users\alext\Desktop\SE\Workspace\DRIVERS\Release\libHAL.a(i2c.o)
                0x00006c48                I2C_Start
 .text.I2C_Stop
                0x00006cac       0x2c C:\Users\alext\Desktop\SE\Workspace\DRIVERS\Release\libHAL.a(i2c.o)
                0x00006cac                I2C_Stop
 .text.I2C_Init
                0x00006cd8       0x68 C:\Users\alext\Desktop\SE\Workspace\DRIVERS\Release\libHAL.a(i2c.o)
                0x00006cd8                I2C_Init
 .text.I2C_SetFrequency
                0x00006d40       0x38 C:\Users\alext\Desktop\SE\Workspace\DRIVERS\Release\libHAL.a(i2c.o)
                0x00006d40                I2C_SetFrequency
 .text.I2C_Motor
                0x00006d78       0x44 C:\Users\alext\Desktop\SE\Workspace\DRIVERS\Release\libHAL.a(i2c.o)
                0x00006d78                I2C_Motor
 .text.PIN_Direction
                0x00006dbc       0x66 C:\Users\alext\Desktop\SE\Workspace\DRIVERS\Release\libHAL.a(pin.o)
                0x00006dbc                PIN_Direction
 .text.PIN_Set  0x00006e22       0x3c C:\Users\alext\Desktop\SE\Workspace\DRIVERS\Release\libHAL.a(pin.o)
                0x00006e22                PIN_Set
 .text.PIN_Clear
                0x00006e5e       0x3c C:\Users\alext\Desktop\SE\Workspace\DRIVERS\Release\libHAL.a(pin.o)
                0x00006e5e                PIN_Clear
 .text.PIN_Value
                0x00006e9a       0x4a C:\Users\alext\Desktop\SE\Workspace\DRIVERS\Release\libHAL.a(pin.o)
                0x00006e9a                PIN_Value
 .text.PIN_PortSet
                0x00006ee4       0x2a C:\Users\alext\Desktop\SE\Workspace\DRIVERS\Release\libHAL.a(pin.o)
                0x00006ee4                PIN_PortSet
 .text.PIN_PortClear
                0x00006f0e       0x2a C:\Users\alext\Desktop\SE\Workspace\DRIVERS\Release\libHAL.a(pin.o)
                0x00006f0e                PIN_PortClear
 .text.PIN_PortRead
                0x00006f38       0x26 C:\Users\alext\Desktop\SE\Workspace\DRIVERS\Release\libHAL.a(pin.o)
                0x00006f38                PIN_PortRead
 *fill*         0x00006f5e        0x2 ff
 .text.PINCFG_Function
                0x00006f60       0x8c C:\Users\alext\Desktop\SE\Workspace\DRIVERS\Release\libHAL.a(pinconfig.o)
                0x00006f60                PINCFG_Function
 .text.PINCFG_ResistorMode
                0x00006fec       0x8c C:\Users\alext\Desktop\SE\Workspace\DRIVERS\Release\libHAL.a(pinconfig.o)
                0x00006fec                PINCFG_ResistorMode
 .text.PINCFG_OpenDrainMode
                0x00007078       0x78 C:\Users\alext\Desktop\SE\Workspace\DRIVERS\Release\libHAL.a(pinconfig.o)
                0x00007078                PINCFG_OpenDrainMode
 .text.NVIC_EnableIRQ
                0x000070f0       0x30 C:\Users\alext\Desktop\SE\Workspace\DRIVERS\Release\libHAL.a(rit.o)
 .text.RIT_SetHandler
                0x00007120       0x68 C:\Users\alext\Desktop\SE\Workspace\DRIVERS\Release\libHAL.a(rit.o)
                0x00007120                RIT_SetHandler
 .text.RIT_Start
                0x00007188       0x28 C:\Users\alext\Desktop\SE\Workspace\DRIVERS\Release\libHAL.a(rit.o)
                0x00007188                RIT_Start
 .text.RIT_Restart
                0x000071b0       0x20 C:\Users\alext\Desktop\SE\Workspace\DRIVERS\Release\libHAL.a(rit.o)
                0x000071b0                RIT_Restart
 .text.RIT_IRQHandler
                0x000071d0       0x1c C:\Users\alext\Desktop\SE\Workspace\DRIVERS\Release\libHAL.a(rit.o)
                0x000071d0                RIT_IRQHandler
 .text.RTCHAL_Init
                0x000071ec       0x24 C:\Users\alext\Desktop\SE\Workspace\DRIVERS\Release\libHAL.a(rtchal.o)
                0x000071ec                RTCHAL_Init
 .text.RTCHAL_GetValue
                0x00007210       0xd0 C:\Users\alext\Desktop\SE\Workspace\DRIVERS\Release\libHAL.a(rtchal.o)
                0x00007210                RTCHAL_GetValue
 .text.RTCHAL_SetValue
                0x000072e0       0x8c C:\Users\alext\Desktop\SE\Workspace\DRIVERS\Release\libHAL.a(rtchal.o)
                0x000072e0                RTCHAL_SetValue
 .text.NVIC_EnableIRQ
                0x0000736c       0x30 C:\Users\alext\Desktop\SE\Workspace\DRIVERS\Release\libHAL.a(uart.o)
 .text.NVIC_SetPriority
                0x0000739c       0x54 C:\Users\alext\Desktop\SE\Workspace\DRIVERS\Release\libHAL.a(uart.o)
 .text.UARTSetDivisors
                0x000073f0      0x230 C:\Users\alext\Desktop\SE\Workspace\DRIVERS\Release\libHAL.a(uart.o)
 .text.UART_HwInitialize
                0x00007620       0x38 C:\Users\alext\Desktop\SE\Workspace\DRIVERS\Release\libHAL.a(uart.o)
                0x00007620                UART_HwInitialize
 .text.UART_Initialize
                0x00007658      0x11c C:\Users\alext\Desktop\SE\Workspace\DRIVERS\Release\libHAL.a(uart.o)
                0x00007658                UART_Initialize
 .text.UART3_IRQHandler
                0x00007774      0x150 C:\Users\alext\Desktop\SE\Workspace\DRIVERS\Release\libHAL.a(uart.o)
                0x00007774                UART3_IRQHandler
 .text.UART_ReadBuffer
                0x000078c4       0x8c C:\Users\alext\Desktop\SE\Workspace\DRIVERS\Release\libHAL.a(uart.o)
                0x000078c4                UART_ReadBuffer
 .text.UART_WriteBuffer
                0x00007950      0x110 C:\Users\alext\Desktop\SE\Workspace\DRIVERS\Release\libHAL.a(uart.o)
                0x00007950                UART_WriteBuffer
 .text.WAIT_Milliseconds
                0x00007a60       0x2c C:\Users\alext\Desktop\SE\Workspace\DRIVERS\Release\libHAL.a(wait.o)
                0x00007a60                WAIT_Milliseconds
 .text.WAIT_GetElapsedMillis
                0x00007a8c       0x1a C:\Users\alext\Desktop\SE\Workspace\DRIVERS\Release\libHAL.a(wait.o)
                0x00007a8c                WAIT_GetElapsedMillis
 *fill*         0x00007aa6        0x2 ff
 .text.WAIT_Init
                0x00007aa8       0x28 C:\Users\alext\Desktop\SE\Workspace\DRIVERS\Release\libHAL.a(wait.o)
                0x00007aa8                WAIT_Init
 .text.Timer0Init
                0x00007ad0       0x5c C:\Users\alext\Desktop\SE\Workspace\DRIVERS\Release\libHAL.a(wait.o)
 .text.WAIT_StopWatch
                0x00007b2c       0x46 C:\Users\alext\Desktop\SE\Workspace\DRIVERS\Release\libHAL.a(wait.o)
                0x00007b2c                WAIT_StopWatch
 *fill*         0x00007b72        0x2 ff
 .text.TIMER_RuntimeStatsConfig
                0x00007b74       0x64 C:\Users\alext\Desktop\SE\Workspace\DRIVERS\Release\libHAL.a(wait.o)
                0x00007b74                TIMER_RuntimeStatsConfig
 .text.TIMER_RuntimeStatsGet
                0x00007bd8       0x14 C:\Users\alext\Desktop\SE\Workspace\DRIVERS\Release\libHAL.a(wait.o)
                0x00007bd8                TIMER_RuntimeStatsGet
 .text.GetPCLKSEL
                0x00007bec       0x40 C:\Users\alext\Desktop\SE\Workspace\DRIVERS\Release\libHAL.a(clockpower.o)
 .text.CLKPWR_GetPClk
                0x00007c2c       0x60 C:\Users\alext\Desktop\SE\Workspace\DRIVERS\Release\libHAL.a(clockpower.o)
                0x00007c2c                CLKPWR_GetPClk
 .text.CLKPWR_SetPClk
                0x00007c8c       0x90 C:\Users\alext\Desktop\SE\Workspace\DRIVERS\Release\libHAL.a(clockpower.o)
                0x00007c8c                CLKPWR_SetPClk
 .text.CLKPWR_ClockEnable
                0x00007d1c       0x38 C:\Users\alext\Desktop\SE\Workspace\DRIVERS\Release\libHAL.a(clockpower.o)
                0x00007d1c                CLKPWR_ClockEnable
 .text          0x00007d54      0x418 C:\Users\alext\Desktop\SE\Workspace\FreeRTOS-Kernel\Debug\libFreeRTOS-Kernel.a(heap_4.o)
                0x00007d54                pvPortMalloc
                0x00007e88                vPortFree
                0x00007f08                xPortGetFreeHeapSize
                0x00007f1c                xPortGetMinimumEverFreeHeapSize
                0x00007f30                vPortInitialiseBlocks
                0x000080b0                vPortGetHeapStats
 *fill*         0x0000816c        0x4 ff
 .text          0x00008170      0x264 C:\Users\alext\Desktop\SE\Workspace\FreeRTOS-Kernel\Debug\libFreeRTOS-Kernel.a(port.o)
                0x00008170                pxPortInitialiseStack
                0x000081fa                vPortSVCHandler
                0x00008242                xPortStartScheduler
                0x00008284                vPortEndScheduler
                0x00008290                vPortEnterCritical
                0x000082c4                vPortExitCritical
                0x000082f8                xPortPendSVHandler
                0x00008346                xPortSysTickHandler
                0x0000838c                vPortSetupTimerInterrupt
 .text          0x000083d4      0xe94 C:\Users\alext\Desktop\SE\Workspace\FreeRTOS-Kernel\Debug\libFreeRTOS-Kernel.a(queue.o)
                0x000083d4                xQueueGenericReset
                0x00008488                xQueueGenericCreate
                0x00008552                xQueueCreateMutex
                0x00008582                xQueueCreateCountingSemaphore
                0x000085ae                xQueueGenericSend
                0x00008704                xQueueGenericSendFromISR
                0x000087be                xQueueGiveFromISR
                0x00008866                xQueueReceive
                0x000089ac                xQueueSemaphoreTake
                0x00008b3c                xQueuePeek
                0x00008c84                xQueueReceiveFromISR
                0x00008d32                xQueuePeekFromISR
                0x00008d98                uxQueueMessagesWaiting
                0x00008db8                uxQueueSpacesAvailable
                0x00008de2                uxQueueMessagesWaitingFromISR
                0x00008e00                vQueueDelete
                0x00008e20                uxQueueGetQueueNumber
                0x00008e36                vQueueSetQueueNumber
                0x00008e50                ucQueueGetQueueType
                0x00009086                xQueueIsQueueEmptyFromISR
                0x000090e0                xQueueIsQueueFullFromISR
                0x0000910e                vQueueAddToRegistry
                0x00009160                pcQueueGetName
                0x000091ac                vQueueUnregisterQueue
                0x00009200                vQueueWaitForMessageRestricted
 .text          0x00009268     0x1e6c C:\Users\alext\Desktop\SE\Workspace\FreeRTOS-Kernel\Debug\libFreeRTOS-Kernel.a(tasks.o)
                0x00009268                xTaskCreate
                0x000094d0                vTaskDelete
                0x000095cc                vTaskDelayUntil
                0x0000966c                vTaskDelay
                0x000096b4                eTaskGetState
                0x00009764                uxTaskPriorityGet
                0x00009798                uxTaskPriorityGetFromISR
                0x000097f0                vTaskPrioritySet
                0x00009928                vTaskSuspend
                0x00009a70                vTaskResume
                0x00009b10                xTaskResumeFromISR
                0x00009bd4                vTaskStartScheduler
                0x00009c54                vTaskEndScheduler
                0x00009c84                vTaskSuspendAll
                0x00009ca0                xTaskResumeAll
                0x00009dbc                xTaskGetTickCount
                0x00009dd8                xTaskGetTickCountFromISR
                0x00009df8                uxTaskGetNumberOfTasks
                0x00009e0c                pcTaskGetName
                0x00009e38                uxTaskGetSystemState
                0x00009f58                xTaskCatchUpTicks
                0x00009f84                xTaskIncrementTick
                0x0000a0d4                vTaskSwitchContext
                0x0000a1b8                vTaskPlaceOnEventList
                0x0000a1e4                vTaskPlaceOnUnorderedEventList
                0x0000a220                vTaskPlaceOnEventListRestricted
                0x0000a25c                xTaskRemoveFromEventList
                0x0000a304                vTaskRemoveFromUnorderedEventList
                0x0000a388                vTaskSetTimeOutState
                0x0000a3b8                vTaskInternalSetTimeOutState
                0x0000a3e4                xTaskCheckForTimeOut
                0x0000a470                vTaskMissedYield
                0x0000a488                uxTaskGetTaskNumber
                0x0000a4b2                vTaskSetTaskNumber
                0x0000a5c0                vTaskGetInfo
                0x0000a7bc                xTaskGetCurrentTaskHandle
                0x0000a7d8                xTaskGetSchedulerState
                0x0000a814                xTaskPriorityInherit
                0x0000a900                xTaskPriorityDisinherit
                0x0000a9b4                vTaskPriorityDisinheritAfterTimeout
                0x0000aa90                uxTaskResetEventItemValue
                0x0000aac0                pvTaskIncrementMutexHeldCount
                0x0000aae8                ulTaskNotifyTake
                0x0000ab78                xTaskNotifyWait
                0x0000ac2c                xTaskGenericNotify
                0x0000ad3c                xTaskGenericNotifyFromISR
                0x0000ae90                vTaskNotifyGiveFromISR
                0x0000af74                xTaskNotifyStateClear
                0x0000afc0                ulTaskNotifyValueClear
 .text          0x0000b0d4      0x7a8 C:\Users\alext\Desktop\SE\Workspace\FreeRTOS-Kernel\Debug\libFreeRTOS-Kernel.a(timers.o)
                0x0000b0d4                xTimerCreateTimerTask
                0x0000b11c                xTimerCreate
                0x0000b1b8                xTimerGenericCommand
                0x0000b238                xTimerGetTimerDaemonTaskHandle
                0x0000b24c                xTimerGetPeriod
                0x0000b266                vTimerSetReloadMode
                0x0000b2b0                uxTimerGetReloadMode
                0x0000b2e6                xTimerGetExpiryTime
                0x0000b304                pcTimerGetName
                0x0000b7cc                xTimerIsTimerActive
                0x0000b802                pvTimerGetTimerID
                0x0000b826                vTimerSetTimerID
                0x0000b84a                uxTimerGetTimerNumber
                0x0000b860                vTimerSetTimerNumber
 .text          0x0000b87c      0x15e C:\Users\alext\Desktop\SE\Workspace\FreeRTOS-Kernel\Debug\libFreeRTOS-Kernel.a(list.o)
                0x0000b87c                vListInitialise
                0x0000b8ba                vListInitialiseItem
                0x0000b8d2                vListInsertEnd
                0x0000b918                vListInsert
                0x0000b988                uxListRemove
 *fill*         0x0000b9da        0x2 ff
 .text.SystemCoreClockUpdate
                0x0000b9dc       0xb8 C:\Users\alext\Desktop\SE\Workspace\CMSIS_CORE_LPC17xx\Debug\libCMSIS_CORE_LPC17xx.a(system_LPC17xx.o)
                0x0000b9dc                SystemCoreClockUpdate
 .text.SystemInit
                0x0000ba94       0xd8 C:\Users\alext\Desktop\SE\Workspace\CMSIS_CORE_LPC17xx\Debug\libCMSIS_CORE_LPC17xx.a(system_LPC17xx.o)
                0x0000ba94                SystemInit
 .text          0x0000bb6c      0x21c c:/nxp/mcuxpressoide_11.6.0_8187/ide/plugins/com.nxp.mcuxpresso.tools.win32_11.6.0.202112161359/tools/bin/../lib/gcc/arm-none-eabi/10.3.1/thumb/v7-m/nofp\libgcc.a(_arm_addsubsf3.o)
                0x0000bb6c                __aeabi_frsub
                0x0000bb74                __subsf3
                0x0000bb74                __aeabi_fsub
                0x0000bb78                __aeabi_fadd
                0x0000bb78                __addsf3
                0x0000bcd8                __aeabi_ui2f
                0x0000bcd8                __floatunsisf
                0x0000bce0                __aeabi_i2f
                0x0000bce0                __floatsisf
                0x0000bcfc                __aeabi_ul2f
                0x0000bcfc                __floatundisf
                0x0000bd0c                __aeabi_l2f
                0x0000bd0c                __floatdisf
 .text          0x0000bd88      0x2a0 c:/nxp/mcuxpressoide_11.6.0_8187/ide/plugins/com.nxp.mcuxpresso.tools.win32_11.6.0.202112161359/tools/bin/../lib/gcc/arm-none-eabi/10.3.1/thumb/v7-m/nofp\libgcc.a(_arm_muldivsf3.o)
                0x0000bd88                __mulsf3
                0x0000bd88                __aeabi_fmul
                0x0000bef0                __aeabi_fdiv
                0x0000bef0                __divsf3
 .text          0x0000c028       0xec c:/nxp/mcuxpressoide_11.6.0_8187/ide/plugins/com.nxp.mcuxpresso.tools.win32_11.6.0.202112161359/tools/bin/../lib/gcc/arm-none-eabi/10.3.1/thumb/v7-m/nofp\libgcc.a(_arm_cmpsf2.o)
                0x0000c028                __gesf2
                0x0000c028                __gtsf2
                0x0000c030                __lesf2
                0x0000c030                __ltsf2
                0x0000c038                __nesf2
                0x0000c038                __eqsf2
                0x0000c038                __cmpsf2
                0x0000c098                __aeabi_cfrcmple
                0x0000c0a0                __aeabi_cfcmpeq
                0x0000c0a0                __aeabi_cfcmple
                0x0000c0b0                __aeabi_fcmpeq
                0x0000c0c4                __aeabi_fcmplt
                0x0000c0d8                __aeabi_fcmple
                0x0000c0ec                __aeabi_fcmpge
                0x0000c100                __aeabi_fcmpgt
 .text          0x0000c114       0x4c c:/nxp/mcuxpressoide_11.6.0_8187/ide/plugins/com.nxp.mcuxpresso.tools.win32_11.6.0.202112161359/tools/bin/../lib/gcc/arm-none-eabi/10.3.1/thumb/v7-m/nofp\libgcc.a(_arm_fixsfsi.o)
                0x0000c114                __aeabi_f2iz
                0x0000c114                __fixsfsi
 .text          0x0000c160       0xa0 c:/nxp/mcuxpressoide_11.6.0_8187/ide/plugins/com.nxp.mcuxpresso.tools.win32_11.6.0.202112161359/tools/bin/../lib/gcc/arm-none-eabi/10.3.1/thumb/v7-m/nofp\libgcc.a(_aeabi_ldivmod.o)
                0x0000c160                __aeabi_ldivmod
 .text          0x0000c200       0x30 c:/nxp/mcuxpressoide_11.6.0_8187/ide/plugins/com.nxp.mcuxpresso.tools.win32_11.6.0.202112161359/tools/bin/../lib/gcc/arm-none-eabi/10.3.1/thumb/v7-m/nofp\libgcc.a(_aeabi_uldivmod.o)
                0x0000c200                __aeabi_uldivmod
 .text          0x0000c230      0x2d4 c:/nxp/mcuxpressoide_11.6.0_8187/ide/plugins/com.nxp.mcuxpresso.tools.win32_11.6.0.202112161359/tools/bin/../lib/gcc/arm-none-eabi/10.3.1/thumb/v7-m/nofp\libgcc.a(_udivmoddi4.o)
                0x0000c230                __udivmoddi4
 .text          0x0000c504        0x4 c:/nxp/mcuxpressoide_11.6.0_8187/ide/plugins/com.nxp.mcuxpresso.tools.win32_11.6.0.202112161359/tools/bin/../lib/gcc/arm-none-eabi/10.3.1/thumb/v7-m/nofp\libgcc.a(_dvmd_tls.o)
                0x0000c504                __aeabi_idiv0
                0x0000c504                __aeabi_ldiv0
 .text.__assert_func
                0x0000c508       0x3c c:/nxp/mcuxpressoide_11.6.0_8187/ide/plugins/com.nxp.mcuxpresso.tools.win32_11.6.0.202112161359/tools/bin/../lib/gcc/arm-none-eabi/10.3.1/../../../../arm-none-eabi/lib/thumb/v7-m/nofp\libc_nano.a(lib_a-assert.o)
                0x0000c508                __assert_func
 .text.fprintf  0x0000c544       0x24 c:/nxp/mcuxpressoide_11.6.0_8187/ide/plugins/com.nxp.mcuxpresso.tools.win32_11.6.0.202112161359/tools/bin/../lib/gcc/arm-none-eabi/10.3.1/../../../../arm-none-eabi/lib/thumb/v7-m/nofp\libc_nano.a(lib_a-fprintf.o)
                0x0000c544                fiprintf
                0x0000c544                fprintf
 .text.gmtime   0x0000c568       0x3c c:/nxp/mcuxpressoide_11.6.0_8187/ide/plugins/com.nxp.mcuxpresso.tools.win32_11.6.0.202112161359/tools/bin/../lib/gcc/arm-none-eabi/10.3.1/../../../../arm-none-eabi/lib/thumb/v7-m/nofp\libc_nano.a(lib_a-gmtime.o)
                0x0000c568                gmtime
 .text.gmtime_r
                0x0000c5a4      0x15c c:/nxp/mcuxpressoide_11.6.0_8187/ide/plugins/com.nxp.mcuxpresso.tools.win32_11.6.0.202112161359/tools/bin/../lib/gcc/arm-none-eabi/10.3.1/../../../../arm-none-eabi/lib/thumb/v7-m/nofp\libc_nano.a(lib_a-gmtime_r.o)
                0x0000c5a4                gmtime_r
 .text.localtime
                0x0000c700       0x3c c:/nxp/mcuxpressoide_11.6.0_8187/ide/plugins/com.nxp.mcuxpresso.tools.win32_11.6.0.202112161359/tools/bin/../lib/gcc/arm-none-eabi/10.3.1/../../../../arm-none-eabi/lib/thumb/v7-m/nofp\libc_nano.a(lib_a-lcltime.o)
                0x0000c700                localtime
 .text.localtime_r
                0x0000c73c      0x1e4 c:/nxp/mcuxpressoide_11.6.0_8187/ide/plugins/com.nxp.mcuxpresso.tools.win32_11.6.0.202112161359/tools/bin/../lib/gcc/arm-none-eabi/10.3.1/../../../../arm-none-eabi/lib/thumb/v7-m/nofp\libc_nano.a(lib_a-lcltime_r.o)
                0x0000c73c                localtime_r
 .text.malloc   0x0000c920       0x10 c:/nxp/mcuxpressoide_11.6.0_8187/ide/plugins/com.nxp.mcuxpresso.tools.win32_11.6.0.202112161359/tools/bin/../lib/gcc/arm-none-eabi/10.3.1/../../../../arm-none-eabi/lib/thumb/v7-m/nofp\libc_nano.a(lib_a-malloc.o)
                0x0000c920                malloc
 .text.free     0x0000c930       0x10 c:/nxp/mcuxpressoide_11.6.0_8187/ide/plugins/com.nxp.mcuxpresso.tools.win32_11.6.0.202112161359/tools/bin/../lib/gcc/arm-none-eabi/10.3.1/../../../../arm-none-eabi/lib/thumb/v7-m/nofp\libc_nano.a(lib_a-malloc.o)
                0x0000c930                free
 .text.memcpy   0x0000c940       0x1c c:/nxp/mcuxpressoide_11.6.0_8187/ide/plugins/com.nxp.mcuxpresso.tools.win32_11.6.0.202112161359/tools/bin/../lib/gcc/arm-none-eabi/10.3.1/../../../../arm-none-eabi/lib/thumb/v7-m/nofp\libc_nano.a(lib_a-memcpy-stub.o)
                0x0000c940                memcpy
 .text.memmove  0x0000c95c       0x34 c:/nxp/mcuxpressoide_11.6.0_8187/ide/plugins/com.nxp.mcuxpresso.tools.win32_11.6.0.202112161359/tools/bin/../lib/gcc/arm-none-eabi/10.3.1/../../../../arm-none-eabi/lib/thumb/v7-m/nofp\libc_nano.a(lib_a-memmove.o)
                0x0000c95c                memmove
 .text.memset   0x0000c990       0x10 c:/nxp/mcuxpressoide_11.6.0_8187/ide/plugins/com.nxp.mcuxpresso.tools.win32_11.6.0.202112161359/tools/bin/../lib/gcc/arm-none-eabi/10.3.1/../../../../arm-none-eabi/lib/thumb/v7-m/nofp\libc_nano.a(lib_a-memset.o)
                0x0000c990                memset
 .text.validate_structure
                0x0000c9a0      0x1b0 c:/nxp/mcuxpressoide_11.6.0_8187/ide/plugins/com.nxp.mcuxpresso.tools.win32_11.6.0.202112161359/tools/bin/../lib/gcc/arm-none-eabi/10.3.1/../../../../arm-none-eabi/lib/thumb/v7-m/nofp\libc_nano.a(lib_a-mktime.o)
 .text.mktime   0x0000cb50      0x334 c:/nxp/mcuxpressoide_11.6.0_8187/ide/plugins/com.nxp.mcuxpresso.tools.win32_11.6.0.202112161359/tools/bin/../lib/gcc/arm-none-eabi/10.3.1/../../../../arm-none-eabi/lib/thumb/v7-m/nofp\libc_nano.a(lib_a-mktime.o)
                0x0000cb50                mktime
 .text._free_r  0x0000ce84       0x90 c:/nxp/mcuxpressoide_11.6.0_8187/ide/plugins/com.nxp.mcuxpresso.tools.win32_11.6.0.202112161359/tools/bin/../lib/gcc/arm-none-eabi/10.3.1/../../../../arm-none-eabi/lib/thumb/v7-m/nofp\libc_nano.a(lib_a-nano-freer.o)
                0x0000ce84                _free_r
 .text.sbrk_aligned
                0x0000cf14       0x40 c:/nxp/mcuxpressoide_11.6.0_8187/ide/plugins/com.nxp.mcuxpresso.tools.win32_11.6.0.202112161359/tools/bin/../lib/gcc/arm-none-eabi/10.3.1/../../../../arm-none-eabi/lib/thumb/v7-m/nofp\libc_nano.a(lib_a-nano-mallocr.o)
 .text._malloc_r
                0x0000cf54       0xe8 c:/nxp/mcuxpressoide_11.6.0_8187/ide/plugins/com.nxp.mcuxpresso.tools.win32_11.6.0.202112161359/tools/bin/../lib/gcc/arm-none-eabi/10.3.1/../../../../arm-none-eabi/lib/thumb/v7-m/nofp\libc_nano.a(lib_a-nano-mallocr.o)
                0x0000cf54                _malloc_r
 .text.__sfputc_r
                0x0000d03c       0x2a c:/nxp/mcuxpressoide_11.6.0_8187/ide/plugins/com.nxp.mcuxpresso.tools.win32_11.6.0.202112161359/tools/bin/../lib/gcc/arm-none-eabi/10.3.1/../../../../arm-none-eabi/lib/thumb/v7-m/nofp\libc_nano.a(lib_a-nano-vfprintf.o)
 .text.__sfputs_r
                0x0000d066       0x24 c:/nxp/mcuxpressoide_11.6.0_8187/ide/plugins/com.nxp.mcuxpresso.tools.win32_11.6.0.202112161359/tools/bin/../lib/gcc/arm-none-eabi/10.3.1/../../../../arm-none-eabi/lib/thumb/v7-m/nofp\libc_nano.a(lib_a-nano-vfprintf.o)
                0x0000d066                __sfputs_r
 *fill*         0x0000d08a        0x2 ff
 .text._vfprintf_r
                0x0000d08c      0x260 c:/nxp/mcuxpressoide_11.6.0_8187/ide/plugins/com.nxp.mcuxpresso.tools.win32_11.6.0.202112161359/tools/bin/../lib/gcc/arm-none-eabi/10.3.1/../../../../arm-none-eabi/lib/thumb/v7-m/nofp\libc_nano.a(lib_a-nano-vfprintf.o)
                0x0000d08c                _vfprintf_r
                0x0000d08c                _vfiprintf_r
 .text._printf_common
                0x0000d2ec       0xde c:/nxp/mcuxpressoide_11.6.0_8187/ide/plugins/com.nxp.mcuxpresso.tools.win32_11.6.0.202112161359/tools/bin/../lib/gcc/arm-none-eabi/10.3.1/../../../../arm-none-eabi/lib/thumb/v7-m/nofp\libc_nano.a(lib_a-nano-vfprintf_i.o)
                0x0000d2ec                _printf_common
 *fill*         0x0000d3ca        0x2 ff
 .text._printf_i
                0x0000d3cc      0x24c c:/nxp/mcuxpressoide_11.6.0_8187/ide/plugins/com.nxp.mcuxpresso.tools.win32_11.6.0.202112161359/tools/bin/../lib/gcc/arm-none-eabi/10.3.1/../../../../arm-none-eabi/lib/thumb/v7-m/nofp\libc_nano.a(lib_a-nano-vfprintf_i.o)
                0x0000d3cc                _printf_i
 .text._sbrk_r  0x0000d618       0x20 c:/nxp/mcuxpressoide_11.6.0_8187/ide/plugins/com.nxp.mcuxpresso.tools.win32_11.6.0.202112161359/tools/bin/../lib/gcc/arm-none-eabi/10.3.1/../../../../arm-none-eabi/lib/thumb/v7-m/nofp\libc_nano.a(lib_a-sbrkr.o)
                0x0000d618                _sbrk_r
 .text.sscanf   0x0000d638       0x54 c:/nxp/mcuxpressoide_11.6.0_8187/ide/plugins/com.nxp.mcuxpresso.tools.win32_11.6.0.202112161359/tools/bin/../lib/gcc/arm-none-eabi/10.3.1/../../../../arm-none-eabi/lib/thumb/v7-m/nofp\libc_nano.a(lib_a-sscanf.o)
                0x0000d638                siscanf
                0x0000d638                sscanf
 .text.__sread  0x0000d68c       0x22 c:/nxp/mcuxpressoide_11.6.0_8187/ide/plugins/com.nxp.mcuxpresso.tools.win32_11.6.0.202112161359/tools/bin/../lib/gcc/arm-none-eabi/10.3.1/../../../../arm-none-eabi/lib/thumb/v7-m/nofp\libc_nano.a(lib_a-stdio.o)
                0x0000d68c                __sread
 .text.__seofread
                0x0000d6ae        0x4 c:/nxp/mcuxpressoide_11.6.0_8187/ide/plugins/com.nxp.mcuxpresso.tools.win32_11.6.0.202112161359/tools/bin/../lib/gcc/arm-none-eabi/10.3.1/../../../../arm-none-eabi/lib/thumb/v7-m/nofp\libc_nano.a(lib_a-stdio.o)
                0x0000d6ae                __seofread
 .text.__swrite
                0x0000d6b2       0x38 c:/nxp/mcuxpressoide_11.6.0_8187/ide/plugins/com.nxp.mcuxpresso.tools.win32_11.6.0.202112161359/tools/bin/../lib/gcc/arm-none-eabi/10.3.1/../../../../arm-none-eabi/lib/thumb/v7-m/nofp\libc_nano.a(lib_a-stdio.o)
                0x0000d6b2                __swrite
 .text.__sseek  0x0000d6ea       0x24 c:/nxp/mcuxpressoide_11.6.0_8187/ide/plugins/com.nxp.mcuxpresso.tools.win32_11.6.0.202112161359/tools/bin/../lib/gcc/arm-none-eabi/10.3.1/../../../../arm-none-eabi/lib/thumb/v7-m/nofp\libc_nano.a(lib_a-stdio.o)
                0x0000d6ea                __sseek
 .text.__sclose
                0x0000d70e        0x8 c:/nxp/mcuxpressoide_11.6.0_8187/ide/plugins/com.nxp.mcuxpresso.tools.win32_11.6.0.202112161359/tools/bin/../lib/gcc/arm-none-eabi/10.3.1/../../../../arm-none-eabi/lib/thumb/v7-m/nofp\libc_nano.a(lib_a-stdio.o)
                0x0000d70e                __sclose
 .text.strchr   0x0000d716       0x1a c:/nxp/mcuxpressoide_11.6.0_8187/ide/plugins/com.nxp.mcuxpresso.tools.win32_11.6.0.202112161359/tools/bin/../lib/gcc/arm-none-eabi/10.3.1/../../../../arm-none-eabi/lib/thumb/v7-m/nofp\libc_nano.a(lib_a-strchr.o)
                0x0000d716                strchr
 .text.strcpy   0x0000d730       0x10 c:/nxp/mcuxpressoide_11.6.0_8187/ide/plugins/com.nxp.mcuxpresso.tools.win32_11.6.0.202112161359/tools/bin/../lib/gcc/arm-none-eabi/10.3.1/../../../../arm-none-eabi/lib/thumb/v7-m/nofp\libc_nano.a(lib_a-strcpy.o)
                0x0000d730                strcpy
 .text.strdup   0x0000d740       0x10 c:/nxp/mcuxpressoide_11.6.0_8187/ide/plugins/com.nxp.mcuxpresso.tools.win32_11.6.0.202112161359/tools/bin/../lib/gcc/arm-none-eabi/10.3.1/../../../../arm-none-eabi/lib/thumb/v7-m/nofp\libc_nano.a(lib_a-strdup.o)
                0x0000d740                strdup
 .text._strdup_r
                0x0000d750       0x26 c:/nxp/mcuxpressoide_11.6.0_8187/ide/plugins/com.nxp.mcuxpresso.tools.win32_11.6.0.202112161359/tools/bin/../lib/gcc/arm-none-eabi/10.3.1/../../../../arm-none-eabi/lib/thumb/v7-m/nofp\libc_nano.a(lib_a-strdup_r.o)
                0x0000d750                _strdup_r
 .text          0x0000d776       0x10 c:/nxp/mcuxpressoide_11.6.0_8187/ide/plugins/com.nxp.mcuxpresso.tools.win32_11.6.0.202112161359/tools/bin/../lib/gcc/arm-none-eabi/10.3.1/../../../../arm-none-eabi/lib/thumb/v7-m/nofp\libc_nano.a(lib_a-strlen.o)
                0x0000d776                strlen
 .text.strncmp  0x0000d786       0x28 c:/nxp/mcuxpressoide_11.6.0_8187/ide/plugins/com.nxp.mcuxpresso.tools.win32_11.6.0.202112161359/tools/bin/../lib/gcc/arm-none-eabi/10.3.1/../../../../arm-none-eabi/lib/thumb/v7-m/nofp\libc_nano.a(lib_a-strncmp.o)
                0x0000d786                strncmp
 .text.strncpy  0x0000d7ae       0x26 c:/nxp/mcuxpressoide_11.6.0_8187/ide/plugins/com.nxp.mcuxpresso.tools.win32_11.6.0.202112161359/tools/bin/../lib/gcc/arm-none-eabi/10.3.1/../../../../arm-none-eabi/lib/thumb/v7-m/nofp\libc_nano.a(lib_a-strncpy.o)
                0x0000d7ae                strncpy
 .text.strstr   0x0000d7d4       0x2c c:/nxp/mcuxpressoide_11.6.0_8187/ide/plugins/com.nxp.mcuxpresso.tools.win32_11.6.0.202112161359/tools/bin/../lib/gcc/arm-none-eabi/10.3.1/../../../../arm-none-eabi/lib/thumb/v7-m/nofp\libc_nano.a(lib_a-strstr.o)
                0x0000d7d4                strstr
 .text.__tzcalc_limits
                0x0000d800      0x154 c:/nxp/mcuxpressoide_11.6.0_8187/ide/plugins/com.nxp.mcuxpresso.tools.win32_11.6.0.202112161359/tools/bin/../lib/gcc/arm-none-eabi/10.3.1/../../../../arm-none-eabi/lib/thumb/v7-m/nofp\libc_nano.a(lib_a-tzcalc_limits.o)
                0x0000d800                __tzcalc_limits
 .text.__tz_lock
                0x0000d954        0xc c:/nxp/mcuxpressoide_11.6.0_8187/ide/plugins/com.nxp.mcuxpresso.tools.win32_11.6.0.202112161359/tools/bin/../lib/gcc/arm-none-eabi/10.3.1/../../../../arm-none-eabi/lib/thumb/v7-m/nofp\libc_nano.a(lib_a-tzlock.o)
                0x0000d954                __tz_lock
 .text.__tz_unlock
                0x0000d960        0xc c:/nxp/mcuxpressoide_11.6.0_8187/ide/plugins/com.nxp.mcuxpresso.tools.win32_11.6.0.202112161359/tools/bin/../lib/gcc/arm-none-eabi/10.3.1/../../../../arm-none-eabi/lib/thumb/v7-m/nofp\libc_nano.a(lib_a-tzlock.o)
                0x0000d960                __tz_unlock
 .text._tzset_unlocked
                0x0000d96c        0xc c:/nxp/mcuxpressoide_11.6.0_8187/ide/plugins/com.nxp.mcuxpresso.tools.win32_11.6.0.202112161359/tools/bin/../lib/gcc/arm-none-eabi/10.3.1/../../../../arm-none-eabi/lib/thumb/v7-m/nofp\libc_nano.a(lib_a-tzset.o)
                0x0000d96c                _tzset_unlocked
 .text._tzset_unlocked_r
                0x0000d978      0x304 c:/nxp/mcuxpressoide_11.6.0_8187/ide/plugins/com.nxp.mcuxpresso.tools.win32_11.6.0.202112161359/tools/bin/../lib/gcc/arm-none-eabi/10.3.1/../../../../arm-none-eabi/lib/thumb/v7-m/nofp\libc_nano.a(lib_a-tzset_r.o)
                0x0000d978                _tzset_unlocked_r
 .text.__swbuf_r
                0x0000dc7c       0xa4 c:/nxp/mcuxpressoide_11.6.0_8187/ide/plugins/com.nxp.mcuxpresso.tools.win32_11.6.0.202112161359/tools/bin/../lib/gcc/arm-none-eabi/10.3.1/../../../../arm-none-eabi/lib/thumb/v7-m/nofp\libc_nano.a(lib_a-wbuf.o)
                0x0000dc7c                __swbuf_r
 .text._write_r
                0x0000dd20       0x24 c:/nxp/mcuxpressoide_11.6.0_8187/ide/plugins/com.nxp.mcuxpresso.tools.win32_11.6.0.202112161359/tools/bin/../lib/gcc/arm-none-eabi/10.3.1/../../../../arm-none-eabi/lib/thumb/v7-m/nofp\libc_nano.a(lib_a-writer.o)
                0x0000dd20                _write_r
 .text.__swsetup_r
                0x0000dd44       0xdc c:/nxp/mcuxpressoide_11.6.0_8187/ide/plugins/com.nxp.mcuxpresso.tools.win32_11.6.0.202112161359/tools/bin/../lib/gcc/arm-none-eabi/10.3.1/../../../../arm-none-eabi/lib/thumb/v7-m/nofp\libc_nano.a(lib_a-wsetup.o)
                0x0000dd44                __swsetup_r
 .text.abort    0x0000de20        0xe c:/nxp/mcuxpressoide_11.6.0_8187/ide/plugins/com.nxp.mcuxpresso.tools.win32_11.6.0.202112161359/tools/bin/../lib/gcc/arm-none-eabi/10.3.1/../../../../arm-none-eabi/lib/thumb/v7-m/nofp\libc_nano.a(lib_a-abort.o)
                0x0000de20                abort
 *fill*         0x0000de2e        0x2 ff
 .text._close_r
                0x0000de30       0x20 c:/nxp/mcuxpressoide_11.6.0_8187/ide/plugins/com.nxp.mcuxpresso.tools.win32_11.6.0.202112161359/tools/bin/../lib/gcc/arm-none-eabi/10.3.1/../../../../arm-none-eabi/lib/thumb/v7-m/nofp\libc_nano.a(lib_a-closer.o)
                0x0000de30                _close_r
 .text.div      0x0000de50       0x28 c:/nxp/mcuxpressoide_11.6.0_8187/ide/plugins/com.nxp.mcuxpresso.tools.win32_11.6.0.202112161359/tools/bin/../lib/gcc/arm-none-eabi/10.3.1/../../../../arm-none-eabi/lib/thumb/v7-m/nofp\libc_nano.a(lib_a-div.o)
                0x0000de50                div
 .text.__sflush_r
                0x0000de78      0x104 c:/nxp/mcuxpressoide_11.6.0_8187/ide/plugins/com.nxp.mcuxpresso.tools.win32_11.6.0.202112161359/tools/bin/../lib/gcc/arm-none-eabi/10.3.1/../../../../arm-none-eabi/lib/thumb/v7-m/nofp\libc_nano.a(lib_a-fflush.o)
                0x0000de78                __sflush_r
 .text._fflush_r
                0x0000df7c       0x78 c:/nxp/mcuxpressoide_11.6.0_8187/ide/plugins/com.nxp.mcuxpresso.tools.win32_11.6.0.202112161359/tools/bin/../lib/gcc/arm-none-eabi/10.3.1/../../../../arm-none-eabi/lib/thumb/v7-m/nofp\libc_nano.a(lib_a-fflush.o)
                0x0000df7c                _fflush_r
 .text.std      0x0000dff4       0x48 c:/nxp/mcuxpressoide_11.6.0_8187/ide/plugins/com.nxp.mcuxpresso.tools.win32_11.6.0.202112161359/tools/bin/../lib/gcc/arm-none-eabi/10.3.1/../../../../arm-none-eabi/lib/thumb/v7-m/nofp\libc_nano.a(lib_a-findfp.o)
 .text._cleanup_r
                0x0000e03c        0xc c:/nxp/mcuxpressoide_11.6.0_8187/ide/plugins/com.nxp.mcuxpresso.tools.win32_11.6.0.202112161359/tools/bin/../lib/gcc/arm-none-eabi/10.3.1/../../../../arm-none-eabi/lib/thumb/v7-m/nofp\libc_nano.a(lib_a-findfp.o)
                0x0000e03c                _cleanup_r
 .text.__sfmoreglue
                0x0000e048       0x2c c:/nxp/mcuxpressoide_11.6.0_8187/ide/plugins/com.nxp.mcuxpresso.tools.win32_11.6.0.202112161359/tools/bin/../lib/gcc/arm-none-eabi/10.3.1/../../../../arm-none-eabi/lib/thumb/v7-m/nofp\libc_nano.a(lib_a-findfp.o)
                0x0000e048                __sfmoreglue
 .text.__sfp_lock_acquire
                0x0000e074        0xc c:/nxp/mcuxpressoide_11.6.0_8187/ide/plugins/com.nxp.mcuxpresso.tools.win32_11.6.0.202112161359/tools/bin/../lib/gcc/arm-none-eabi/10.3.1/../../../../arm-none-eabi/lib/thumb/v7-m/nofp\libc_nano.a(lib_a-findfp.o)
                0x0000e074                __sfp_lock_acquire
 .text.__sfp_lock_release
                0x0000e080        0xc c:/nxp/mcuxpressoide_11.6.0_8187/ide/plugins/com.nxp.mcuxpresso.tools.win32_11.6.0.202112161359/tools/bin/../lib/gcc/arm-none-eabi/10.3.1/../../../../arm-none-eabi/lib/thumb/v7-m/nofp\libc_nano.a(lib_a-findfp.o)
                0x0000e080                __sfp_lock_release
 .text.__sinit_lock_acquire
                0x0000e08c        0xc c:/nxp/mcuxpressoide_11.6.0_8187/ide/plugins/com.nxp.mcuxpresso.tools.win32_11.6.0.202112161359/tools/bin/../lib/gcc/arm-none-eabi/10.3.1/../../../../arm-none-eabi/lib/thumb/v7-m/nofp\libc_nano.a(lib_a-findfp.o)
                0x0000e08c                __sinit_lock_acquire
 .text.__sinit_lock_release
                0x0000e098        0xc c:/nxp/mcuxpressoide_11.6.0_8187/ide/plugins/com.nxp.mcuxpresso.tools.win32_11.6.0.202112161359/tools/bin/../lib/gcc/arm-none-eabi/10.3.1/../../../../arm-none-eabi/lib/thumb/v7-m/nofp\libc_nano.a(lib_a-findfp.o)
                0x0000e098                __sinit_lock_release
 .text.__sinit  0x0000e0a4       0x70 c:/nxp/mcuxpressoide_11.6.0_8187/ide/plugins/com.nxp.mcuxpresso.tools.win32_11.6.0.202112161359/tools/bin/../lib/gcc/arm-none-eabi/10.3.1/../../../../arm-none-eabi/lib/thumb/v7-m/nofp\libc_nano.a(lib_a-findfp.o)
                0x0000e0a4                __sinit
 .text.__sfp    0x0000e114       0x8c c:/nxp/mcuxpressoide_11.6.0_8187/ide/plugins/com.nxp.mcuxpresso.tools.win32_11.6.0.202112161359/tools/bin/../lib/gcc/arm-none-eabi/10.3.1/../../../../arm-none-eabi/lib/thumb/v7-m/nofp\libc_nano.a(lib_a-findfp.o)
                0x0000e114                __sfp
 .text._fwalk_reent
                0x0000e1a0       0x3e c:/nxp/mcuxpressoide_11.6.0_8187/ide/plugins/com.nxp.mcuxpresso.tools.win32_11.6.0.202112161359/tools/bin/../lib/gcc/arm-none-eabi/10.3.1/../../../../arm-none-eabi/lib/thumb/v7-m/nofp\libc_nano.a(lib_a-fwalk.o)
                0x0000e1a0                _fwalk_reent
 *fill*         0x0000e1de        0x2 ff
 .text._findenv_r
                0x0000e1e0       0x78 c:/nxp/mcuxpressoide_11.6.0_8187/ide/plugins/com.nxp.mcuxpresso.tools.win32_11.6.0.202112161359/tools/bin/../lib/gcc/arm-none-eabi/10.3.1/../../../../arm-none-eabi/lib/thumb/v7-m/nofp\libc_nano.a(lib_a-getenv_r.o)
                0x0000e1e0                _findenv_r
 .text._getenv_r
                0x0000e258        0xe c:/nxp/mcuxpressoide_11.6.0_8187/ide/plugins/com.nxp.mcuxpresso.tools.win32_11.6.0.202112161359/tools/bin/../lib/gcc/arm-none-eabi/10.3.1/../../../../arm-none-eabi/lib/thumb/v7-m/nofp\libc_nano.a(lib_a-getenv_r.o)
                0x0000e258                _getenv_r
 *fill*         0x0000e266        0x2 ff
 .text.__gettzinfo
                0x0000e268        0x8 c:/nxp/mcuxpressoide_11.6.0_8187/ide/plugins/com.nxp.mcuxpresso.tools.win32_11.6.0.202112161359/tools/bin/../lib/gcc/arm-none-eabi/10.3.1/../../../../arm-none-eabi/lib/thumb/v7-m/nofp\libc_nano.a(lib_a-gettzinfo.o)
                0x0000e268                __gettzinfo
 .text.__retarget_lock_init_recursive
                0x0000e270        0x2 c:/nxp/mcuxpressoide_11.6.0_8187/ide/plugins/com.nxp.mcuxpresso.tools.win32_11.6.0.202112161359/tools/bin/../lib/gcc/arm-none-eabi/10.3.1/../../../../arm-none-eabi/lib/thumb/v7-m/nofp\libc_nano.a(lib_a-lock.o)
                0x0000e270                __retarget_lock_init_recursive
 .text.__retarget_lock_acquire
                0x0000e272        0x2 c:/nxp/mcuxpressoide_11.6.0_8187/ide/plugins/com.nxp.mcuxpresso.tools.win32_11.6.0.202112161359/tools/bin/../lib/gcc/arm-none-eabi/10.3.1/../../../../arm-none-eabi/lib/thumb/v7-m/nofp\libc_nano.a(lib_a-lock.o)
                0x0000e272                __retarget_lock_acquire
 .text.__retarget_lock_acquire_recursive
                0x0000e274        0x2 c:/nxp/mcuxpressoide_11.6.0_8187/ide/plugins/com.nxp.mcuxpresso.tools.win32_11.6.0.202112161359/tools/bin/../lib/gcc/arm-none-eabi/10.3.1/../../../../arm-none-eabi/lib/thumb/v7-m/nofp\libc_nano.a(lib_a-lock.o)
                0x0000e274                __retarget_lock_acquire_recursive
 .text.__retarget_lock_release
                0x0000e276        0x2 c:/nxp/mcuxpressoide_11.6.0_8187/ide/plugins/com.nxp.mcuxpresso.tools.win32_11.6.0.202112161359/tools/bin/../lib/gcc/arm-none-eabi/10.3.1/../../../../arm-none-eabi/lib/thumb/v7-m/nofp\libc_nano.a(lib_a-lock.o)
                0x0000e276                __retarget_lock_release
 .text.__retarget_lock_release_recursive
                0x0000e278        0x2 c:/nxp/mcuxpressoide_11.6.0_8187/ide/plugins/com.nxp.mcuxpresso.tools.win32_11.6.0.202112161359/tools/bin/../lib/gcc/arm-none-eabi/10.3.1/../../../../arm-none-eabi/lib/thumb/v7-m/nofp\libc_nano.a(lib_a-lock.o)
                0x0000e278                __retarget_lock_release_recursive
 *fill*         0x0000e27a        0x2 ff
 .text._lseek_r
                0x0000e27c       0x24 c:/nxp/mcuxpressoide_11.6.0_8187/ide/plugins/com.nxp.mcuxpresso.tools.win32_11.6.0.202112161359/tools/bin/../lib/gcc/arm-none-eabi/10.3.1/../../../../arm-none-eabi/lib/thumb/v7-m/nofp\libc_nano.a(lib_a-lseekr.o)
                0x0000e27c                _lseek_r
 .text.__swhatbuf_r
                0x0000e2a0       0x4a c:/nxp/mcuxpressoide_11.6.0_8187/ide/plugins/com.nxp.mcuxpresso.tools.win32_11.6.0.202112161359/tools/bin/../lib/gcc/arm-none-eabi/10.3.1/../../../../arm-none-eabi/lib/thumb/v7-m/nofp\libc_nano.a(lib_a-makebuf.o)
                0x0000e2a0                __swhatbuf_r
 *fill*         0x0000e2ea        0x2 ff
 .text.__smakebuf_r
                0x0000e2ec       0x80 c:/nxp/mcuxpressoide_11.6.0_8187/ide/plugins/com.nxp.mcuxpresso.tools.win32_11.6.0.202112161359/tools/bin/../lib/gcc/arm-none-eabi/10.3.1/../../../../arm-none-eabi/lib/thumb/v7-m/nofp\libc_nano.a(lib_a-makebuf.o)
                0x0000e2ec                __smakebuf_r
 .text.memchr   0x0000e36c       0x1c c:/nxp/mcuxpressoide_11.6.0_8187/ide/plugins/com.nxp.mcuxpresso.tools.win32_11.6.0.202112161359/tools/bin/../lib/gcc/arm-none-eabi/10.3.1/../../../../arm-none-eabi/lib/thumb/v7-m/nofp\libc_nano.a(lib_a-memchr-stub.o)
                0x0000e36c                memchr
 .text.__malloc_lock
                0x0000e388        0xc c:/nxp/mcuxpressoide_11.6.0_8187/ide/plugins/com.nxp.mcuxpresso.tools.win32_11.6.0.202112161359/tools/bin/../lib/gcc/arm-none-eabi/10.3.1/../../../../arm-none-eabi/lib/thumb/v7-m/nofp\libc_nano.a(lib_a-mlock.o)
                0x0000e388                __malloc_lock
 .text.__malloc_unlock
                0x0000e394        0xc c:/nxp/mcuxpressoide_11.6.0_8187/ide/plugins/com.nxp.mcuxpresso.tools.win32_11.6.0.202112161359/tools/bin/../lib/gcc/arm-none-eabi/10.3.1/../../../../arm-none-eabi/lib/thumb/v7-m/nofp\libc_nano.a(lib_a-mlock.o)
                0x0000e394                __malloc_unlock
 .text._realloc_r
                0x0000e3a0       0x5e c:/nxp/mcuxpressoide_11.6.0_8187/ide/plugins/com.nxp.mcuxpresso.tools.win32_11.6.0.202112161359/tools/bin/../lib/gcc/arm-none-eabi/10.3.1/../../../../arm-none-eabi/lib/thumb/v7-m/nofp\libc_nano.a(lib_a-nano-reallocr.o)
                0x0000e3a0                _realloc_r
 .text._sungetc_r
                0x0000e3fe       0x7a c:/nxp/mcuxpressoide_11.6.0_8187/ide/plugins/com.nxp.mcuxpresso.tools.win32_11.6.0.202112161359/tools/bin/../lib/gcc/arm-none-eabi/10.3.1/../../../../arm-none-eabi/lib/thumb/v7-m/nofp\libc_nano.a(lib_a-nano-svfscanf.o)
                0x0000e3fe                _sungetc_r
 .text.__ssrefill_r
                0x0000e478       0x3a c:/nxp/mcuxpressoide_11.6.0_8187/ide/plugins/com.nxp.mcuxpresso.tools.win32_11.6.0.202112161359/tools/bin/../lib/gcc/arm-none-eabi/10.3.1/../../../../arm-none-eabi/lib/thumb/v7-m/nofp\libc_nano.a(lib_a-nano-svfscanf.o)
                0x0000e478                __ssrefill_r
 *fill*         0x0000e4b2        0x2 ff
 .text.__ssvfscanf_r
                0x0000e4b4      0x2f4 c:/nxp/mcuxpressoide_11.6.0_8187/ide/plugins/com.nxp.mcuxpresso.tools.win32_11.6.0.202112161359/tools/bin/../lib/gcc/arm-none-eabi/10.3.1/../../../../arm-none-eabi/lib/thumb/v7-m/nofp\libc_nano.a(lib_a-nano-svfscanf.o)
                0x0000e4b4                __ssvfiscanf_r
                0x0000e4b4                __ssvfscanf_r
 .text._scanf_chars
                0x0000e7a8       0xb4 c:/nxp/mcuxpressoide_11.6.0_8187/ide/plugins/com.nxp.mcuxpresso.tools.win32_11.6.0.202112161359/tools/bin/../lib/gcc/arm-none-eabi/10.3.1/../../../../arm-none-eabi/lib/thumb/v7-m/nofp\libc_nano.a(lib_a-nano-vfscanf_i.o)
                0x0000e7a8                _scanf_chars
 .text._scanf_i
                0x0000e85c      0x1f0 c:/nxp/mcuxpressoide_11.6.0_8187/ide/plugins/com.nxp.mcuxpresso.tools.win32_11.6.0.202112161359/tools/bin/../lib/gcc/arm-none-eabi/10.3.1/../../../../arm-none-eabi/lib/thumb/v7-m/nofp\libc_nano.a(lib_a-nano-vfscanf_i.o)
                0x0000e85c                _scanf_i
 .text._read_r  0x0000ea4c       0x24 c:/nxp/mcuxpressoide_11.6.0_8187/ide/plugins/com.nxp.mcuxpresso.tools.win32_11.6.0.202112161359/tools/bin/../lib/gcc/arm-none-eabi/10.3.1/../../../../arm-none-eabi/lib/thumb/v7-m/nofp\libc_nano.a(lib_a-readr.o)
                0x0000ea4c                _read_r
 .text.__sccl   0x0000ea70       0x70 c:/nxp/mcuxpressoide_11.6.0_8187/ide/plugins/com.nxp.mcuxpresso.tools.win32_11.6.0.202112161359/tools/bin/../lib/gcc/arm-none-eabi/10.3.1/../../../../arm-none-eabi/lib/thumb/v7-m/nofp\libc_nano.a(lib_a-sccl.o)
                0x0000ea70                __sccl
 .text._raise_r
                0x0000eae0       0x50 c:/nxp/mcuxpressoide_11.6.0_8187/ide/plugins/com.nxp.mcuxpresso.tools.win32_11.6.0.202112161359/tools/bin/../lib/gcc/arm-none-eabi/10.3.1/../../../../arm-none-eabi/lib/thumb/v7-m/nofp\libc_nano.a(lib_a-signal.o)
                0x0000eae0                _raise_r
 .text.raise    0x0000eb30       0x10 c:/nxp/mcuxpressoide_11.6.0_8187/ide/plugins/com.nxp.mcuxpresso.tools.win32_11.6.0.202112161359/tools/bin/../lib/gcc/arm-none-eabi/10.3.1/../../../../arm-none-eabi/lib/thumb/v7-m/nofp\libc_nano.a(lib_a-signal.o)
                0x0000eb30                raise
 .text._kill_r  0x0000eb40       0x24 c:/nxp/mcuxpressoide_11.6.0_8187/ide/plugins/com.nxp.mcuxpresso.tools.win32_11.6.0.202112161359/tools/bin/../lib/gcc/arm-none-eabi/10.3.1/../../../../arm-none-eabi/lib/thumb/v7-m/nofp\libc_nano.a(lib_a-signalr.o)
                0x0000eb40                _kill_r
 .text._getpid_r
                0x0000eb64        0x4 c:/nxp/mcuxpressoide_11.6.0_8187/ide/plugins/com.nxp.mcuxpresso.tools.win32_11.6.0.202112161359/tools/bin/../lib/gcc/arm-none-eabi/10.3.1/../../../../arm-none-eabi/lib/thumb/v7-m/nofp\libc_nano.a(lib_a-signalr.o)
                0x0000eb64                _getpid_r