../src/menus.c:31:7:appMENU_GetWeekDay	16	static
../src/menus.c:37:6:appMAINTENANCE_xSetTimeHandler	48	static
../src/menus.c:63:6:appMAINTENANCE_SetTimeHandler	16	static
../src/menus.c:70:6:appMAINTENANCE_xSetDateHandler	48	static
../src/menus.c:97:6:appMAINTENANCE_SetDateHandler	16	static
../src/menus.c:104:6:appMAINTENANCE_xSyncTime	72	static
../src/menus.c:119:6:appMAINTENANCE_SyncTimeHandler	16	static
../src/menus.c:125:6:appMAINTENANCE_xSetMinLightHandler	48	static
../src/menus.c:143:6:appMAINTENANCE_SetMinLightHandler	16	static
../src/menus.c:147:6:appMAINTENANCE_xLightModeHandler	64	static
../src/menus.c:167:6:appMAINTENANCE_LightModeHandler	16	static
../src/menus.c:171:6:appMAINTENANCE_xLightMeasHandler	40	static
../src/menus.c:183:6:appMAINTENANCE_LightMeasHandler	16	static
../src/menus.c:190:6:appMAINTENANCE_SetLightHandler	88	static
../src/menus.c:211:6:appMAINTENANCE_xScanNetworks	72	static
../src/menus.c:238:6:appMAINTENANCE_ScanNetworks	16	static
../src/menus.c:245:6:appMAINTENANCE_xJoinNetwork	40	static
../src/menus.c:265:6:appMAINTENANCE_JoinNetwork	16	static
../src/menus.c:270:6:appMAINTENANCE_xDisconnectNetwork	24	static
../src/menus.c:279:6:appMAINTENANCE_DisconnectNetwork	16	static
../src/menus.c:284:6:appMAINTENANCE_SetWifiHandler	80	static
../src/menus.c:304:6:appMAINTENANCE_xSetCredentials	64	static
../src/menus.c:344:6:appMAINTENANCE_SetMQTTHandler	16	static
