../src/rtosespserial.c:124:6:rtosESPSERIAL_Init	24	static
../src/rtosespserial.c:160:6:rtosESPSERIAL_LockBegin	8	static
../src/rtosespserial.c:164:6:rtosESPSERIAL_LockEnd	8	static
../src/rtosespserial.c:169:6:rtosESPSERIAL_Refresh	24	static
../src/rtosespserial.c:187:6:rtosESPSERIAL_Clear	24	static
../src/rtosespserial.c:206:6:rtosESPSERIAL_Send	32	static
../src/rtosespserial.c:228:6:rtosESPSERIAL_Recv	32	static
../src/rtosespserial.c:250:6:rtosESPSERIAL_RecvByte	24	static
../src/rtosespserial.c:257:6:rtosESPSERIAL_ReadLine	24	static
../src/rtosespserial.c:282:6:rtosESPSERIAL_FindStr	32	static
../src/rtosespserial.c:308:6:rtosESPSERIAL_WaitResp	32	static
../src/rtosespserial.c:335:6:rtosESPSERIAL_WaitStr	32	static
../src/rtosespserial.c:369:6:rtosESPSERIAL_SendAT	32	static
../src/rtosespserial.c:399:13:rtosESPSERIAL_xParseStatus	32	static
../src/rtosespserial.c:412:13:rtosESPSERIAL_xHandleStatus	8	static
../src/rtosespserial.c:423:6:rtosESPSERIAL_xRefresh	24	static
../src/rtosespserial.c:440:6:rtosESPSERIAL_xClear	8	static
../src/rtosespserial.c:446:6:rtosESPSERIAL_xSend	32	static
../src/rtosespserial.c:455:6:rtosESPSERIAL_xRecv	32	static
../src/rtosespserial.c:472:6:rtosESPSERIAL_xReadLine	24	static
../src/rtosespserial.c:495:6:rtosESPSERIAL_xFindStr	24	static
../src/rtosespserial.c:517:6:rtosESPSERIAL_xWaitResp	48	static
../src/rtosespserial.c:566:6:rtosESPSERIAL_xWaitStr	48	static
../src/rtosespserial.c:606:6:rtosESPSERIAL_xSendAT	48	static
../src/rtosespserial.c:641:6:rtosESPSERIAL_Setup	48	static
../src/rtosespserial.c:728:6:rtosESPSERIAL_SetupTask	16	static
../src/rtosespserial.c:736:13:rtosESPSERIAL_Task	24	static
