Archive member included to satisfy reference by file (symbol)

C:\Users\alext\Desktop\SE\Workspace\FreeRTOS-Network-UI\Release\libFreeRTOS-Network-UI.a(netmqtt.o)
                              ./src/main.o (netMQTT_Stop)
C:\Users\alext\Desktop\SE\Workspace\FreeRTOS-Network-UI\Release\libFreeRTOS-Network-UI.a(netntp.o)
                              ./src/main.o (netNTP_GetTime)
C:\Users\alext\Desktop\SE\Workspace\FreeRTOS-Network-UI\Release\libFreeRTOS-Network-UI.a(nettransport.o)
                              C:\Users\alext\Desktop\SE\Workspace\FreeRTOS-Network-UI\Release\libFreeRTOS-Network-UI.a(netntp.o) (netUDP_Start)
C:\Users\alext\Desktop\SE\Workspace\FreeRTOS-Network-UI\Release\libFreeRTOS-Network-UI.a(netwifi.o)
                              ./src/main.o (netWIFI_Connect)
C:\Users\alext\Desktop\SE\Workspace\FreeRTOS-Network-UI\Release\libFreeRTOS-Network-UI.a(transport.o)
                              C:\Users\alext\Desktop\SE\Workspace\FreeRTOS-Network-UI\Release\libFreeRTOS-Network-UI.a(netmqtt.o) (transport_sendPacketBuffer)
C:\Users\alext\Desktop\SE\Workspace\FreeRTOS-Network-UI\Release\libFreeRTOS-Network-UI.a(uimenu.o)
                              ./src/main.o (uiMENU_Generate)
C:\Users\alext\Desktop\SE\Workspace\MQTTPacket\Debug\libMQTTPacket.a(MQTTConnectClient.o)
                              C:\Users\alext\Desktop\SE\Workspace\FreeRTOS-Network-UI\Release\libFreeRTOS-Network-UI.a(netmqtt.o) (MQTTSerialize_connect)
C:\Users\alext\Desktop\SE\Workspace\MQTTPacket\Debug\libMQTTPacket.a(MQTTPacket.o)
                              C:\Users\alext\Desktop\SE\Workspace\MQTTPacket\Debug\libMQTTPacket.a(MQTTConnectClient.o) (MQTTPacket_encode)
C:\Users\alext\Desktop\SE\Workspace\MQTTPacket\Debug\libMQTTPacket.a(MQTTSerializePublish.o)
                              C:\Users\alext\Desktop\SE\Workspace\FreeRTOS-Network-UI\Release\libFreeRTOS-Network-UI.a(netmqtt.o) (MQTTSerialize_publish)
C:\Users\alext\Desktop\SE\Workspace\FreeRTOS-Drivers\Release\libFreeRTOS-Drivers.a(rtosbh1750.o)
                              ./src/main.o (rtosBH1750_Ready)
C:\Users\alext\Desktop\SE\Workspace\FreeRTOS-Drivers\Release\libFreeRTOS-Drivers.a(rtosencoder.o)
                              ./src/menus.o (rtosENCODER_GetButton)
C:\Users\alext\Desktop\SE\Workspace\FreeRTOS-Drivers\Release\libFreeRTOS-Drivers.a(rtosespserial.o)
                              C:\Users\alext\Desktop\SE\Workspace\FreeRTOS-Network-UI\Release\libFreeRTOS-Network-UI.a(nettransport.o) (rtosESPSERIAL_LockBegin)
C:\Users\alext\Desktop\SE\Workspace\FreeRTOS-Drivers\Release\libFreeRTOS-Drivers.a(rtoslcd.o)
                              ./src/menus.o (rtosLCDText_WriteString)
C:\Users\alext\Desktop\SE\Workspace\FreeRTOS-Drivers\Release\libFreeRTOS-Drivers.a(rtosled.o)
                              ./src/main.o (rtosLED_On)
C:\Users\alext\Desktop\SE\Workspace\FreeRTOS-Drivers\Release\libFreeRTOS-Drivers.a(rtoslock.o)
                              C:\Users\alext\Desktop\SE\Workspace\FreeRTOS-Drivers\Release\libFreeRTOS-Drivers.a(rtosespserial.o) (rtosLOCK_Init)
C:\Users\alext\Desktop\SE\Workspace\FreeRTOS-Drivers\Release\libFreeRTOS-Drivers.a(rtospir.o)
                              ./src/main.o (rtosPIR_GetValue)
C:\Users\alext\Desktop\SE\Workspace\FreeRTOS-Drivers\Release\libFreeRTOS-Drivers.a(rtosrtc.o)
                              ./src/main.o (rtosRTC_GetValue)
C:\Users\alext\Desktop\SE\Workspace\FreeRTOS-Drivers\Release\libFreeRTOS-Drivers.a(rtostimeout.o)
                              C:\Users\alext\Desktop\SE\Workspace\FreeRTOS-Network-UI\Release\libFreeRTOS-Network-UI.a(nettransport.o) (rtosTIMEOUT_Start)
C:\Users\alext\Desktop\SE\Workspace\DRIVERS\Release\libDRIVERS.a(bh1750.o)
                              C:\Users\alext\Desktop\SE\Workspace\FreeRTOS-Drivers\Release\libFreeRTOS-Drivers.a(rtosbh1750.o) (BH1750_Init)
C:\Users\alext\Desktop\SE\Workspace\DRIVERS\Release\libDRIVERS.a(encoder.o)
                              C:\Users\alext\Desktop\SE\Workspace\FreeRTOS-Drivers\Release\libFreeRTOS-Drivers.a(rtosencoder.o) (ENCODER_Init)
C:\Users\alext\Desktop\SE\Workspace\DRIVERS\Release\libDRIVERS.a(espserial.o)
                              C:\Users\alext\Desktop\SE\Workspace\FreeRTOS-Drivers\Release\libFreeRTOS-Drivers.a(rtosespserial.o) (ESPSERIAL_Send)
C:\Users\alext\Desktop\SE\Workspace\DRIVERS\Release\libDRIVERS.a(lcdtext.o)
                              C:\Users\alext\Desktop\SE\Workspace\FreeRTOS-Drivers\Release\libFreeRTOS-Drivers.a(rtoslcd.o) (LCDText_Init)
C:\Users\alext\Desktop\SE\Workspace\DRIVERS\Release\libDRIVERS.a(led.o)
                              C:\Users\alext\Desktop\SE\Workspace\FreeRTOS-Drivers\Release\libFreeRTOS-Drivers.a(rtosled.o) (LED_Init)
C:\Users\alext\Desktop\SE\Workspace\DRIVERS\Release\libDRIVERS.a(pir.o)
                              C:\Users\alext\Desktop\SE\Workspace\FreeRTOS-Drivers\Release\libFreeRTOS-Drivers.a(rtospir.o) (PIR_Init)
[...]
Memory Configuration

Name             Origin             Length             Attributes
MFlash512        0x00000000         0x00080000         xr
RamLoc32         0x10000000         0x00008000         xrw
RamAHB32         0x2007c000         0x00008000         xrw
*default*        0x00000000         0xffffffff

Linker script and memory map

LOAD ./src/cr_startup_lpc175x_6x-FreeRTOS.o
LOAD ./src/crp.o
LOAD ./src/espserialtest.o
LOAD ./src/locktest.o
LOAD ./src/main.o
LOAD ./src/menus.o
LOAD ./src/networktest.o
LOAD ./src/printf-stdarg.o
LOAD C:\Users\alext\Desktop\SE\Workspace\FreeRTOS-Network-UI\Release\libFreeRTOS-Network-UI.a
LOAD C:\Users\alext\Desktop\SE\Workspace\MQTTPacket\Debug\libMQTTPacket.a
LOAD C:\Users\alext\Desktop\SE\Workspace\FreeRTOS-Drivers\Release\libFreeRTOS-Drivers.a
LOAD C:\Users\alext\Desktop\SE\Workspace\DRIVERS\Release\libDRIVERS.a
LOAD C:\Users\alext\Desktop\SE\Workspace\DRIVERS\Release\libHAL.a
LOAD C:\Users\alext\Desktop\SE\Workspace\FreeRTOS-Kernel\Debug\libFreeRTOS-Kernel.a
LOAD C:\Users\alext\Desktop\SE\Workspace\DRIVERS\Release\libHAL.a
LOAD C:\Users\alext\Desktop\SE\Workspace\CMSIS_CORE_LPC17xx\Debug\libCMSIS_CORE_LPC17xx.a
START GROUP
LOAD c:/nxp/mcuxpressoide_11.6.0_8187/ide/plugins/com.nxp.mcuxpresso.tools.win32_11.6.0.202112161359/tools/bin/../lib/gcc/arm-none-eabi/10.3.1/thumb/v7-m/nofp\libgcc.a
LOAD c:/nxp/mcuxpressoide_11.6.0_8187/ide/plugins/com.nxp.mcuxpresso.tools.win32_11.6.0.202112161359/tools/bin/../lib/gcc/arm-none-eabi/10.3.1/../../../../arm-none-eabi/lib/thumb/v7-m/nofp\libc_nano.a
LOAD c:/nxp/mcuxpressoide_11.6.0_8187/ide/plugins/com.nxp.mcuxpresso.tools.win32_11.6.0.202112161359/tools/bin/../lib/gcc/arm-none-eabi/10.3.1/../../../../arm-none-eabi/lib/thumb/v7-m/nofp\libm.a
LOAD c:/nxp/mcuxpressoide_11.6.0_8187/ide/plugins/com.nxp.mcuxpresso.tools.win32_11.6.0.202112161359/tools/bin/../lib/gcc/arm-none-eabi/10.3.1/../../../../arm-none-eabi/lib/thumb/v7-m/nofp\libcr_newlib_nohost.a
END GROUP
                0x00000000                __base_MFlash512 = 0x0
                0x00000000                __base_Flash = 0x0
                0x00080000                __top_MFlash512 = 0x80000
                0x00080000                __top_Flash = 0x80000
                0x10000000                __base_RamLoc32 = 0x10000000
                0x10000000                __base_RAM = 0x10000000
                0x10008000                __top_RamLoc32 = 0x10008000
                0x10008000                __top_RAM = 0x10008000
                0x2007c000                __base_RamAHB32 = 0x2007c000
                0x2007c000                __base_RAM2 = 0x2007c000
                0x20084000                __top_RamAHB32 = 0x20084000
                0x20084000                __top_RAM2 = 0x20084000

.text           0x00000000     0x89a0
 FILL mask 0xff
                0x00000000                __vectors_start__ = ABSOLUTE (.)
 *(.isr_vector)
 .isr_vector    0x00000000       0xcc ./src/cr_startup_lpc175x_6x-FreeRTOS.o
                0x00000000                g_pfnVectors
                0x000000cc                . = ALIGN (0x4)
                0x000000cc                __section_table_start = .
                0x000000cc                __data_section_table = .
                0x000000cc        0x4 LONG 0x89a8 LOADADDR (.data)
                0x000000d0        0x4 LONG 0x10000000 ADDR (.data)
                0x000000d4        0x4 LONG 0xfc SIZEOF (.data)
                0x000000d8        0x4 LONG 0x89a8 LOADADDR (.data_RAM2)
                0x000000dc        0x4 LONG 0x2007c000 ADDR (.data_RAM2)
                0x000000e0        0x4 LONG 0x0 SIZEOF (.data_RAM2)
                0x000000e4                __data_section_table_end = .
                0x000000e4                __bss_section_table = .
                0x000000e4        0x4 LONG 0x100000fc ADDR (.bss)
                0x000000e8        0x4 LONG 0x4aa0 SIZEOF (.bss)
                0x000000ec        0x4 LONG 0x2007c000 ADDR (.bss_RAM2)
                0x000000f0        0x4 LONG 0x0 SIZEOF (.bss_RAM2)
                0x000000f4                __bss_section_table_end = .
                0x000000f4                __section_table_end = .
 *(.after_vectors*)
 .after_vectors
                0x000000f4      0x130 ./src/cr_startup_lpc175x_6x-FreeRTOS.o
                0x000000f4                data_init
                0x00000138                bss_init
                0x00000170                ResetISR
                0x000001e8                NMI_Handler
                0x000001ee                HardFault_Handler
                0x000001f4                MemManage_Handler
                0x000001fa                BusFault_Handler
                0x00000200                UsageFault_Handler
                0x00000206                SVC_Handler
                0x0000020c                DebugMon_Handler
                0x00000212                PendSV_Handler
                0x00000218                SysTick_Handler
                0x0000021e                CANActivity_IRQHandler
                0x0000021e                TIMER3_IRQHandler
                0x0000021e                UART0_IRQHandler
                0x0000021e                PWM1_IRQHandler
                0x0000021e                UART1_IRQHandler
                0x0000021e                IntDefaultHandler
                0x0000021e                PLL0_IRQHandler
                0x0000021e                CAN_IRQHandler
                0x0000021e                USBActivity_IRQHandler
                0x0000021e                SSP0_IRQHandler
                0x0000021e                EINT2_IRQHandler
                0x0000021e                I2C2_IRQHandler
                0x0000021e                RTC_IRQHandler
                0x0000021e                TIMER0_IRQHandler
                0x0000021e                SPI_IRQHandler
                0x0000021e                EINT3_IRQHandler
                0x0000021e                EINT1_IRQHandler
                0x0000021e                TIMER1_IRQHandler
                0x0000021e                UART2_IRQHandler
                0x0000021e                ADC_IRQHandler
                0x0000021e                SSP1_IRQHandler
                0x0000021e                USB_IRQHandler
                0x0000021e                BOD_IRQHandler
                0x0000021e                I2C1_IRQHandler
                0x0000021e                WDT_IRQHandler
                0x0000021e                I2S_IRQHandler
                0x0000021e                QEI_IRQHandler
                0x0000021e                EINT0_IRQHandler
                0x0000021e                PLL1_IRQHandler
                0x0000021e                DMA_IRQHandler
                0x0000021e                TIMER2_IRQHandler
                0x0000021e                MCPWM_IRQHandler
                0x0000021e                ENET_IRQHandler
                0x000002fc                . = 0x2fc
 *fill*         0x00000224       0xd8 ff
                0x000002fc                PROVIDE (__CRP_WORD_START__ = .)
 *(.crp)
 .crp           0x000002fc        0x4 ./src/crp.o
                0x000002fc                CRP_WORD
                0x00000300                PROVIDE (__CRP_WORD_END__ = .)
                0x00000001                ASSERT (! ((__CRP_WORD_START__ == __CRP_WORD_END__)), Linker CRP Enabled, but no CRP_WORD provided within application)
 *(.text*)
 .text.RTOS_Init
                0x00000300       0x3c ./src/main.o
                0x00000300                RTOS_Init
 .text.NETWORK_Init
                0x0000033c        0xc ./src/main.o
                0x0000033c                NETWORK_Init
 .text.APPLICATION_Init
                0x00000348       0x50 ./src/main.o
                0x00000348                APPLICATION_Init
 .text.appMENU_NormalAffix
                0x00000398      0x110 ./src/main.o
                0x00000398                appMENU_NormalAffix
 .text.appMENU_NormalManageLight
                0x000004a8       0x9c ./src/main.o
                0x000004a8                appMENU_NormalManageLight
 .text.appMENU_NormalMode
                0x00000544       0xb0 ./src/main.o
 .text.appMENU_MaintenanceMode
                0x000005f4       0xd0 ./src/main.o
 .text.main     0x000006c4       0x16 ./src/main.o
                0x000006c4                main
 .text.vApplicationStackOverflowHook
                0x000006da        0xc ./src/main.o
                0x000006da                vApplicationStackOverflowHook
 *fill*         0x000006e6        0x2 ff
 .text.handler  0x000006e8       0x1c ./src/menus.o
                0x000006e8                handler
 .text.appMAINTENANCE_xSyncTime
                0x00000704       0x62 ./src/menus.o
                0x00000704                appMAINTENANCE_xSyncTime
 *fill*         0x00000766        0x2 ff
 .text.appMAINTENANCE_SyncTimeHandler
                0x00000768       0x24 ./src/menus.o
                0x00000768                appMAINTENANCE_SyncTimeHandler
 .text.appMAINTENANCE_SetLightHandler
                0x0000078c       0xac ./src/menus.o
                0x0000078c                appMAINTENANCE_SetLightHandler
 .text.uiMENU_DaysOfMonth
                0x00000838       0x98 ./src/menus.o
                0x00000838                uiMENU_DaysOfMonth
 .text.appMAINTENANCE_xSetDate
                0x000008d0       0xf0 ./src/menus.o
                0x000008d0                appMAINTENANCE_xSetDate
 .text.appMAINTENANCE_SetDateHandler
                0x000009c0      0x278 ./src/menus.o
                0x000009c0                appMAINTENANCE_SetDateHandler
 .text.putchar  0x00000c38       0x14 ./src/printf-stdarg.o
 .text.printchar
                0x00000c4c       0x34 ./src/printf-stdarg.o
 .text.prints   0x00000c80       0xb0 ./src/printf-stdarg.o
 .text.printi   0x00000d30       0xd8 ./src/printf-stdarg.o
 .text.print    0x00000e08      0x1c8 ./src/printf-stdarg.o
 .text.printf   0x00000fd0       0x28 ./src/printf-stdarg.o
                0x00000fd0                printf
 .text.vsprintf
                0x00000ff8       0x24 ./src/printf-stdarg.o
                0x00000ff8                vsprintf
 .text.netNTP_GetTime
                0x0000101c       0x54 C:\Users\alext\Desktop\SE\Workspace\FreeRTOS-Network-UI\Release\libFreeRTOS-Network-UI.a(netntp.o)
                0x0000101c                netNTP_GetTime
 .text.uiMENU_Generate
                0x00001070       0x82 C:\Users\alext\Desktop\SE\Workspace\FreeRTOS-Network-UI\Release\libFreeRTOS-Network-UI.a(uimenu.o)
                0x00001070                uiMENU_Generate
 *fill*         0x000010f2        0x2 ff
 .text.uiMENU_Execute
                0x000010f4      0x148 C:\Users\alext\Desktop\SE\Workspace\FreeRTOS-Network-UI\Release\libFreeRTOS-Network-UI.a(uimenu.o)
                0x000010f4                uiMENU_Execute
 .text.uiMENU_ExecuteCMD
                0x0000123c      0x114 C:\Users\alext\Desktop\SE\Workspace\FreeRTOS-Network-UI\Release\libFreeRTOS-Network-UI.a(uimenu.o)
                0x0000123c                uiMENU_ExecuteCMD
 .text.uiMENU_CenterString
                0x00001350       0x84 C:\Users\alext\Desktop\SE\Workspace\FreeRTOS-Network-UI\Release\libFreeRTOS-Network-UI.a(uimenu.o)
                0x00001350                uiMENU_CenterString
 .text.uiENCODER_HANDLE
                0x000013d4       0x5e C:\Users\alext\Desktop\SE\Workspace\FreeRTOS-Network-UI\Release\libFreeRTOS-Network-UI.a(uimenu.o)
                0x000013d4                uiENCODER_HANDLE
 *fill*         0x00001432        0x2 ff
 .text.uiMENU_BlinkStr
                0x00001434       0xf0 C:\Users\alext\Desktop\SE\Workspace\FreeRTOS-Network-UI\Release\libFreeRTOS-Network-UI.a(uimenu.o)
                0x00001434                uiMENU_BlinkStr
 .text.rtosBH1750_Ready
                0x00001524       0x6c C:\Users\alext\Desktop\SE\Workspace\FreeRTOS-Drivers\Release\libFreeRTOS-Drivers.a(rtosbh1750.o)
                0x00001524                rtosBH1750_Ready
 .text.rtosBH1750_GetLight
                0x00001590       0x60 C:\Users\alext\Desktop\SE\Workspace\FreeRTOS-Drivers\Release\libFreeRTOS-Drivers.a(rtosbh1750.o)
                0x00001590                rtosBH1750_GetLight
 .text.rtosENCODER_GetButton
                0x000015f0       0x60 C:\Users\alext\Desktop\SE\Workspace\FreeRTOS-Drivers\Release\libFreeRTOS-Drivers.a(rtosencoder.o)
                0x000015f0                rtosENCODER_GetButton
 .text.rtosENCODER_GetValue
                0x00001650       0x64 C:\Users\alext\Desktop\SE\Workspace\FreeRTOS-Drivers\Release\libFreeRTOS-Drivers.a(rtosencoder.o)
                0x00001650                rtosENCODER_GetValue
 .text.rtosLCDText_WriteString
                0x000016b4       0x88 C:\Users\alext\Desktop\SE\Workspace\FreeRTOS-Drivers\Release\libFreeRTOS-Drivers.a(rtoslcd.o)
                0x000016b4                rtosLCDText_WriteString
 .text.rtosLCDText_Clear
                0x0000173c       0x5c C:\Users\alext\Desktop\SE\Workspace\FreeRTOS-Drivers\Release\libFreeRTOS-Drivers.a(rtoslcd.o)
                0x0000173c                rtosLCDText_Clear
 .text.rtosLCDText_Locate
                0x00001798       0x70 C:\Users\alext\Desktop\SE\Workspace\FreeRTOS-Drivers\Release\libFreeRTOS-Drivers.a(rtoslcd.o)
                0x00001798                rtosLCDText_Locate
 .text.rtosLCDText_Printf
                0x00001808       0x9c C:\Users\alext\Desktop\SE\Workspace\FreeRTOS-Drivers\Release\libFreeRTOS-Drivers.a(rtoslcd.o)
                0x00001808                rtosLCDText_Printf
 .text.rtosLED_On
                0x000018a4       0x38 C:\Users\alext\Desktop\SE\Workspace\FreeRTOS-Drivers\Release\libFreeRTOS-Drivers.a(rtosled.o)
                0x000018a4                rtosLED_On
 .text.rtosLED_Off
                0x000018dc       0x38 C:\Users\alext\Desktop\SE\Workspace\FreeRTOS-Drivers\Release\libFreeRTOS-Drivers.a(rtosled.o)
                0x000018dc                rtosLED_Off
 .text.rtosLOCK_Begin
                0x00001914       0x52 C:\Users\alext\Desktop\SE\Workspace\FreeRTOS-Drivers\Release\libFreeRTOS-Drivers.a(rtoslock.o)
                0x00001914                rtosLOCK_Begin
 .text.rtosLOCK_End
                0x00001966       0x4e C:\Users\alext\Desktop\SE\Workspace\FreeRTOS-Drivers\Release\libFreeRTOS-Drivers.a(rtoslock.o)
                0x00001966                rtosLOCK_End
 .text.rtosPIR_GetValue
                0x000019b4       0x14 C:\Users\alext\Desktop\SE\Workspace\FreeRTOS-Drivers\Release\libFreeRTOS-Drivers.a(rtospir.o)
                0x000019b4                rtosPIR_GetValue
 .text.rtosRTC_GetValue
                0x000019c8       0x54 C:\Users\alext\Desktop\SE\Workspace\FreeRTOS-Drivers\Release\libFreeRTOS-Drivers.a(rtosrtc.o)
                0x000019c8                rtosRTC_GetValue
 .text.rtosRTC_SetValue
                0x00001a1c       0x40 C:\Users\alext\Desktop\SE\Workspace\FreeRTOS-Drivers\Release\libFreeRTOS-Drivers.a(rtosrtc.o)
                0x00001a1c                rtosRTC_SetValue
 .text.I2C0_IRQHandler
                0x00001a5c      0x348 C:\Users\alext\Desktop\SE\Workspace\DRIVERS\Release\libHAL.a(i2c.o)
                0x00001a5c                I2C0_IRQHandler
 .text.RIT_IRQHandler
                0x00001da4       0x1c C:\Users\alext\Desktop\SE\Workspace\DRIVERS\Release\libHAL.a(rit.o)
                0x00001da4                RIT_IRQHandler
 .text.UART3_IRQHandler
                0x00001dc0      0x150 C:\Users\alext\Desktop\SE\Workspace\DRIVERS\Release\libHAL.a(uart.o)
                0x00001dc0                UART3_IRQHandler
 .text.TIMER_RuntimeStatsConfig
                0x00001f10       0x64 C:\Users\alext\Desktop\SE\Workspace\DRIVERS\Release\libHAL.a(wait.o)
                0x00001f10                TIMER_RuntimeStatsConfig
 .text.TIMER_RuntimeStatsGet
                0x00001f74       0x14 C:\Users\alext\Desktop\SE\Workspace\DRIVERS\Release\libHAL.a(wait.o)
                0x00001f74                TIMER_RuntimeStatsGet
 .text          0x00001f88      0x418 C:\Users\alext\Desktop\SE\Workspace\FreeRTOS-Kernel\Debug\libFreeRTOS-Kernel.a(heap_4.o)
                0x00001f88                pvPortMalloc
                0x000020bc                vPortFree
                0x0000213c                xPortGetFreeHeapSize
                0x00002150                xPortGetMinimumEverFreeHeapSize
                0x00002164                vPortInitialiseBlocks
                0x000022e4                vPortGetHeapStats
 .text          0x000023a0      0x264 C:\Users\alext\Desktop\SE\Workspace\FreeRTOS-Kernel\Debug\libFreeRTOS-Kernel.a(port.o)
                0x000023a0                pxPortInitialiseStack
                0x0000242a                vPortSVCHandler
                0x00002472                xPortStartScheduler
                0x000024b4                vPortEndScheduler
                0x000024c0                vPortEnterCritical
                0x000024f4                vPortExitCritical
                0x00002528                xPortPendSVHandler
                0x00002576                xPortSysTickHandler
                0x000025bc                vPortSetupTimerInterrupt
 .text          0x00002604      0xe94 C:\Users\alext\Desktop\SE\Workspace\FreeRTOS-Kernel\Debug\libFreeRTOS-Kernel.a(queue.o)
                0x00002604                xQueueGenericReset
                0x000026b8                xQueueGenericCreate
                0x00002782                xQueueCreateMutex
                0x000027b2                xQueueCreateCountingSemaphore
                0x000027de                xQueueGenericSend
                0x00002934                xQueueGenericSendFromISR
                0x000029ee                xQueueGiveFromISR
                0x00002a96                xQueueReceive
                0x00002bdc                xQueueSemaphoreTake
                0x00002d6c                xQueuePeek
                0x00002eb4                xQueueReceiveFromISR
                0x00002f62                xQueuePeekFromISR
                0x00002fc8                uxQueueMessagesWaiting
                0x00002fe8                uxQueueSpacesAvailable
                0x00003012                uxQueueMessagesWaitingFromISR
                0x00003030                vQueueDelete
                0x00003050                uxQueueGetQueueNumber
                0x00003066                vQueueSetQueueNumber
                0x00003080                ucQueueGetQueueType
                0x000032b6                xQueueIsQueueEmptyFromISR
                0x00003310                xQueueIsQueueFullFromISR
                0x0000333e                vQueueAddToRegistry
                0x00003390                pcQueueGetName
                0x000033dc                vQueueUnregisterQueue
                0x00003430                vQueueWaitForMessageRestricted
 .text          0x00003498     0x1e6c C:\Users\alext\Desktop\SE\Workspace\FreeRTOS-Kernel\Debug\libFreeRTOS-Kernel.a(tasks.o)
                0x00003498                xTaskCreate
                0x00003700                vTaskDelete
                0x000037fc                vTaskDelayUntil
                0x0000389c                vTaskDelay
                0x000038e4                eTaskGetState
                0x00003994                uxTaskPriorityGet
                0x000039c8                uxTaskPriorityGetFromISR
                0x00003a20                vTaskPrioritySet
                0x00003b58                vTaskSuspend
                0x00003ca0                vTaskResume
                0x00003d40                xTaskResumeFromISR
                0x00003e04                vTaskStartScheduler
                0x00003e84                vTaskEndScheduler
                0x00003eb4                vTaskSuspendAll
                0x00003ed0                xTaskResumeAll
                0x00003fec                xTaskGetTickCount
                0x00004008                xTaskGetTickCountFromISR
                0x00004028                uxTaskGetNumberOfTasks
                0x0000403c                pcTaskGetName
                0x00004068                uxTaskGetSystemState
                0x00004188                xTaskCatchUpTicks
                0x000041b4                xTaskIncrementTick
                0x00004304                vTaskSwitchContext
                0x000043e8                vTaskPlaceOnEventList
                0x00004414                vTaskPlaceOnUnorderedEventList
                0x00004450                vTaskPlaceOnEventListRestricted
                0x0000448c                xTaskRemoveFromEventList
                0x00004534                vTaskRemoveFromUnorderedEventList
                0x000045b8                vTaskSetTimeOutState
                0x000045e8                vTaskInternalSetTimeOutState
                0x00004614                xTaskCheckForTimeOut
                0x000046a0                vTaskMissedYield
                0x000046b8                uxTaskGetTaskNumber
                0x000046e2                vTaskSetTaskNumber
                0x000047f0                vTaskGetInfo
                0x000049ec                xTaskGetCurrentTaskHandle
                0x00004a08                xTaskGetSchedulerState
                0x00004a44                xTaskPriorityInherit
                0x00004b30                xTaskPriorityDisinherit
                0x00004be4                vTaskPriorityDisinheritAfterTimeout
                0x00004cc0                uxTaskResetEventItemValue
                0x00004cf0                pvTaskIncrementMutexHeldCount
                0x00004d18                ulTaskNotifyTake
                0x00004da8                xTaskNotifyWait
                0x00004e5c                xTaskGenericNotify
                0x00004f6c                xTaskGenericNotifyFromISR
                0x000050c0                vTaskNotifyGiveFromISR
                0x000051a4                xTaskNotifyStateClear
                0x000051f0                ulTaskNotifyValueClear
 .text          0x00005304      0x7a8 C:\Users\alext\Desktop\SE\Workspace\FreeRTOS-Kernel\Debug\libFreeRTOS-Kernel.a(timers.o)
                0x00005304                xTimerCreateTimerTask
                0x0000534c                xTimerCreate
                0x000053e8                xTimerGenericCommand
                0x00005468                xTimerGetTimerDaemonTaskHandle
                0x0000547c                xTimerGetPeriod
                0x00005496                vTimerSetReloadMode
                0x000054e0                uxTimerGetReloadMode
                0x00005516                xTimerGetExpiryTime
                0x00005534                pcTimerGetName
                0x000059fc                xTimerIsTimerActive
                0x00005a32                pvTimerGetTimerID
                0x00005a56                vTimerSetTimerID
                0x00005a7a                uxTimerGetTimerNumber
                0x00005a90                vTimerSetTimerNumber
 .text          0x00005aac      0x15e C:\Users\alext\Desktop\SE\Workspace\FreeRTOS-Kernel\Debug\libFreeRTOS-Kernel.a(list.o)
                0x00005aac                vListInitialise
                0x00005aea                vListInitialiseItem
                0x00005b02                vListInsertEnd
                0x00005b48                vListInsert
                0x00005bb8                uxListRemove
 *fill*         0x00005c0a        0x2 ff
 .text.SystemInit
                0x00005c0c       0xd8 C:\Users\alext\Desktop\SE\Workspace\CMSIS_CORE_LPC17xx\Debug\libCMSIS_CORE_LPC17xx.a(system_LPC17xx.o)
                0x00005c0c                SystemInit
 .text          0x00005ce4       0x4c c:/nxp/mcuxpressoide_11.6.0_8187/ide/plugins/com.nxp.mcuxpresso.tools.win32_11.6.0.202112161359/tools/bin/../lib/gcc/arm-none-eabi/10.3.1/thumb/v7-m/nofp\libgcc.a(_arm_fixsfsi.o)
                0x00005ce4                __aeabi_f2iz
                0x00005ce4                __fixsfsi
 .text          0x00005d30       0xa0 c:/nxp/mcuxpressoide_11.6.0_8187/ide/plugins/com.nxp.mcuxpresso.tools.win32_11.6.0.202112161359/tools/bin/../lib/gcc/arm-none-eabi/10.3.1/thumb/v7-m/nofp\libgcc.a(_aeabi_ldivmod.o)
                0x00005d30                __aeabi_ldivmod
 .text          0x00005dd0      0x2d4 c:/nxp/mcuxpressoide_11.6.0_8187/ide/plugins/com.nxp.mcuxpresso.tools.win32_11.6.0.202112161359/tools/bin/../lib/gcc/arm-none-eabi/10.3.1/thumb/v7-m/nofp\libgcc.a(_udivmoddi4.o)
                0x00005dd0                __udivmoddi4
 .text          0x000060a4        0x4 c:/nxp/mcuxpressoide_11.6.0_8187/ide/plugins/com.nxp.mcuxpresso.tools.win32_11.6.0.202112161359/tools/bin/../lib/gcc/arm-none-eabi/10.3.1/thumb/v7-m/nofp\libgcc.a(_dvmd_tls.o)
                0x000060a4                __aeabi_idiv0
                0x000060a4                __aeabi_ldiv0
 .text.gmtime_r
                0x000060a8      0x15c c:/nxp/mcuxpressoide_11.6.0_8187/ide/plugins/com.nxp.mcuxpresso.tools.win32_11.6.0.202112161359/tools/bin/../lib/gcc/arm-none-eabi/10.3.1/../../../../arm-none-eabi/lib/thumb/v7-m/nofp\libc_nano.a(lib_a-gmtime_r.o)
                0x000060a8                gmtime_r
 .text.localtime
                0x00006204       0x3c c:/nxp/mcuxpressoide_11.6.0_8187/ide/plugins/com.nxp.mcuxpresso.tools.win32_11.6.0.202112161359/tools/bin/../lib/gcc/arm-none-eabi/10.3.1/../../../../arm-none-eabi/lib/thumb/v7-m/nofp\libc_nano.a(lib_a-lcltime.o)
                0x00006204                localtime
 .text.localtime_r
                0x00006240      0x1e4 c:/nxp/mcuxpressoide_11.6.0_8187/ide/plugins/com.nxp.mcuxpresso.tools.win32_11.6.0.202112161359/tools/bin/../lib/gcc/arm-none-eabi/10.3.1/../../../../arm-none-eabi/lib/thumb/v7-m/nofp\libc_nano.a(lib_a-lcltime_r.o)
                0x00006240                localtime_r
 .text.malloc   0x00006424       0x10 c:/nxp/mcuxpressoide_11.6.0_8187/ide/plugins/com.nxp.mcuxpresso.tools.win32_11.6.0.202112161359/tools/bin/../lib/gcc/arm-none-eabi/10.3.1/../../../../arm-none-eabi/lib/thumb/v7-m/nofp\libc_nano.a(lib_a-malloc.o)
                0x00006424                malloc
 .text.free     0x00006434       0x10 c:/nxp/mcuxpressoide_11.6.0_8187/ide/plugins/com.nxp.mcuxpresso.tools.win32_11.6.0.202112161359/tools/bin/../lib/gcc/arm-none-eabi/10.3.1/../../../../arm-none-eabi/lib/thumb/v7-m/nofp\libc_nano.a(lib_a-malloc.o)
                0x00006434                free
 .text.memcpy   0x00006444       0x1c c:/nxp/mcuxpressoide_11.6.0_8187/ide/plugins/com.nxp.mcuxpresso.tools.win32_11.6.0.202112161359/tools/bin/../lib/gcc/arm-none-eabi/10.3.1/../../../../arm-none-eabi/lib/thumb/v7-m/nofp\libc_nano.a(lib_a-memcpy-stub.o)
                0x00006444                memcpy
 .text.memset   0x00006460       0x10 c:/nxp/mcuxpressoide_11.6.0_8187/ide/plugins/com.nxp.mcuxpresso.tools.win32_11.6.0.202112161359/tools/bin/../lib/gcc/arm-none-eabi/10.3.1/../../../../arm-none-eabi/lib/thumb/v7-m/nofp\libc_nano.a(lib_a-memset.o)
                0x00006460                memset
 .text._free_r  0x00006470       0x90 c:/nxp/mcuxpressoide_11.6.0_8187/ide/plugins/com.nxp.mcuxpresso.tools.win32_11.6.0.202112161359/tools/bin/../lib/gcc/arm-none-eabi/10.3.1/../../../../arm-none-eabi/lib/thumb/v7-m/nofp\libc_nano.a(lib_a-nano-freer.o)
                0x00006470                _free_r
 .text.sbrk_aligned
                0x00006500       0x40 c:/nxp/mcuxpressoide_11.6.0_8187/ide/plugins/com.nxp.mcuxpresso.tools.win32_11.6.0.202112161359/tools/bin/../lib/gcc/arm-none-eabi/10.3.1/../../../../arm-none-eabi/lib/thumb/v7-m/nofp\libc_nano.a(lib_a-nano-mallocr.o)
 .text._malloc_r
                0x00006540       0xe8 c:/nxp/mcuxpressoide_11.6.0_8187/ide/plugins/com.nxp.mcuxpresso.tools.win32_11.6.0.202112161359/tools/bin/../lib/gcc/arm-none-eabi/10.3.1/../../../../arm-none-eabi/lib/thumb/v7-m/nofp\libc_nano.a(lib_a-nano-mallocr.o)
                0x00006540                _malloc_r
 .text._sbrk_r  0x00006628       0x20 c:/nxp/mcuxpressoide_11.6.0_8187/ide/plugins/com.nxp.mcuxpresso.tools.win32_11.6.0.202112161359/tools/bin/../lib/gcc/arm-none-eabi/10.3.1/../../../../arm-none-eabi/lib/thumb/v7-m/nofp\libc_nano.a(lib_a-sbrkr.o)
                0x00006628                _sbrk_r
 .text.sscanf   0x00006648       0x54 c:/nxp/mcuxpressoide_11.6.0_8187/ide/plugins/com.nxp.mcuxpresso.tools.win32_11.6.0.202112161359/tools/bin/../lib/gcc/arm-none-eabi/10.3.1/../../../../arm-none-eabi/lib/thumb/v7-m/nofp\libc_nano.a(lib_a-sscanf.o)
                0x00006648                siscanf
                0x00006648                sscanf
 .text.__sread  0x0000669c       0x22 c:/nxp/mcuxpressoide_11.6.0_8187/ide/plugins/com.nxp.mcuxpresso.tools.win32_11.6.0.202112161359/tools/bin/../lib/gcc/arm-none-eabi/10.3.1/../../../../arm-none-eabi/lib/thumb/v7-m/nofp\libc_nano.a(lib_a-stdio.o)
                0x0000669c                __sread
 .text.__seofread
                0x000066be        0x4 c:/nxp/mcuxpressoide_11.6.0_8187/ide/plugins/com.nxp.mcuxpresso.tools.win32_11.6.0.202112161359/tools/bin/../lib/gcc/arm-none-eabi/10.3.1/../../../../arm-none-eabi/lib/thumb/v7-m/nofp\libc_nano.a(lib_a-stdio.o)
                0x000066be                __seofread
 .text.__swrite
                0x000066c2       0x38 c:/nxp/mcuxpressoide_11.6.0_8187/ide/plugins/com.nxp.mcuxpresso.tools.win32_11.6.0.202112161359/tools/bin/../lib/gcc/arm-none-eabi/10.3.1/../../../../arm-none-eabi/lib/thumb/v7-m/nofp\libc_nano.a(lib_a-stdio.o)
                0x000066c2                __swrite
 .text.__sseek  0x000066fa       0x24 c:/nxp/mcuxpressoide_11.6.0_8187/ide/plugins/com.nxp.mcuxpresso.tools.win32_11.6.0.202112161359/tools/bin/../lib/gcc/arm-none-eabi/10.3.1/../../../../arm-none-eabi/lib/thumb/v7-m/nofp\libc_nano.a(lib_a-stdio.o)
                0x000066fa                __sseek
 .text.__sclose
                0x0000671e        0x8 c:/nxp/mcuxpressoide_11.6.0_8187/ide/plugins/com.nxp.mcuxpresso.tools.win32_11.6.0.202112161359/tools/bin/../lib/gcc/arm-none-eabi/10.3.1/../../../../arm-none-eabi/lib/thumb/v7-m/nofp\libc_nano.a(lib_a-stdio.o)
                0x0000671e                __sclose
 .text.strcpy   0x00006726       0x10 c:/nxp/mcuxpressoide_11.6.0_8187/ide/plugins/com.nxp.mcuxpresso.tools.win32_11.6.0.202112161359/tools/bin/../lib/gcc/arm-none-eabi/10.3.1/../../../../arm-none-eabi/lib/thumb/v7-m/nofp\libc_nano.a(lib_a-strcpy.o)
                0x00006726                strcpy
 .text          0x00006736       0x10 c:/nxp/mcuxpressoide_11.6.0_8187/ide/plugins/com.nxp.mcuxpresso.tools.win32_11.6.0.202112161359/tools/bin/../lib/gcc/arm-none-eabi/10.3.1/../../../../arm-none-eabi/lib/thumb/v7-m/nofp\libc_nano.a(lib_a-strlen.o)
                0x00006736                strlen
 .text.strncmp  0x00006746       0x28 c:/nxp/mcuxpressoide_11.6.0_8187/ide/plugins/com.nxp.mcuxpresso.tools.win32_11.6.0.202112161359/tools/bin/../lib/gcc/arm-none-eabi/10.3.1/../../../../arm-none-eabi/lib/thumb/v7-m/nofp\libc_nano.a(lib_a-strncmp.o)
                0x00006746                strncmp
 *fill*         0x0000676e        0x2 ff
 .text.__tzcalc_limits
                0x00006770      0x154 c:/nxp/mcuxpressoide_11.6.0_8187/ide/plugins/com.nxp.mcuxpresso.tools.win32_11.6.0.202112161359/tools/bin/../lib/gcc/arm-none-eabi/10.3.1/../../../../arm-none-eabi/lib/thumb/v7-m/nofp\libc_nano.a(lib_a-tzcalc_limits.o)
                0x00006770                __tzcalc_limits
 .text.__tz_lock
                0x000068c4        0xc c:/nxp/mcuxpressoide_11.6.0_8187/ide/plugins/com.nxp.mcuxpresso.tools.win32_11.6.0.202112161359/tools/bin/../lib/gcc/arm-none-eabi/10.3.1/../../../../arm-none-eabi/lib/thumb/v7-m/nofp\libc_nano.a(lib_a-tzlock.o)
                0x000068c4                __tz_lock
 .text.__tz_unlock
                0x000068d0        0xc c:/nxp/mcuxpressoide_11.6.0_8187/ide/plugins/com.nxp.mcuxpresso.tools.win32_11.6.0.202112161359/tools/bin/../lib/gcc/arm-none-eabi/10.3.1/../../../../arm-none-eabi/lib/thumb/v7-m/nofp\libc_nano.a(lib_a-tzlock.o)
                0x000068d0                __tz_unlock
 .text._tzset_unlocked
                0x000068dc        0xc c:/nxp/mcuxpressoide_11.6.0_8187/ide/plugins/com.nxp.mcuxpresso.tools.win32_11.6.0.202112161359/tools/bin/../lib/gcc/arm-none-eabi/10.3.1/../../../../arm-none-eabi/lib/thumb/v7-m/nofp\libc_nano.a(lib_a-tzset.o)
                0x000068dc                _tzset_unlocked
 .text._tzset_unlocked_r
                0x000068e8      0x304 c:/nxp/mcuxpressoide_11.6.0_8187/ide/plugins/com.nxp.mcuxpresso.tools.win32_11.6.0.202112161359/tools/bin/../lib/gcc/arm-none-eabi/10.3.1/../../../../arm-none-eabi/lib/thumb/v7-m/nofp\libc_nano.a(lib_a-tzset_r.o)
                0x000068e8                _tzset_unlocked_r
 .text._write_r
                0x00006bec       0x24 c:/nxp/mcuxpressoide_11.6.0_8187/ide/plugins/com.nxp.mcuxpresso.tools.win32_11.6.0.202112161359/tools/bin/../lib/gcc/arm-none-eabi/10.3.1/../../../../arm-none-eabi/lib/thumb/v7-m/nofp\libc_nano.a(lib_a-writer.o)
                0x00006bec                _write_r
 .text.__assert_func
                0x00006c10       0x3c c:/nxp/mcuxpressoide_11.6.0_8187/ide/plugins/com.nxp.mcuxpresso.tools.win32_11.6.0.202112161359/tools/bin/../lib/gcc/arm-none-eabi/10.3.1/../../../../arm-none-eabi/lib/thumb/v7-m/nofp\libc_nano.a(lib_a-assert.o)
                0x00006c10                __assert_func
 .text._close_r
                0x00006c4c       0x20 c:/nxp/mcuxpressoide_11.6.0_8187/ide/plugins/com.nxp.mcuxpresso.tools.win32_11.6.0.202112161359/tools/bin/../lib/gcc/arm-none-eabi/10.3.1/../../../../arm-none-eabi/lib/thumb/v7-m/nofp\libc_nano.a(lib_a-closer.o)
                0x00006c4c                _close_r
 .text.fprintf  0x00006c6c       0x24 c:/nxp/mcuxpressoide_11.6.0_8187/ide/plugins/com.nxp.mcuxpresso.tools.win32_11.6.0.202112161359/tools/bin/../lib/gcc/arm-none-eabi/10.3.1/../../../../arm-none-eabi/lib/thumb/v7-m/nofp\libc_nano.a(lib_a-fprintf.o)
                0x00006c6c                fiprintf
                0x00006c6c                fprintf
 .text._findenv_r
                0x00006c90       0x78 c:/nxp/mcuxpressoide_11.6.0_8187/ide/plugins/com.nxp.mcuxpresso.tools.win32_11.6.0.202112161359/tools/bin/../lib/gcc/arm-none-eabi/10.3.1/../../../../arm-none-eabi/lib/thumb/v7-m/nofp\libc_nano.a(lib_a-getenv_r.o)
                0x00006c90                _findenv_r
 .text._getenv_r
                0x00006d08        0xe c:/nxp/mcuxpressoide_11.6.0_8187/ide/plugins/com.nxp.mcuxpresso.tools.win32_11.6.0.202112161359/tools/bin/../lib/gcc/arm-none-eabi/10.3.1/../../../../arm-none-eabi/lib/thumb/v7-m/nofp\libc_nano.a(lib_a-getenv_r.o)
                0x00006d08                _getenv_r
 *fill*         0x00006d16        0x2 ff
 .text.__gettzinfo
                0x00006d18        0x8 c:/nxp/mcuxpressoide_11.6.0_8187/ide/plugins/com.nxp.mcuxpresso.tools.win32_11.6.0.202112161359/tools/bin/../lib/gcc/arm-none-eabi/10.3.1/../../../../arm-none-eabi/lib/thumb/v7-m/nofp\libc_nano.a(lib_a-gettzinfo.o)
                0x00006d18                __gettzinfo
 .text.__retarget_lock_init_recursive
                0x00006d20        0x2 c:/nxp/mcuxpressoide_11.6.0_8187/ide/plugins/com.nxp.mcuxpresso.tools.win32_11.6.0.202112161359/tools/bin/../lib/gcc/arm-none-eabi/10.3.1/../../../../arm-none-eabi/lib/thumb/v7-m/nofp\libc_nano.a(lib_a-lock.o)
                0x00006d20                __retarget_lock_init_recursive
 .text.__retarget_lock_acquire
                0x00006d22        0x2 c:/nxp/mcuxpressoide_11.6.0_8187/ide/plugins/com.nxp.mcuxpresso.tools.win32_11.6.0.202112161359/tools/bin/../lib/gcc/arm-none-eabi/10.3.1/../../../../arm-none-eabi/lib/thumb/v7-m/nofp\libc_nano.a(lib_a-lock.o)
                0x00006d22                __retarget_lock_acquire
 .text.__retarget_lock_acquire_recursive
                0x00006d24        0x2 c:/nxp/mcuxpressoide_11.6.0_8187/ide/plugins/com.nxp.mcuxpresso.tools.win32_11.6.0.202112161359/tools/bin/../lib/gcc/arm-none-eabi/10.3.1/../../../../arm-none-eabi/lib/thumb/v7-m/nofp\libc_nano.a(lib_a-lock.o)
                0x00006d24                __retarget_lock_acquire_recursive
 .text.__retarget_lock_release
                0x00006d26        0x2 c:/nxp/mcuxpressoide_11.6.0_8187/ide/plugins/com.nxp.mcuxpresso.tools.win32_11.6.0.202112161359/tools/bin/../lib/gcc/arm-none-eabi/10.3.1/../../../../arm-none-eabi/lib/thumb/v7-m/nofp\libc_nano.a(lib_a-lock.o)
                0x00006d26                __retarget_lock_release
 .text.__retarget_lock_release_recursive
                0x00006d28        0x2 c:/nxp/mcuxpressoide_11.6.0_8187/ide/plugins/com.nxp.mcuxpresso.tools.win32_11.6.0.202112161359/tools/bin/../lib/gcc/arm-none-eabi/10.3.1/../../../../arm-none-eabi/lib/thumb/v7-m/nofp\libc_nano.a(lib_a-lock.o)
                0x00006d28                __retarget_lock_release_recursive
 *fill*         0x00006d2a        0x2 ff
 .text._lseek_r
                0x00006d2c       0x24 c:/nxp/mcuxpressoide_11.6.0_8187/ide/plugins/com.nxp.mcuxpresso.tools.win32_11.6.0.202112161359/tools/bin/../lib/gcc/arm-none-eabi/10.3.1/../../../../arm-none-eabi/lib/thumb/v7-m/nofp\libc_nano.a(lib_a-lseekr.o)
                0x00006d2c                _lseek_r
 .text.__malloc_lock
                0x00006d50        0xc c:/nxp/mcuxpressoide_11.6.0_8187/ide/plugins/com.nxp.mcuxpresso.tools.win32_11.6.0.202112161359/tools/bin/../lib/gcc/arm-none-eabi/10.3.1/../../../../arm-none-eabi/lib/thumb/v7-m/nofp\libc_nano.a(lib_a-mlock.o)
                0x00006d50                __malloc_lock
 .text.__malloc_unlock
                0x00006d5c        0xc c:/nxp/mcuxpressoide_11.6.0_8187/ide/plugins/com.nxp.mcuxpresso.tools.win32_11.6.0.202112161359/tools/bin/../lib/gcc/arm-none-eabi/10.3.1/../../../../arm-none-eabi/lib/thumb/v7-m/nofp\libc_nano.a(lib_a-mlock.o)
                0x00006d5c                __malloc_unlock
 .text._sungetc_r
                0x00006d68       0x7a c:/nxp/mcuxpressoide_11.6.0_8187/ide/plugins/com.nxp.mcuxpresso.tools.win32_11.6.0.202112161359/tools/bin/../lib/gcc/arm-none-eabi/10.3.1/../../../../arm-none-eabi/lib/thumb/v7-m/nofp\libc_nano.a(lib_a-nano-svfscanf.o)
                0x00006d68                _sungetc_r
 .text.__ssrefill_r
                0x00006de2       0x3a c:/nxp/mcuxpressoide_11.6.0_8187/ide/plugins/com.nxp.mcuxpresso.tools.win32_11.6.0.202112161359/tools/bin/../lib/gcc/arm-none-eabi/10.3.1/../../../../arm-none-eabi/lib/thumb/v7-m/nofp\libc_nano.a(lib_a-nano-svfscanf.o)
                0x00006de2                __ssrefill_r
 .text.__ssvfscanf_r
                0x00006e1c      0x2f4 c:/nxp/mcuxpressoide_11.6.0_8187/ide/plugins/com.nxp.mcuxpresso.tools.win32_11.6.0.202112161359/tools/bin/../lib/gcc/arm-none-eabi/10.3.1/../../../../arm-none-eabi/lib/thumb/v7-m/nofp\libc_nano.a(lib_a-nano-svfscanf.o)
                0x00006e1c                __ssvfiscanf_r
                0x00006e1c                __ssvfscanf_r
 .text.__sfputc_r
                0x00007110       0x2a c:/nxp/mcuxpressoide_11.6.0_8187/ide/plugins/com.nxp.mcuxpresso.tools.win32_11.6.0.202112161359/tools/bin/../lib/gcc/arm-none-eabi/10.3.1/../../../../arm-none-eabi/lib/thumb/v7-m/nofp\libc_nano.a(lib_a-nano-vfprintf.o)
 .text.__sfputs_r
                0x0000713a       0x24 c:/nxp/mcuxpressoide_11.6.0_8187/ide/plugins/com.nxp.mcuxpresso.tools.win32_11.6.0.202112161359/tools/bin/../lib/gcc/arm-none-eabi/10.3.1/../../../../arm-none-eabi/lib/thumb/v7-m/nofp\libc_nano.a(lib_a-nano-vfprintf.o)
                0x0000713a                __sfputs_r
 *fill*         0x0000715e        0x2 ff
 .text._vfprintf_r
                0x00007160      0x260 c:/nxp/mcuxpressoide_11.6.0_8187/ide/plugins/com.nxp.mcuxpresso.tools.win32_11.6.0.202112161359/tools/bin/../lib/gcc/arm-none-eabi/10.3.1/../../../../arm-none-eabi/lib/thumb/v7-m/nofp\libc_nano.a(lib_a-nano-vfprintf.o)
                0x00007160                _vfprintf_r
                0x00007160                _vfiprintf_r
 .text._printf_common
                0x000073c0       0xde c:/nxp/mcuxpressoide_11.6.0_8187/ide/plugins/com.nxp.mcuxpresso.tools.win32_11.6.0.202112161359/tools/bin/../lib/gcc/arm-none-eabi/10.3.1/../../../../arm-none-eabi/lib/thumb/v7-m/nofp\libc_nano.a(lib_a-nano-vfprintf_i.o)
                0x000073c0                _printf_common
 *fill*         0x0000749e        0x2 ff
 .text._printf_i
                0x000074a0      0x24c c:/nxp/mcuxpressoide_11.6.0_8187/ide/plugins/com.nxp.mcuxpresso.tools.win32_11.6.0.202112161359/tools/bin/../lib/gcc/arm-none-eabi/10.3.1/../../../../arm-none-eabi/lib/thumb/v7-m/nofp\libc_nano.a(lib_a-nano-vfprintf_i.o)
                0x000074a0                _printf_i
 .text._scanf_chars
                0x000076ec       0xb4 c:/nxp/mcuxpressoide_11.6.0_8187/ide/plugins/com.nxp.mcuxpresso.tools.win32_11.6.0.202112161359/tools/bin/../lib/gcc/arm-none-eabi/10.3.1/../../../../arm-none-eabi/lib/thumb/v7-m/nofp\libc_nano.a(lib_a-nano-vfscanf_i.o)
                0x000076ec                _scanf_chars
 .text._scanf_i
                0x000077a0      0x1f0 c:/nxp/mcuxpressoide_11.6.0_8187/ide/plugins/com.nxp.mcuxpresso.tools.win32_11.6.0.202112161359/tools/bin/../lib/gcc/arm-none-eabi/10.3.1/../../../../arm-none-eabi/lib/thumb/v7-m/nofp\libc_nano.a(lib_a-nano-vfscanf_i.o)
                0x000077a0                _scanf_i
 .text._read_r  0x00007990       0x24 c:/nxp/mcuxpressoide_11.6.0_8187/ide/plugins/com.nxp.mcuxpresso.tools.win32_11.6.0.202112161359/tools/bin/../lib/gcc/arm-none-eabi/10.3.1/../../../../arm-none-eabi/lib/thumb/v7-m/nofp\libc_nano.a(lib_a-readr.o)
                0x00007990                _read_r
 .text.__sccl   0x000079b4       0x70 c:/nxp/mcuxpressoide_11.6.0_8187/ide/plugins/com.nxp.mcuxpresso.tools.win32_11.6.0.202112161359/tools/bin/../lib/gcc/arm-none-eabi/10.3.1/../../../../arm-none-eabi/lib/thumb/v7-m/nofp\libc_nano.a(lib_a-sccl.o)
                0x000079b4                __sccl
 .text          0x00007a24       0x14 c:/nxp/mcuxpressoide_11.6.0_8187/ide/plugins/com.nxp.mcuxpresso.tools.win32_11.6.0.202112161359/tools/bin/../lib/gcc/arm-none-eabi/10.3.1/../../../../arm-none-eabi/lib/thumb/v7-m/nofp\libc_nano.a(lib_a-strcmp.o)
                0x00007a24                strcmp
 .text._strtol_l.constprop.0
                0x00007a38       0xf8 c:/nxp/mcuxpressoide_11.6.0_8187/ide/plugins/com.nxp.mcuxpresso.tools.win32_11.6.0.202112161359/tools/bin/../lib/gcc/arm-none-eabi/10.3.1/../../../../arm-none-eabi/lib/thumb/v7-m/nofp\libc_nano.a(lib_a-strtol.o)
 .text._strtol_r
                0x00007b30        0x4 c:/nxp/mcuxpressoide_11.6.0_8187/ide/plugins/com.nxp.mcuxpresso.tools.win32_11.6.0.202112161359/tools/bin/../lib/gcc/arm-none-eabi/10.3.1/../../../../arm-none-eabi/lib/thumb/v7-m/nofp\libc_nano.a(lib_a-strtol.o)
                0x00007b30                _strtol_r
 .text._strtoul_l.constprop.0
                0x00007b34       0xe4 c:/nxp/mcuxpressoide_11.6.0_8187/ide/plugins/com.nxp.mcuxpresso.tools.win32_11.6.0.202112161359/tools/bin/../lib/gcc/arm-none-eabi/10.3.1/../../../../arm-none-eabi/lib/thumb/v7-m/nofp\libc_nano.a(lib_a-strtoul.o)
 .text._strtoul_r
                0x00007c18        0x4 c:/nxp/mcuxpressoide_11.6.0_8187/ide/plugins/com.nxp.mcuxpresso.tools.win32_11.6.0.202112161359/tools/bin/../lib/gcc/arm-none-eabi/10.3.1/../../../../arm-none-eabi/lib/thumb/v7-m/nofp\libc_nano.a(lib_a-strtoul.o)
                0x00007c18                _strtoul_r
 .text.strtoul  0x00007c1c       0x14 c:/nxp/mcuxpressoide_11.6.0_8187/ide/plugins/com.nxp.mcuxpresso.tools.win32_11.6.0.202112161359/tools/bin/../lib/gcc/arm-none-eabi/10.3.1/../../../../arm-none-eabi/lib/thumb/v7-m/nofp\libc_nano.a(lib_a-strtoul.o)
                0x00007c1c                strtoul
 .text.__submore
                0x00007c30       0x70 c:/nxp/mcuxpressoide_11.6.0_8187/ide/plugins/com.nxp.mcuxpresso.tools.win32_11.6.0.202112161359/tools/bin/../lib/gcc/arm-none-eabi/10.3.1/../../../../arm-none-eabi/lib/thumb/v7-m/nofp\libc_nano.a(lib_a-ungetc.o)
                0x00007c30                __submore
 .text.__swbuf_r
                0x00007ca0       0xa4 c:/nxp/mcuxpressoide_11.6.0_8187/ide/plugins/com.nxp.mcuxpresso.tools.win32_11.6.0.202112161359/tools/bin/../lib/gcc/arm-none-eabi/10.3.1/../../../../arm-none-eabi/lib/thumb/v7-m/nofp\libc_nano.a(lib_a-wbuf.o)
                0x00007ca0                __swbuf_r
 .text.__swsetup_r
                0x00007d44       0xdc c:/nxp/mcuxpressoide_11.6.0_8187/ide/plugins/com.nxp.mcuxpresso.tools.win32_11.6.0.202112161359/tools/bin/../lib/gcc/arm-none-eabi/10.3.1/../../../../arm-none-eabi/lib/thumb/v7-m/nofp\libc_nano.a(lib_a-wsetup.o)
                0x00007d44                __swsetup_r
 .text.abort    0x00007e20        0xe c:/nxp/mcuxpressoide_11.6.0_8187/ide/plugins/com.nxp.mcuxpresso.tools.win32_11.6.0.202112161359/tools/bin/../lib/gcc/arm-none-eabi/10.3.1/../../../../arm-none-eabi/lib/thumb/v7-m/nofp\libc_nano.a(lib_a-abort.o)
                0x00007e20                abort
 *fill*         0x00007e2e        0x2 ff
 .text.__env_lock
                0x00007e30        0xc c:/nxp/mcuxpressoide_11.6.0_8187/ide/plugins/com.nxp.mcuxpresso.tools.win32_11.6.0.202112161359/tools/bin/../lib/gcc/arm-none-eabi/10.3.1/../../../../arm-none-eabi/lib/thumb/v7-m/nofp\libc_nano.a(lib_a-envlock.o)
                0x00007e30                __env_lock
 .text.__env_unlock
                0x00007e3c        0xc c:/nxp/mcuxpressoide_11.6.0_8187/ide/plugins/com.nxp.mcuxpresso.tools.win32_11.6.0.202112161359/tools/bin/../lib/gcc/arm-none-eabi/10.3.1/../../../../arm-none-eabi/lib/thumb/v7-m/nofp\libc_nano.a(lib_a-envlock.o)
                0x00007e3c                __env_unlock
 .text.__errno  0x00007e48        0xc c:/nxp/mcuxpressoide_11.6.0_8187/ide/plugins/com.nxp.mcuxpresso.tools.win32_11.6.0.202112161359/tools/bin/../lib/gcc/arm-none-eabi/10.3.1/../../../../arm-none-eabi/lib/thumb/v7-m/nofp\libc_nano.a(lib_a-errno.o)
                0x00007e48                __errno
 .text.__sflush_r
                0x00007e54      0x104 c:/nxp/mcuxpressoide_11.6.0_8187/ide/plugins/com.nxp.mcuxpresso.tools.win32_11.6.0.202112161359/tools/bin/../lib/gcc/arm-none-eabi/10.3.1/../../../../arm-none-eabi/lib/thumb/v7-m/nofp\libc_nano.a(lib_a-fflush.o)
                0x00007e54                __sflush_r
 .text._fflush_r
                0x00007f58       0x78 c:/nxp/mcuxpressoide_11.6.0_8187/ide/plugins/com.nxp.mcuxpresso.tools.win32_11.6.0.202112161359/tools/bin/../lib/gcc/arm-none-eabi/10.3.1/../../../../arm-none-eabi/lib/thumb/v7-m/nofp\libc_nano.a(lib_a-fflush.o)
                0x00007f58                _fflush_r
 .text.std      0x00007fd0       0x48 c:/nxp/mcuxpressoide_11.6.0_8187/ide/plugins/com.nxp.mcuxpresso.tools.win32_11.6.0.202112161359/tools/bin/../lib/gcc/arm-none-eabi/10.3.1/../../../../arm-none-eabi/lib/thumb/v7-m/nofp\libc_nano.a(lib_a-findfp.o)
 .text._cleanup_r
                0x00008018        0xc c:/nxp/mcuxpressoide_11.6.0_8187/ide/plugins/com.nxp.mcuxpresso.tools.win32_11.6.0.202112161359/tools/bin/../lib/gcc/arm-none-eabi/10.3.1/../../../../arm-none-eabi/lib/thumb/v7-m/nofp\libc_nano.a(lib_a-findfp.o)
                0x00008018                _cleanup_r
 .text.__sfmoreglue
                0x00008024       0x2c c:/nxp/mcuxpressoide_11.6.0_8187/ide/plugins/com.nxp.mcuxpresso.tools.win32_11.6.0.202112161359/tools/bin/../lib/gcc/arm-none-eabi/10.3.1/../../../../arm-none-eabi/lib/thumb/v7-m/nofp\libc_nano.a(lib_a-findfp.o)
                0x00008024                __sfmoreglue
 .text.__sfp_lock_acquire
                0x00008050        0xc c:/nxp/mcuxpressoide_11.6.0_8187/ide/plugins/com.nxp.mcuxpresso.tools.win32_11.6.0.202112161359/tools/bin/../lib/gcc/arm-none-eabi/10.3.1/../../../../arm-none-eabi/lib/thumb/v7-m/nofp\libc_nano.a(lib_a-findfp.o)
                0x00008050                __sfp_lock_acquire
 .text.__sfp_lock_release
                0x0000805c        0xc c:/nxp/mcuxpressoide_11.6.0_8187/ide/plugins/com.nxp.mcuxpresso.tools.win32_11.6.0.202112161359/tools/bin/../lib/gcc/arm-none-eabi/10.3.1/../../../../arm-none-eabi/lib/thumb/v7-m/nofp\libc_nano.a(lib_a-findfp.o)
                0x0000805c                __sfp_lock_release
 .text.__sinit_lock_acquire
                0x00008068        0xc c:/nxp/mcuxpressoide_11.6.0_8187/ide/plugins/com.nxp.mcuxpresso.tools.win32_11.6.0.202112161359/tools/bin/../lib/gcc/arm-none-eabi/10.3.1/../../../../arm-none-eabi/lib/thumb/v7-m/nofp\libc_nano.a(lib_a-findfp.o)
                0x00008068                __sinit_lock_acquire
 .text.__sinit_lock_release
                0x00008074        0xc c:/nxp/mcuxpressoide_11.6.0_8187/ide/plugins/com.nxp.mcuxpresso.tools.win32_11.6.0.202112161359/tools/bin/../lib/gcc/arm-none-eabi/10.3.1/../../../../arm-none-eabi/lib/thumb/v7-m/nofp\libc_nano.a(lib_a-findfp.o)
                0x00008074                __sinit_lock_release
 .text.__sinit  0x00008080       0x70 c:/nxp/mcuxpressoide_11.6.0_8187/ide/plugins/com.nxp.mcuxpresso.tools.win32_11.6.0.202112161359/tools/bin/../lib/gcc/arm-none-eabi/10.3.1/../../../../arm-none-eabi/lib/thumb/v7-m/nofp\libc_nano.a(lib_a-findfp.o)
                0x00008080                __sinit
 .text.__sfp    0x000080f0       0x8c c:/nxp/mcuxpressoide_11.6.0_8187/ide/plugins/com.nxp.mcuxpresso.tools.win32_11.6.0.202112161359/tools/bin/../lib/gcc/arm-none-eabi/10.3.1/../../../../arm-none-eabi/lib/thumb/v7-m/nofp\libc_nano.a(lib_a-findfp.o)
                0x000080f0                __sfp
 .text._fwalk_reent
                0x0000817c       0x3e c:/nxp/mcuxpressoide_11.6.0_8187/ide/plugins/com.nxp.mcuxpresso.tools.win32_11.6.0.202112161359/tools/bin/../lib/gcc/arm-none-eabi/10.3.1/../../../../arm-none-eabi/lib/thumb/v7-m/nofp\libc_nano.a(lib_a-fwalk.o)
                0x0000817c                _fwalk_reent
 .text.__swhatbuf_r
                0x000081ba       0x4a c:/nxp/mcuxpressoide_11.6.0_8187/ide/plugins/com.nxp.mcuxpresso.tools.win32_11.6.0.202112161359/tools/bin/../lib/gcc/arm-none-eabi/10.3.1/../../../../arm-none-eabi/lib/thumb/v7-m/nofp\libc_nano.a(lib_a-makebuf.o)
                0x000081ba                __swhatbuf_r
 .text.__smakebuf_r
                0x00008204       0x80 c:/nxp/mcuxpressoide_11.6.0_8187/ide/plugins/com.nxp.mcuxpresso.tools.win32_11.6.0.202112161359/tools/bin/../lib/gcc/arm-none-eabi/10.3.1/../../../../arm-none-eabi/lib/thumb/v7-m/nofp\libc_nano.a(lib_a-makebuf.o)
                0x00008204                __smakebuf_r
 .text.memchr   0x00008284       0x1c c:/nxp/mcuxpressoide_11.6.0_8187/ide/plugins/com.nxp.mcuxpresso.tools.win32_11.6.0.202112161359/tools/bin/../lib/gcc/arm-none-eabi/10.3.1/../../../../arm-none-eabi/lib/thumb/v7-m/nofp\libc_nano.a(lib_a-memchr-stub.o)
                0x00008284                memchr
 .text._realloc_r
                0x000082a0       0x5e c:/nxp/mcuxpressoide_11.6.0_8187/ide/plugins/com.nxp.mcuxpresso.tools.win32_11.6.0.202112161359/tools/bin/../lib/gcc/arm-none-eabi/10.3.1/../../../../arm-none-eabi/lib/thumb/v7-m/nofp\libc_nano.a(lib_a-nano-reallocr.o)
                0x000082a0                _realloc_r
 .text._raise_r
                0x000082fe       0x50 c:/nxp/mcuxpressoide_11.6.0_8187/ide/plugins/com.nxp.mcuxpresso.tools.win32_11.6.0.202112161359/tools/bin/../lib/gcc/arm-none-eabi/10.3.1/../../../../arm-none-eabi/lib/thumb/v7-m/nofp\libc_nano.a(lib_a-signal.o)
                0x000082fe                _raise_r
 *fill*         0x0000834e        0x2 ff
 .text.raise    0x00008350       0x10 c:/nxp/mcuxpressoide_11.6.0_8187/ide/plugins/com.nxp.mcuxpresso.tools.win32_11.6.0.202112161359/tools/bin/../lib/gcc/arm-none-eabi/10.3.1/../../../../arm-none-eabi/lib/thumb/v7-m/nofp\libc_nano.a(lib_a-signal.o)
                0x00008350                raise
 .text._kill_r  0x00008360       0x24 c:/nxp/mcuxpressoide_11.6.0_8187/ide/plugins/com.nxp.mcuxpresso.tools.win32_11.6.0.202112161359/tools/bin/../lib/gcc/arm-none-eabi/10.3.1/../../../../arm-none-eabi/lib/thumb/v7-m/nofp\libc_nano.a(lib_a-signalr.o)
                0x00008360                _kill_r
 .text._getpid_r
                0x00008384        0x4 c:/nxp/mcuxpressoide_11.6.0_8187/ide/plugins/com.nxp.mcuxpresso.tools.win32_11.6.0.202112161359/tools/bin/../lib/gcc/arm-none-eabi/10.3.1/../../../../arm-none-eabi/lib/thumb/v7-m/nofp\libc_nano.a(lib_a-signalr.o)
                0x00008384                _getpid_r
 .text._fstat_r
                0x00008388       0x24 c:/nxp/mcuxpressoide_11.6.0_8187/ide/plugins/com.nxp.mcuxpresso.tools.win32_11.6.0.202112161359/tools/bin/../lib/gcc/arm-none-eabi/10.3.1/../../../../arm-none-eabi/lib/thumb/v7-m/nofp\libc_nano.a(lib_a-fstatr.o)
                0x00008388                _fstat_r
 .text._isatty_r
                0x000083ac       0x20 c:/nxp/mcuxpressoide_11.6.0_8187/ide/plugins/com.nxp.mcuxpresso.tools.win32_11.6.0.202112161359/tools/bin/../lib/gcc/arm-none-eabi/10.3.1/../../../../arm-none-eabi/lib/thumb/v7-m/nofp\libc_nano.a(lib_a-isattyr.o)
                0x000083ac                _isatty_r
 .text._malloc_usable_size_r
                0x000083cc       0x10 c:/nxp/mcuxpressoide_11.6.0_8187/ide/plugins/com.nxp.mcuxpresso.tools.win32_11.6.0.202112161359/tools/bin/../lib/gcc/arm-none-eabi/10.3.1/../../../../arm-none-eabi/lib/thumb/v7-m/nofp\libc_nano.a(lib_a-nano-msizer.o)
                0x000083cc                _malloc_usable_size_r
 .text._sbrk    0x000083dc       0x3c c:/nxp/mcuxpressoide_11.6.0_8187/ide/plugins/com.nxp.mcuxpresso.tools.win32_11.6.0.202112161359/tools/bin/../lib/gcc/arm-none-eabi/10.3.1/../../../../arm-none-eabi/lib/thumb/v7-m/nofp\libcr_newlib_nohost.a(_cr_sbrk.o)
                0x000083dc                _sbrk
 .text._exit    0x00008418        0x2 c:/nxp/mcuxpressoide_11.6.0_8187/ide/plugins/com.nxp.mcuxpresso.tools.win32_11.6.0.202112161359/tools/bin/../lib/gcc/arm-none-eabi/10.3.1/../../../../arm-none-eabi/lib/thumb/v7-m/nofp\libcr_newlib_nohost.a(_exit.o)
                0x00008418                _exit
 *fill*         0x0000841a        0x2 ff
 .text._close   0x0000841c       0x10 c:/nxp/mcuxpressoide_11.6.0_8187/ide/plugins/com.nxp.mcuxpresso.tools.win32_11.6.0.202112161359/tools/bin/../lib/gcc/arm-none-eabi/10.3.1/../../../../arm-none-eabi/lib/thumb/v7-m/nofp\libcr_newlib_nohost.a(close.o)
                0x0000841c                _close
 .text._fstat   0x0000842c       0x10 c:/nxp/mcuxpressoide_11.6.0_8187/ide/plugins/com.nxp.mcuxpresso.tools.win32_11.6.0.202112161359/tools/bin/../lib/gcc/arm-none-eabi/10.3.1/../../../../arm-none-eabi/lib/thumb/v7-m/nofp\libcr_newlib_nohost.a(fstat.o)
                0x0000842c                _fstat
 .text._getpid  0x0000843c       0x10 c:/nxp/mcuxpressoide_11.6.0_8187/ide/plugins/com.nxp.mcuxpresso.tools.win32_11.6.0.202112161359/tools/bin/../lib/gcc/arm-none-eabi/10.3.1/../../../../arm-none-eabi/lib/thumb/v7-m/nofp\libcr_newlib_nohost.a(getpid.o)
                0x0000843c                _getpid
 .text._isatty  0x0000844c       0x10 c:/nxp/mcuxpressoide_11.6.0_8187/ide/plugins/com.nxp.mcuxpresso.tools.win32_11.6.0.202112161359/tools/bin/../lib/gcc/arm-none-eabi/10.3.1/../../../../arm-none-eabi/lib/thumb/v7-m/nofp\libcr_newlib_nohost.a(isatty.o)
                0x0000844c                _isatty
 .text._kill    0x0000845c       0x10 c:/nxp/mcuxpressoide_11.6.0_8187/ide/plugins/com.nxp.mcuxpresso.tools.win32_11.6.0.202112161359/tools/bin/../lib/gcc/arm-none-eabi/10.3.1/../../../../arm-none-eabi/lib/thumb/v7-m/nofp\libcr_newlib_nohost.a(kill.o)
                0x0000845c                _kill
 .text._lseek   0x0000846c       0x10 c:/nxp/mcuxpressoide_11.6.0_8187/ide/plugins/com.nxp.mcuxpresso.tools.win32_11.6.0.202112161359/tools/bin/../lib/gcc/arm-none-eabi/10.3.1/../../../../arm-none-eabi/lib/thumb/v7-m/nofp\libcr_newlib_nohost.a(lseek.o)
                0x0000846c                _lseek
 .text._read    0x0000847c       0x10 c:/nxp/mcuxpressoide_11.6.0_8187/ide/plugins/com.nxp.mcuxpresso.tools.win32_11.6.0.202112161359/tools/bin/../lib/gcc/arm-none-eabi/10.3.1/../../../../arm-none-eabi/lib/thumb/v7-m/nofp\libcr_newlib_nohost.a(read.o)
                0x0000847c                _read
 .text._write   0x0000848c       0x10 c:/nxp/mcuxpressoide_11.6.0_8187/ide/plugins/com.nxp.mcuxpresso.tools.win32_11.6.0.202112161359/tools/bin/../lib/gcc/arm-none-eabi/10.3.1/../../../../arm-none-eabi/lib/thumb/v7-m/nofp\libcr_newlib_nohost.a(write.o)
                0x0000848c                _write
 .text.__check_heap_overflow
                0x0000849c       0x14 c:/nxp/mcuxpressoide_11.6.0_8187/ide/plugins/com.nxp.mcuxpresso.tools.win32_11.6.0.202112161359/tools/bin/../lib/gcc/arm-none-eabi/10.3.1/../../../../arm-none-eabi/lib/thumb/v7-m/nofp\libcr_newlib_nohost.a(_cr_check_heap.o)
                0x0000849c                __check_heap_overflow
 */tasks.o(.rodata*)
 *(.rodata .rodata.* .constdata .constdata.*)
 .rodata.APPLICATION_Init.str1.4
                0x000084b0       0x1d ./src/main.o
 *fill*         0x000084cd        0x3 ff
 .rodata.appMENU_NormalAffix.str1.4
                0x000084d0       0x34 ./src/main.o
 .rodata.appMENU_NormalMode.str1.4
                0x00008504       0x25 ./src/main.o
 *fill*         0x00008529        0x3 ff
 .rodata.appMENU_MaintenanceMode.str1.4
                0x0000852c       0x5d ./src/main.o
 *fill*         0x00008589        0x3 ff
 .rodata        0x0000858c       0x38 ./src/main.o
 .rodata.handler.str1.4
                0x000085c4        0x6 ./src/menus.o
 *fill*         0x000085ca        0x2 ff
 .rodata.appMAINTENANCE_SyncTimeHandler.str1.4
                0x000085cc        0xa ./src/menus.o
 *fill*         0x000085d6        0x2 ff
 .rodata.appMAINTENANCE_SetLightHandler.str1.4
                0x000085d8       0x1c ./src/menus.o
 .rodata.appMAINTENANCE_xSetDate.str1.4
                0x000085f4       0x17 ./src/menus.o
                                 0x1f (size before relaxing)
 *fill*         0x0000860b        0x1 ff
 .rodata        0x0000860c       0x1c ./src/menus.o
 .rodata.appMAINTENANCE_SetDateHandler.str1.4
                0x00008628       0x11 ./src/menus.o
 *fill*         0x00008639        0x3 ff
 .rodata.print.str1.4
                0x0000863c        0x7 ./src/printf-stdarg.o
 *fill*         0x00008643        0x1 ff
 .rodata.uiMENU_ExecuteCMD.str1.4
                0x00008644       0x10 C:\Users\alext\Desktop\SE\Workspace\FreeRTOS-Network-UI\Release\libFreeRTOS-Network-UI.a(uimenu.o)
 .rodata.str1.4
                0x00008654        0x5 C:\Users\alext\Desktop\SE\Workspace\FreeRTOS-Kernel\Debug\libFreeRTOS-Kernel.a(tasks.o)
 *fill*         0x00008659        0x3 ff
 .rodata.str1.4
                0x0000865c        0xd C:\Users\alext\Desktop\SE\Workspace\FreeRTOS-Kernel\Debug\libFreeRTOS-Kernel.a(timers.o)
 *fill*         0x00008669        0x3 ff
 .rodata._global_impure_ptr
                0x0000866c        0x4 c:/nxp/mcuxpressoide_11.6.0_8187/ide/plugins/com.nxp.mcuxpresso.tools.win32_11.6.0.202112161359/tools/bin/../lib/gcc/arm-none-eabi/10.3.1/../../../../arm-none-eabi/lib/thumb/v7-m/nofp\libc_nano.a(lib_a-impure.o)
                0x0000866c                _global_impure_ptr
 .rodata.localtime.str1.1
                0x00008670       0x96 c:/nxp/mcuxpressoide_11.6.0_8187/ide/plugins/com.nxp.mcuxpresso.tools.win32_11.6.0.202112161359/tools/bin/../lib/gcc/arm-none-eabi/10.3.1/../../../../arm-none-eabi/lib/thumb/v7-m/nofp\libc_nano.a(lib_a-lcltime.o)
 *fill*         0x00008706        0x2 ff
 .rodata.__month_lengths
                0x00008708       0x60 c:/nxp/mcuxpressoide_11.6.0_8187/ide/plugins/com.nxp.mcuxpresso.tools.win32_11.6.0.202112161359/tools/bin/../lib/gcc/arm-none-eabi/10.3.1/../../../../arm-none-eabi/lib/thumb/v7-m/nofp\libc_nano.a(lib_a-month_lengths.o)
                0x00008708                __month_lengths
 .rodata._tzset_unlocked_r.str1.1
                0x00008768       0x3c c:/nxp/mcuxpressoide_11.6.0_8187/ide/plugins/com.nxp.mcuxpresso.tools.win32_11.6.0.202112161359/tools/bin/../lib/gcc/arm-none-eabi/10.3.1/../../../../arm-none-eabi/lib/thumb/v7-m/nofp\libc_nano.a(lib_a-tzset_r.o)
                                 0x4e (size before relaxing)
 .rodata.str1.1
                0x000087a4        0x4 c:/nxp/mcuxpressoide_11.6.0_8187/ide/plugins/com.nxp.mcuxpresso.tools.win32_11.6.0.202112161359/tools/bin/../lib/gcc/arm-none-eabi/10.3.1/../../../../arm-none-eabi/lib/thumb/v7-m/nofp\libc_nano.a(lib_a-tzvars.o)
 .rodata.__assert_func.str1.1
                0x000087a4       0x3c c:/nxp/mcuxpressoide_11.6.0_8187/ide/plugins/com.nxp.mcuxpresso.tools.win32_11.6.0.202112161359/tools/bin/../lib/gcc/arm-none-eabi/10.3.1/../../../../arm-none-eabi/lib/thumb/v7-m/nofp\libc_nano.a(lib_a-assert.o)
                                 0x3d (size before relaxing)
 .rodata.__ssvfscanf_r.str1.1
                0x000087e0        0x4 c:/nxp/mcuxpressoide_11.6.0_8187/ide/plugins/com.nxp.mcuxpresso.tools.win32_11.6.0.202112161359/tools/bin/../lib/gcc/arm-none-eabi/10.3.1/../../../../arm-none-eabi/lib/thumb/v7-m/nofp\libc_nano.a(lib_a-nano-svfscanf.o)
 .rodata._vfprintf_r.str1.1
                0x000087e4        0xd c:/nxp/mcuxpressoide_11.6.0_8187/ide/plugins/com.nxp.mcuxpresso.tools.win32_11.6.0.202112161359/tools/bin/../lib/gcc/arm-none-eabi/10.3.1/../../../../arm-none-eabi/lib/thumb/v7-m/nofp\libc_nano.a(lib_a-nano-vfprintf.o)
                                 0x11 (size before relaxing)
 .rodata._printf_i.str1.1
                0x000087f1       0x22 c:/nxp/mcuxpressoide_11.6.0_8187/ide/plugins/com.nxp.mcuxpresso.tools.win32_11.6.0.202112161359/tools/bin/../lib/gcc/arm-none-eabi/10.3.1/../../../../arm-none-eabi/lib/thumb/v7-m/nofp\libc_nano.a(lib_a-nano-vfprintf_i.o)
 .rodata.str1.1
                0x00008813        0x9 c:/nxp/mcuxpressoide_11.6.0_8187/ide/plugins/com.nxp.mcuxpresso.tools.win32_11.6.0.202112161359/tools/bin/../lib/gcc/arm-none-eabi/10.3.1/../../../../arm-none-eabi/lib/thumb/v7-m/nofp\libc_nano.a(lib_a-nano-vfscanf_i.o)
 .rodata._scanf_i.str1.1
                0x0000881c       0x12 c:/nxp/mcuxpressoide_11.6.0_8187/ide/plugins/com.nxp.mcuxpresso.tools.win32_11.6.0.202112161359/tools/bin/../lib/gcc/arm-none-eabi/10.3.1/../../../../arm-none-eabi/lib/thumb/v7-m/nofp\libc_nano.a(lib_a-nano-vfscanf_i.o)
 *fill*         0x0000882e        0x2 ff
 .rodata        0x00008830        0xc c:/nxp/mcuxpressoide_11.6.0_8187/ide/plugins/com.nxp.mcuxpresso.tools.win32_11.6.0.202112161359/tools/bin/../lib/gcc/arm-none-eabi/10.3.1/../../../../arm-none-eabi/lib/thumb/v7-m/nofp\libc_nano.a(lib_a-nano-vfscanf_i.o)
 .rodata._ctype_
                0x0000883c      0x101 c:/nxp/mcuxpressoide_11.6.0_8187/ide/plugins/com.nxp.mcuxpresso.tools.win32_11.6.0.202112161359/tools/bin/../lib/gcc/arm-none-eabi/10.3.1/../../../../arm-none-eabi/lib/thumb/v7-m/nofp\libc_nano.a(lib_a-ctype_.o)
                0x0000883c                _ctype_
 *fill*         0x0000893d        0x3 ff
 .rodata.__sf_fake_stderr
                0x00008940       0x20 c:/nxp/mcuxpressoide_11.6.0_8187/ide/plugins/com.nxp.mcuxpresso.tools.win32_11.6.0.202112161359/tools/bin/../lib/gcc/arm-none-eabi/10.3.1/../../../../arm-none-eabi/lib/thumb/v7-m/nofp\libc_nano.a(lib_a-findfp.o)
                0x00008940                __sf_fake_stderr
 .rodata.__sf_fake_stdin
                0x00008960       0x20 c:/nxp/mcuxpressoide_11.6.0_8187/ide/plugins/com.nxp.mcuxpresso.tools.win32_11.6.0.202112161359/tools/bin/../lib/gcc/arm-none-eabi/10.3.1/../../../../arm-none-eabi/lib/thumb/v7-m/nofp\libc_nano.a(lib_a-findfp.o)
                0x00008960                __sf_fake_stdin
 .rodata.__sf_fake_stdout
                0x00008980       0x20 c:/nxp/mcuxpressoide_11.6.0_8187/ide/plugins/com.nxp.mcuxpresso.tools.win32_11.6.0.202112161359/tools/bin/../lib/gcc/arm-none-eabi/10.3.1/../../../../arm-none-eabi/lib/thumb/v7-m/nofp\libc_nano.a(lib_a-findfp.o)
                0x00008980                __sf_fake_stdout
                0x000089a0                . = ALIGN (0x4)

.glue_7         0x000089a0        0x0
 .glue_7        0x000089a0        0x0 linker stubs

.glue_7t        0x000089a0        0x0
 .glue_7t       0x000089a0        0x0 linker stubs

.vfp11_veneer   0x000089a0        0x0
 .vfp11_veneer  0x000089a0        0x0 linker stubs

.v4_bx          0x000089a0        0x0
 .v4_bx         0x000089a0        0x0 linker stubs

.iplt           0x000089a0        0x0
 .iplt          0x000089a0        0x0 ./src/cr_startup_lpc175x_6x-FreeRTOS.o

.ARM.extab
 *(.ARM.extab* .gnu.linkonce.armextab.*)

.ARM.exidx      0x000089a0        0x8
                0x000089a0                __exidx_start = .
 *(.ARM.exidx* .gnu.linkonce.armexidx.*)
 .ARM.exidx     0x000089a0        0x8 c:/nxp/mcuxpressoide_11.6.0_8187/ide/plugins/com.nxp.mcuxpresso.tools.win32_11.6.0.202112161359/tools/bin/../lib/gcc/arm-none-eabi/10.3.1/thumb/v7-m/nofp\libgcc.a(_udivmoddi4.o)
                0x000089a8                __exidx_end = .
                0x000089a8                _etext = .

.rel.dyn        0x000089a8        0x0
 .rel.iplt      0x000089a8        0x0 ./src/cr_startup_lpc175x_6x-FreeRTOS.o

.data_RAM2      0x2007c000        0x0 load address 0x000089a8
 FILL mask 0xff
                [!provide]                PROVIDE (__start_data_RAM2 = .)
                [!provide]                PROVIDE (__start_data_RamAHB32 = .)
 *(.ramfunc.$RAM2)
 *(.ramfunc.$RamAHB32)
 *(.data.$RAM2)
 *(.data.$RamAHB32)
 *(.data.$RAM2.*)
 *(.data.$RamAHB32.*)
                0x2007c000                . = ALIGN (0x4)
                [!provide]                PROVIDE (__end_data_RAM2 = .)
                [!provide]                PROVIDE (__end_data_RamAHB32 = .)

.uninit_RESERVED
                0x10000000        0x0
                0x10000000                _start_uninit_RESERVED = .
 *(.bss.$RESERVED*)
                0x10000000                . = ALIGN (0x4)
                0x10000000                _end_uninit_RESERVED = .

.data           0x10000000       0xfc load address 0x000089a8
 FILL mask 0xff
                0x10000000                _data = .
                [!provide]                PROVIDE (__start_data_RAM = .)
                [!provide]                PROVIDE (__start_data_RamLoc32 = .)
 *(vtable)
 *(.ramfunc*)
 *(CodeQuickAccess)
 *(DataQuickAccess)
 *(RamFunction)
 *(.data*)
 .data.light    0x10000000        0x4 ./src/main.o
 .data.wday     0x10000004       0x1c ./src/main.o
                0x10000004                wday
 .data.refresh_rate_tick
                0x10000020        0x4 C:\Users\alext\Desktop\SE\Workspace\FreeRTOS-Network-UI\Release\libFreeRTOS-Network-UI.a(uimenu.o)
 .data.state    0x10000024        0x4 C:\Users\alext\Desktop\SE\Workspace\DRIVERS\Release\libHAL.a(i2c.o)
 .data          0x10000028        0x4 C:\Users\alext\Desktop\SE\Workspace\FreeRTOS-Kernel\Debug\libFreeRTOS-Kernel.a(port.o)
 .data.SystemCoreClock
                0x1000002c        0x4 C:\Users\alext\Desktop\SE\Workspace\CMSIS_CORE_LPC17xx\Debug\libCMSIS_CORE_LPC17xx.a(system_LPC17xx.o)
                0x1000002c                SystemCoreClock
 .data._impure_ptr
                0x10000030        0x4 c:/nxp/mcuxpressoide_11.6.0_8187/ide/plugins/com.nxp.mcuxpresso.tools.win32_11.6.0.202112161359/tools/bin/../lib/gcc/arm-none-eabi/10.3.1/../../../../arm-none-eabi/lib/thumb/v7-m/nofp\libc_nano.a(lib_a-impure.o)
                0x10000030                _impure_ptr
 .data.impure_data
                0x10000034       0x60 c:/nxp/mcuxpressoide_11.6.0_8187/ide/plugins/com.nxp.mcuxpresso.tools.win32_11.6.0.202112161359/tools/bin/../lib/gcc/arm-none-eabi/10.3.1/../../../../arm-none-eabi/lib/thumb/v7-m/nofp\libc_nano.a(lib_a-impure.o)
 .data._tzname  0x10000094        0x8 c:/nxp/mcuxpressoide_11.6.0_8187/ide/plugins/com.nxp.mcuxpresso.tools.win32_11.6.0.202112161359/tools/bin/../lib/gcc/arm-none-eabi/10.3.1/../../../../arm-none-eabi/lib/thumb/v7-m/nofp\libc_nano.a(lib_a-tzvars.o)
                0x10000094                _tzname
 *fill*         0x1000009c        0x4 ff
 .data.tzinfo   0x100000a0       0x58 c:/nxp/mcuxpressoide_11.6.0_8187/ide/plugins/com.nxp.mcuxpresso.tools.win32_11.6.0.202112161359/tools/bin/../lib/gcc/arm-none-eabi/10.3.1/../../../../arm-none-eabi/lib/thumb/v7-m/nofp\libc_nano.a(lib_a-gettzinfo.o)
 .data.environ  0x100000f8        0x4 c:/nxp/mcuxpressoide_11.6.0_8187/ide/plugins/com.nxp.mcuxpresso.tools.win32_11.6.0.202112161359/tools/bin/../lib/gcc/arm-none-eabi/10.3.1/../../../../arm-none-eabi/lib/thumb/v7-m/nofp\libc_nano.a(lib_a-environ.o)
                0x100000f8                environ
                0x100000fc                . = ALIGN (0x4)
                0x100000fc                _edata = .
                [!provide]                PROVIDE (__end_data_RAM = .)
                [!provide]                PROVIDE (__end_data_RamLoc32 = .)

.igot.plt       0x100000fc        0x0 load address 0x00008aa4
 .igot.plt      0x100000fc        0x0 ./src/cr_startup_lpc175x_6x-FreeRTOS.o

.bss_RAM2       0x2007c000        0x0
                [!provide]                PROVIDE (__start_bss_RAM2 = .)
                [!provide]                PROVIDE (__start_bss_RamAHB32 = .)
 *(.bss.$RAM2)
 *(.bss.$RamAHB32)
 *(.bss.$RAM2.*)
 *(.bss.$RamAHB32.*)
                0x2007c000                . = ALIGN ((. != 0x0)?0x4:0x1)
                [!provide]                PROVIDE (__end_bss_RAM2 = .)
                [!provide]                PROVIDE (__end_bss_RamAHB32 = .)

.bss            0x100000fc     0x4aa0
                0x100000fc                _bss = .
                [!provide]                PROVIDE (__start_bss_RAM = .)
                [!provide]                PROVIDE (__start_bss_RamLoc32 = .)
 *(.bss*)
 .bss.normal_task
                0x100000fc        0x4 ./src/main.o
 .bss.maintenance_task
                0x10000100        0x4 ./src/main.o
 .bss.manage_light_timer
                0x10000104        0x4 ./src/main.o
 .bss.sensorlight
                0x10000108        0x4 ./src/main.o
 .bss.last_sensorlight
                0x1000010c        0x4 ./src/main.o
 .bss.relogio   0x10000110       0x24 ./src/main.o
                0x10000110                relogio
 .bss.dateTime  0x10000134       0x24 ./src/main.o
                0x10000134                dateTime
 .bss.state.0   0x10000158        0x4 ./src/main.o
 .bss.blink     0x1000015c        0x4 ./src/menus.o
 .bss.blinkTog  0x10000160        0x1 ./src/menus.o
 *fill*         0x10000161        0x3 
 .bss.cursor    0x10000164        0x4 ./src/menus.o
 .bss.state     0x10000168        0x4 ./src/menus.o
 .bss.xNTPSENDQueue
                0x1000016c        0x4 C:\Users\alext\Desktop\SE\Workspace\FreeRTOS-Network-UI\Release\libFreeRTOS-Network-UI.a(netntp.o)
                0x1000016c                xNTPSENDQueue
 .bss.xNTPRECVQueue
                0x10000170        0x4 C:\Users\alext\Desktop\SE\Workspace\FreeRTOS-Network-UI\Release\libFreeRTOS-Network-UI.a(netntp.o)
                0x10000170                xNTPRECVQueue
 .bss.blinkTog.0
                0x10000174        0x1 C:\Users\alext\Desktop\SE\Workspace\FreeRTOS-Network-UI\Release\libFreeRTOS-Network-UI.a(uimenu.o)
 *fill*         0x10000175        0x3 
 .bss.xBH1750SENDQueue
                0x10000178        0x4 C:\Users\alext\Desktop\SE\Workspace\FreeRTOS-Drivers\Release\libFreeRTOS-Drivers.a(rtosbh1750.o)
 .bss.xBH1750RECVQueue
                0x1000017c        0x4 C:\Users\alext\Desktop\SE\Workspace\FreeRTOS-Drivers\Release\libFreeRTOS-Drivers.a(rtosbh1750.o)
 .bss.xENCODERSENDQueue
                0x10000180        0x4 C:\Users\alext\Desktop\SE\Workspace\FreeRTOS-Drivers\Release\libFreeRTOS-Drivers.a(rtosencoder.o)
 .bss.xENCODERRECVQueue
                0x10000184        0x4 C:\Users\alext\Desktop\SE\Workspace\FreeRTOS-Drivers\Release\libFreeRTOS-Drivers.a(rtosencoder.o)
 .bss.xLCDLock  0x10000188        0x4 C:\Users\alext\Desktop\SE\Workspace\FreeRTOS-Drivers\Release\libFreeRTOS-Drivers.a(rtoslcd.o)
 .bss.xLCDQueue
                0x1000018c        0x4 C:\Users\alext\Desktop\SE\Workspace\FreeRTOS-Drivers\Release\libFreeRTOS-Drivers.a(rtoslcd.o)
 .bss.xLEDSENDQueue
                0x10000190        0x4 C:\Users\alext\Desktop\SE\Workspace\FreeRTOS-Drivers\Release\libFreeRTOS-Drivers.a(rtosled.o)
 .bss.presence  0x10000194        0x1 C:\Users\alext\Desktop\SE\Workspace\FreeRTOS-Drivers\Release\libFreeRTOS-Drivers.a(rtospir.o)
 *fill*         0x10000195        0x3 
 .bss.xRTCSENDQueue
                0x10000198        0x4 C:\Users\alext\Desktop\SE\Workspace\FreeRTOS-Drivers\Release\libFreeRTOS-Drivers.a(rtosrtc.o)
 .bss.xRTCRECVQueue
                0x1000019c        0x4 C:\Users\alext\Desktop\SE\Workspace\FreeRTOS-Drivers\Release\libFreeRTOS-Drivers.a(rtosrtc.o)
 .bss.timeout   0x100001a0        0x4 C:\Users\alext\Desktop\SE\Workspace\DRIVERS\Release\libHAL.a(i2c.o)
 .bss.I2CMasterBuffer
                0x100001a4        0x4 C:\Users\alext\Desktop\SE\Workspace\DRIVERS\Release\libHAL.a(i2c.o)
                0x100001a4                I2CMasterBuffer
 .bss.I2CSlaveBuffer
                0x100001a8        0x4 C:\Users\alext\Desktop\SE\Workspace\DRIVERS\Release\libHAL.a(i2c.o)
                0x100001a8                I2CSlaveBuffer
 .bss.I2CReadLength
                0x100001ac        0x4 C:\Users\alext\Desktop\SE\Workspace\DRIVERS\Release\libHAL.a(i2c.o)
                0x100001ac                I2CReadLength
 .bss.I2CWriteLength
                0x100001b0        0x4 C:\Users\alext\Desktop\SE\Workspace\DRIVERS\Release\libHAL.a(i2c.o)
                0x100001b0                I2CWriteLength
 .bss.rdIndex   0x100001b4        0x4 C:\Users\alext\Desktop\SE\Workspace\DRIVERS\Release\libHAL.a(i2c.o)
 .bss.wrIndex   0x100001b8        0x4 C:\Users\alext\Desktop\SE\Workspace\DRIVERS\Release\libHAL.a(i2c.o)
 .bss.ritHandler
                0x100001bc        0x4 C:\Users\alext\Desktop\SE\Workspace\DRIVERS\Release\libHAL.a(rit.o)
 .bss.rbuffer   0x100001c0     0x1010 C:\Users\alext\Desktop\SE\Workspace\DRIVERS\Release\libHAL.a(uart.o)
 .bss.intrTxStatus
                0x100011d0        0x1 C:\Users\alext\Desktop\SE\Workspace\DRIVERS\Release\libHAL.a(uart.o)
 *fill*         0x100011d1        0x3 
 .bss           0x100011d4     0x3820 C:\Users\alext\Desktop\SE\Workspace\FreeRTOS-Kernel\Debug\libFreeRTOS-Kernel.a(heap_4.o)
 .bss           0x100049f4       0x20 C:\Users\alext\Desktop\SE\Workspace\FreeRTOS-Kernel\Debug\libFreeRTOS-Kernel.a(queue.o)
                0x100049f4                xQueueRegistry
 .bss           0x10004a14      0x10c C:\Users\alext\Desktop\SE\Workspace\FreeRTOS-Kernel\Debug\libFreeRTOS-Kernel.a(tasks.o)
                0x10004a14                pxCurrentTCB
 .bss           0x10004b20       0x3c C:\Users\alext\Desktop\SE\Workspace\FreeRTOS-Kernel\Debug\libFreeRTOS-Kernel.a(timers.o)
 .bss.__malloc_free_list
                0x10004b5c        0x4 c:/nxp/mcuxpressoide_11.6.0_8187/ide/plugins/com.nxp.mcuxpresso.tools.win32_11.6.0.202112161359/tools/bin/../lib/gcc/arm-none-eabi/10.3.1/../../../../arm-none-eabi/lib/thumb/v7-m/nofp\libc_nano.a(lib_a-nano-mallocr.o)
                0x10004b5c                __malloc_free_list
 .bss.__malloc_sbrk_start
                0x10004b60        0x4 c:/nxp/mcuxpressoide_11.6.0_8187/ide/plugins/com.nxp.mcuxpresso.tools.win32_11.6.0.202112161359/tools/bin/../lib/gcc/arm-none-eabi/10.3.1/../../../../arm-none-eabi/lib/thumb/v7-m/nofp\libc_nano.a(lib_a-nano-mallocr.o)
                0x10004b60                __malloc_sbrk_start
 .bss.__tzname_dst
                0x10004b64        0xb c:/nxp/mcuxpressoide_11.6.0_8187/ide/plugins/com.nxp.mcuxpresso.tools.win32_11.6.0.202112161359/tools/bin/../lib/gcc/arm-none-eabi/10.3.1/../../../../arm-none-eabi/lib/thumb/v7-m/nofp\libc_nano.a(lib_a-tzset_r.o)
 .bss.__tzname_std
                0x10004b6f        0xb c:/nxp/mcuxpressoide_11.6.0_8187/ide/plugins/com.nxp.mcuxpresso.tools.win32_11.6.0.202112161359/tools/bin/../lib/gcc/arm-none-eabi/10.3.1/../../../../arm-none-eabi/lib/thumb/v7-m/nofp\libc_nano.a(lib_a-tzset_r.o)
 *fill*         0x10004b7a        0x2 
 .bss.prev_tzenv
                0x10004b7c        0x4 c:/nxp/mcuxpressoide_11.6.0_8187/ide/plugins/com.nxp.mcuxpresso.tools.win32_11.6.0.202112161359/tools/bin/../lib/gcc/arm-none-eabi/10.3.1/../../../../arm-none-eabi/lib/thumb/v7-m/nofp\libc_nano.a(lib_a-tzset_r.o)
 .bss._daylight
                0x10004b80        0x4 c:/nxp/mcuxpressoide_11.6.0_8187/ide/plugins/com.nxp.mcuxpresso.tools.win32_11.6.0.202112161359/tools/bin/../lib/gcc/arm-none-eabi/10.3.1/../../../../arm-none-eabi/lib/thumb/v7-m/nofp\libc_nano.a(lib_a-tzvars.o)
                0x10004b80                _daylight
 .bss._timezone
                0x10004b84        0x4 c:/nxp/mcuxpressoide_11.6.0_8187/ide/plugins/com.nxp.mcuxpresso.tools.win32_11.6.0.202112161359/tools/bin/../lib/gcc/arm-none-eabi/10.3.1/../../../../arm-none-eabi/lib/thumb/v7-m/nofp\libc_nano.a(lib_a-tzvars.o)
                0x10004b84                _timezone
 .bss.__lock___env_recursive_mutex
                0x10004b88        0x1 c:/nxp/mcuxpressoide_11.6.0_8187/ide/plugins/com.nxp.mcuxpresso.tools.win32_11.6.0.202112161359/tools/bin/../lib/gcc/arm-none-eabi/10.3.1/../../../../arm-none-eabi/lib/thumb/v7-m/nofp\libc_nano.a(lib_a-lock.o)
                0x10004b88                __lock___env_recursive_mutex
 .bss.__lock___malloc_recursive_mutex
                0x10004b89        0x1 c:/nxp/mcuxpressoide_11.6.0_8187/ide/plugins/com.nxp.mcuxpresso.tools.win32_11.6.0.202112161359/tools/bin/../lib/gcc/arm-none-eabi/10.3.1/../../../../arm-none-eabi/lib/thumb/v7-m/nofp\libc_nano.a(lib_a-lock.o)
                0x10004b89                __lock___malloc_recursive_mutex
 .bss.__lock___sfp_recursive_mutex
                0x10004b8a        0x1 c:/nxp/mcuxpressoide_11.6.0_8187/ide/plugins/com.nxp.mcuxpresso.tools.win32_11.6.0.202112161359/tools/bin/../lib/gcc/arm-none-eabi/10.3.1/../../../../arm-none-eabi/lib/thumb/v7-m/nofp\libc_nano.a(lib_a-lock.o)
                0x10004b8a                __lock___sfp_recursive_mutex
 .bss.__lock___sinit_recursive_mutex
                0x10004b8b        0x1 c:/nxp/mcuxpressoide_11.6.0_8187/ide/plugins/com.nxp.mcuxpresso.tools.win32_11.6.0.202112161359/tools/bin/../lib/gcc/arm-none-eabi/10.3.1/../../../../arm-none-eabi/lib/thumb/v7-m/nofp\libc_nano.a(lib_a-lock.o)
                0x10004b8b                __lock___sinit_recursive_mutex
 .bss.__lock___tz_mutex
                0x10004b8c        0x1 c:/nxp/mcuxpressoide_11.6.0_8187/ide/plugins/com.nxp.mcuxpresso.tools.win32_11.6.0.202112161359/tools/bin/../lib/gcc/arm-none-eabi/10.3.1/../../../../arm-none-eabi/lib/thumb/v7-m/nofp\libc_nano.a(lib_a-lock.o)
                0x10004b8c                __lock___tz_mutex
 *fill*         0x10004b8d        0x3 
 .bss.errno     0x10004b90        0x4 c:/nxp/mcuxpressoide_11.6.0_8187/ide/plugins/com.nxp.mcuxpresso.tools.win32_11.6.0.202112161359/tools/bin/../lib/gcc/arm-none-eabi/10.3.1/../../../../arm-none-eabi/lib/thumb/v7-m/nofp\libc_nano.a(lib_a-reent.o)
                0x10004b90                errno
 .bss.initial_env
                0x10004b94        0x4 c:/nxp/mcuxpressoide_11.6.0_8187/ide/plugins/com.nxp.mcuxpresso.tools.win32_11.6.0.202112161359/tools/bin/../lib/gcc/arm-none-eabi/10.3.1/../../../../arm-none-eabi/lib/thumb/v7-m/nofp\libc_nano.a(lib_a-environ.o)
 .bss.__end_of_heap
                0x10004b98        0x4 c:/nxp/mcuxpressoide_11.6.0_8187/ide/plugins/com.nxp.mcuxpresso.tools.win32_11.6.0.202112161359/tools/bin/../lib/gcc/arm-none-eabi/10.3.1/../../../../arm-none-eabi/lib/thumb/v7-m/nofp\libcr_newlib_nohost.a(_cr_sbrk.o)
                0x10004b98                __end_of_heap
 *(COMMON)
                0x10004b9c                . = ALIGN (0x4)
                0x10004b9c                _ebss = .
                [!provide]                PROVIDE (__end_bss_RAM = .)
                [!provide]                PROVIDE (__end_bss_RamLoc32 = .)
                [!provide]                PROVIDE (end = .)

.noinit_RAM2    0x2007c000        0x0
                [!provide]                PROVIDE (__start_noinit_RAM2 = .)
                [!provide]                PROVIDE (__start_noinit_RamAHB32 = .)
 *(.noinit.$RAM2)
 *(.noinit.$RamAHB32)
 *(.noinit.$RAM2.*)
 *(.noinit.$RamAHB32.*)
                0x2007c000                . = ALIGN (0x4)
                [!provide]                PROVIDE (__end_noinit_RAM2 = .)
                [!provide]                PROVIDE (__end_noinit_RamAHB32 = .)

.noinit         0x10004b9c        0x0
                0x10004b9c                _noinit = .
                [!provide]                PROVIDE (__start_noinit_RAM = .)
                [!provide]                PROVIDE (__start_noinit_RamLoc32 = .)
 *(.noinit*)
                0x10004b9c                . = ALIGN (0x4)
                0x10004b9c                _end_noinit = .
                [!provide]                PROVIDE (__end_noinit_RAM = .)
                [!provide]                PROVIDE (__end_noinit_RamLoc32 = .)
                0x10004b9c                PROVIDE (_pvHeapStart = DEFINED (__user_heap_base)?__user_heap_base:.)
                0x10008000                PROVIDE (_vStackTop = DEFINED (__user_stack_top)?__user_stack_top:(__top_RamLoc32 - 0x0))
                0xefff74c6                PROVIDE (__valid_user_code_checksum = (0x0 - ((((((_vStackTop + (ResetISR + 0x1)) + (NMI_Handler + 0x1)) + (HardFault_Handler + 0x1)) + (DEFINED (MemManage_Handler)?MemManage_Handler:0x0 + 0x1)) + (DEFINED (BusFault_Handler)?BusFault_Handler:0x0 + 0x1)) + (DEFINED (UsageFault_Handler)?UsageFault_Handler:0x0 + 0x1))))
                0x00000000                _image_start = LOADADDR (.text)
                0x00008aa4                _image_end = (LOADADDR (.data) + SIZEOF (.data))
                0x00008aa4                _image_size = (_image_end - _image_start)
OUTPUT(FreeRTOS-Template.axf elf32-littlearm)
LOAD linker stubs

.debug_info     0x00000000     0x83cd
 .debug_info    0x00000000      0x282 ./src/cr_startup_lpc175x_6x-FreeRTOS.o
 .debug_info    0x00000282       0x40 ./src/crp.o
 .debug_info    0x000002c2      0x6b1 ./src/main.o
 .debug_info    0x00000973      0x4bc ./src/menus.o
 .debug_info    0x00000e2f      0x4ea ./src/printf-stdarg.o
 .debug_info    0x00001319      0x429 C:\Users\alext\Desktop\SE\Workspace\FreeRTOS-Network-UI\Release\libFreeRTOS-Network-UI.a(netntp.o)
 .debug_info    0x00001742      0x608 C:\Users\alext\Desktop\SE\Workspace\FreeRTOS-Network-UI\Release\libFreeRTOS-Network-UI.a(uimenu.o)
 .debug_info    0x00001d4a      0x407 C:\Users\alext\Desktop\SE\Workspace\FreeRTOS-Drivers\Release\libFreeRTOS-Drivers.a(rtosbh1750.o)
 .debug_info    0x00002151      0x2e3 C:\Users\alext\Desktop\SE\Workspace\FreeRTOS-Drivers\Release\libFreeRTOS-Drivers.a(rtosencoder.o)
 .debug_info    0x00002434      0x634 C:\Users\alext\Desktop\SE\Workspace\FreeRTOS-Drivers\Release\libFreeRTOS-Drivers.a(rtoslcd.o)
 .debug_info    0x00002a68      0x26f C:\Users\alext\Desktop\SE\Workspace\FreeRTOS-Drivers\Release\libFreeRTOS-Drivers.a(rtosled.o)
 .debug_info    0x00002cd7      0x219 C:\Users\alext\Desktop\SE\Workspace\FreeRTOS-Drivers\Release\libFreeRTOS-Drivers.a(rtoslock.o)
 .debug_info    0x00002ef0      0x176 C:\Users\alext\Desktop\SE\Workspace\FreeRTOS-Drivers\Release\libFreeRTOS-Drivers.a(rtospir.o)
 .debug_info    0x00003066      0x3ee C:\Users\alext\Desktop\SE\Workspace\FreeRTOS-Drivers\Release\libFreeRTOS-Drivers.a(rtosrtc.o)
 .debug_info    0x00003454      0x433 C:\Users\alext\Desktop\SE\Workspace\FreeRTOS-Kernel\Debug\libFreeRTOS-Kernel.a(heap_4.o)
 .debug_info    0x00003887      0x2ed C:\Users\alext\Desktop\SE\Workspace\FreeRTOS-Kernel\Debug\libFreeRTOS-Kernel.a(port.o)
 .debug_info    0x00003b74     0x11c5 C:\Users\alext\Desktop\SE\Workspace\FreeRTOS-Kernel\Debug\libFreeRTOS-Kernel.a(queue.o)
 .debug_info    0x00004d39     0x1b2a C:\Users\alext\Desktop\SE\Workspace\FreeRTOS-Kernel\Debug\libFreeRTOS-Kernel.a(tasks.o)
 .debug_info    0x00006863      0xafe C:\Users\alext\Desktop\SE\Workspace\FreeRTOS-Kernel\Debug\libFreeRTOS-Kernel.a(timers.o)
 .debug_info    0x00007361      0x2d1 C:\Users\alext\Desktop\SE\Workspace\FreeRTOS-Kernel\Debug\libFreeRTOS-Kernel.a(list.o)
 .debug_info    0x00007632      0x347 C:\Users\alext\Desktop\SE\Workspace\CMSIS_CORE_LPC17xx\Debug\libCMSIS_CORE_LPC17xx.a(system_LPC17xx.o)
 .debug_info    0x00007979      0x132 c:/nxp/mcuxpressoide_11.6.0_8187/ide/plugins/com.nxp.mcuxpresso.tools.win32_11.6.0.202112161359/tools/bin/../lib/gcc/arm-none-eabi/10.3.1/../../../../arm-none-eabi/lib/thumb/v7-m/nofp\libcr_newlib_nohost.a(_cr_sbrk.o)
 .debug_info    0x00007aab       0xa3 c:/nxp/mcuxpressoide_11.6.0_8187/ide/plugins/com.nxp.mcuxpresso.tools.win32_11.6.0.202112161359/tools/bin/../lib/gcc/arm-none-eabi/10.3.1/../../../../arm-none-eabi/lib/thumb/v7-m/nofp\libcr_newlib_nohost.a(_exit.o)
 .debug_info    0x00007b4e       0xb1 c:/nxp/mcuxpressoide_11.6.0_8187/ide/plugins/com.nxp.mcuxpresso.tools.win32_11.6.0.202112161359/tools/bin/../lib/gcc/arm-none-eabi/10.3.1/../../../../arm-none-eabi/lib/thumb/v7-m/nofp\libcr_newlib_nohost.a(close.o)
 .debug_info    0x00007bff      0x2cc c:/nxp/mcuxpressoide_11.6.0_8187/ide/plugins/com.nxp.mcuxpresso.tools.win32_11.6.0.202112161359/tools/bin/../lib/gcc/arm-none-eabi/10.3.1/../../../../arm-none-eabi/lib/thumb/v7-m/nofp\libcr_newlib_nohost.a(fstat.o)
 .debug_info    0x00007ecb       0x9c c:/nxp/mcuxpressoide_11.6.0_8187/ide/plugins/com.nxp.mcuxpresso.tools.win32_11.6.0.202112161359/tools/bin/../lib/gcc/arm-none-eabi/10.3.1/../../../../arm-none-eabi/lib/thumb/v7-m/nofp\libcr_newlib_nohost.a(getpid.o)
 .debug_info    0x00007f67       0xb1 c:/nxp/mcuxpressoide_11.6.0_8187/ide/plugins/com.nxp.mcuxpresso.tools.win32_11.6.0.202112161359/tools/bin/../lib/gcc/arm-none-eabi/10.3.1/../../../../arm-none-eabi/lib/thumb/v7-m/nofp\libcr_newlib_nohost.a(isatty.o)
 .debug_info    0x00008018       0xbf c:/nxp/mcuxpressoide_11.6.0_8187/ide/plugins/com.nxp.mcuxpresso.tools.win32_11.6.0.202112161359/tools/bin/../lib/gcc/arm-none-eabi/10.3.1/../../../../arm-none-eabi/lib/thumb/v7-m/nofp\libcr_newlib_nohost.a(kill.o)
 .debug_info    0x000080d7       0xd3 c:/nxp/mcuxpressoide_11.6.0_8187/ide/plugins/com.nxp.mcuxpresso.tools.win32_11.6.0.202112161359/tools/bin/../lib/gcc/arm-none-eabi/10.3.1/../../../../arm-none-eabi/lib/thumb/v7-m/nofp\libcr_newlib_nohost.a(lseek.o)
 .debug_info    0x000081aa       0xd9 c:/nxp/mcuxpressoide_11.6.0_8187/ide/plugins/com.nxp.mcuxpresso.tools.win32_11.6.0.202112161359/tools/bin/../lib/gcc/arm-none-eabi/10.3.1/../../../../arm-none-eabi/lib/thumb/v7-m/nofp\libcr_newlib_nohost.a(read.o)
 .debug_info    0x00008283       0xd9 c:/nxp/mcuxpressoide_11.6.0_8187/ide/plugins/com.nxp.mcuxpresso.tools.win32_11.6.0.202112161359/tools/bin/../lib/gcc/arm-none-eabi/10.3.1/../../../../arm-none-eabi/lib/thumb/v7-m/nofp\libcr_newlib_nohost.a(write.o)
 .debug_info    0x0000835c       0x71 c:/nxp/mcuxpressoide_11.6.0_8187/ide/plugins/com.nxp.mcuxpresso.tools.win32_11.6.0.202112161359/tools/bin/../lib/gcc/arm-none-eabi/10.3.1/../../../../arm-none-eabi/lib/thumb/v7-m/nofp\libcr_newlib_nohost.a(_cr_check_heap.o)

.debug_abbrev   0x00000000     0x24be
 .debug_abbrev  0x00000000      0x135 ./src/cr_startup_lpc175x_6x-FreeRTOS.o
 .debug_abbrev  0x00000135       0x38 ./src/crp.o
 .debug_abbrev  0x0000016d      0x1fe ./src/main.o
 .debug_abbrev  0x0000036b      0x1a4 ./src/menus.o
 .debug_abbrev  0x0000050f      0x197 ./src/printf-stdarg.o
 .debug_abbrev  0x000006a6      0x136 C:\Users\alext\Desktop\SE\Workspace\FreeRTOS-Network-UI\Release\libFreeRTOS-Network-UI.a(netntp.o)
 .debug_abbrev  0x000007dc      0x176 C:\Users\alext\Desktop\SE\Workspace\FreeRTOS-Network-UI\Release\libFreeRTOS-Network-UI.a(uimenu.o)
 .debug_abbrev  0x00000952      0x188 C:\Users\alext\Desktop\SE\Workspace\FreeRTOS-Drivers\Release\libFreeRTOS-Drivers.a(rtosbh1750.o)
 .debug_abbrev  0x00000ada      0x134 C:\Users\alext\Desktop\SE\Workspace\FreeRTOS-Drivers\Release\libFreeRTOS-Drivers.a(rtosencoder.o)
 .debug_abbrev  0x00000c0e      0x1f3 C:\Users\alext\Desktop\SE\Workspace\FreeRTOS-Drivers\Release\libFreeRTOS-Drivers.a(rtoslcd.o)
 .debug_abbrev  0x00000e01       0xf0 C:\Users\alext\Desktop\SE\Workspace\FreeRTOS-Drivers\Release\libFreeRTOS-Drivers.a(rtosled.o)
 .debug_abbrev  0x00000ef1       0xe6 C:\Users\alext\Desktop\SE\Workspace\FreeRTOS-Drivers\Release\libFreeRTOS-Drivers.a(rtoslock.o)
 .debug_abbrev  0x00000fd7       0xc0 C:\Users\alext\Desktop\SE\Workspace\FreeRTOS-Drivers\Release\libFreeRTOS-Drivers.a(rtospir.o)
 .debug_abbrev  0x00001097      0x147 C:\Users\alext\Desktop\SE\Workspace\FreeRTOS-Drivers\Release\libFreeRTOS-Drivers.a(rtosrtc.o)
 .debug_abbrev  0x000011de      0x175 C:\Users\alext\Desktop\SE\Workspace\FreeRTOS-Kernel\Debug\libFreeRTOS-Kernel.a(heap_4.o)
 .debug_abbrev  0x00001353      0x1f9 C:\Users\alext\Desktop\SE\Workspace\FreeRTOS-Kernel\Debug\libFreeRTOS-Kernel.a(port.o)
 .debug_abbrev  0x0000154c      0x294 C:\Users\alext\Desktop\SE\Workspace\FreeRTOS-Kernel\Debug\libFreeRTOS-Kernel.a(queue.o)
 .debug_abbrev  0x000017e0      0x2d7 C:\Users\alext\Desktop\SE\Workspace\FreeRTOS-Kernel\Debug\libFreeRTOS-Kernel.a(tasks.o)
 .debug_abbrev  0x00001ab7      0x20d C:\Users\alext\Desktop\SE\Workspace\FreeRTOS-Kernel\Debug\libFreeRTOS-Kernel.a(timers.o)
 .debug_abbrev  0x00001cc4       0xf2 C:\Users\alext\Desktop\SE\Workspace\FreeRTOS-Kernel\Debug\libFreeRTOS-Kernel.a(list.o)
 .debug_abbrev  0x00001db6      0x10e C:\Users\alext\Desktop\SE\Workspace\CMSIS_CORE_LPC17xx\Debug\libCMSIS_CORE_LPC17xx.a(system_LPC17xx.o)
 .debug_abbrev  0x00001ec4       0xe3 c:/nxp/mcuxpressoide_11.6.0_8187/ide/plugins/com.nxp.mcuxpresso.tools.win32_11.6.0.202112161359/tools/bin/../lib/gcc/arm-none-eabi/10.3.1/../../../../arm-none-eabi/lib/thumb/v7-m/nofp\libcr_newlib_nohost.a(_cr_sbrk.o)
 .debug_abbrev  0x00001fa7       0x67 c:/nxp/mcuxpressoide_11.6.0_8187/ide/plugins/com.nxp.mcuxpresso.tools.win32_11.6.0.202112161359/tools/bin/../lib/gcc/arm-none-eabi/10.3.1/../../../../arm-none-eabi/lib/thumb/v7-m/nofp\libcr_newlib_nohost.a(_exit.o)
 .debug_abbrev  0x0000200e       0x6d c:/nxp/mcuxpressoide_11.6.0_8187/ide/plugins/com.nxp.mcuxpresso.tools.win32_11.6.0.202112161359/tools/bin/../lib/gcc/arm-none-eabi/10.3.1/../../../../arm-none-eabi/lib/thumb/v7-m/nofp\libcr_newlib_nohost.a(close.o)
 .debug_abbrev  0x0000207b       0xcc c:/nxp/mcuxpressoide_11.6.0_8187/ide/plugins/com.nxp.mcuxpresso.tools.win32_11.6.0.202112161359/tools/bin/../lib/gcc/arm-none-eabi/10.3.1/../../../../arm-none-eabi/lib/thumb/v7-m/nofp\libcr_newlib_nohost.a(fstat.o)
 .debug_abbrev  0x00002147       0x59 c:/nxp/mcuxpressoide_11.6.0_8187/ide/plugins/com.nxp.mcuxpresso.tools.win32_11.6.0.202112161359/tools/bin/../lib/gcc/arm-none-eabi/10.3.1/../../../../arm-none-eabi/lib/thumb/v7-m/nofp\libcr_newlib_nohost.a(getpid.o)
 .debug_abbrev  0x000021a0       0x6d c:/nxp/mcuxpressoide_11.6.0_8187/ide/plugins/com.nxp.mcuxpresso.tools.win32_11.6.0.202112161359/tools/bin/../lib/gcc/arm-none-eabi/10.3.1/../../../../arm-none-eabi/lib/thumb/v7-m/nofp\libcr_newlib_nohost.a(isatty.o)
 .debug_abbrev  0x0000220d       0x7e c:/nxp/mcuxpressoide_11.6.0_8187/ide/plugins/com.nxp.mcuxpresso.tools.win32_11.6.0.202112161359/tools/bin/../lib/gcc/arm-none-eabi/10.3.1/../../../../arm-none-eabi/lib/thumb/v7-m/nofp\libcr_newlib_nohost.a(kill.o)
 .debug_abbrev  0x0000228b       0x92 c:/nxp/mcuxpressoide_11.6.0_8187/ide/plugins/com.nxp.mcuxpresso.tools.win32_11.6.0.202112161359/tools/bin/../lib/gcc/arm-none-eabi/10.3.1/../../../../arm-none-eabi/lib/thumb/v7-m/nofp\libcr_newlib_nohost.a(lseek.o)
 .debug_abbrev  0x0000231d       0x9b c:/nxp/mcuxpressoide_11.6.0_8187/ide/plugins/com.nxp.mcuxpresso.tools.win32_11.6.0.202112161359/tools/bin/../lib/gcc/arm-none-eabi/10.3.1/../../../../arm-none-eabi/lib/thumb/v7-m/nofp\libcr_newlib_nohost.a(read.o)
 .debug_abbrev  0x000023b8       0x9b c:/nxp/mcuxpressoide_11.6.0_8187/ide/plugins/com.nxp.mcuxpresso.tools.win32_11.6.0.202112161359/tools/bin/../lib/gcc/arm-none-eabi/10.3.1/../../../../arm-none-eabi/lib/thumb/v7-m/nofp\libcr_newlib_nohost.a(write.o)
 .debug_abbrev  0x00002453       0x6b c:/nxp/mcuxpressoide_11.6.0_8187/ide/plugins/com.nxp.mcuxpresso.tools.win32_11.6.0.202112161359/tools/bin/../lib/gcc/arm-none-eabi/10.3.1/../../../../arm-none-eabi/lib/thumb/v7-m/nofp\libcr_newlib_nohost.a(_cr_check_heap.o)

.debug_aranges  0x00000000      0x6b8
 .debug_aranges
                0x00000000       0x80 ./src/cr_startup_lpc175x_6x-FreeRTOS.o
 .debug_aranges
                0x00000080       0x18 ./src/crp.o
 .debug_aranges
                0x00000098       0x70 ./src/main.o
 .debug_aranges
                0x00000108       0x60 ./src/menus.o
 .debug_aranges
                0x00000168       0x70 ./src/printf-stdarg.o
 .debug_aranges
                0x000001d8       0x38 C:\Users\alext\Desktop\SE\Workspace\FreeRTOS-Network-UI\Release\libFreeRTOS-Network-UI.a(netntp.o)
 .debug_aranges
                0x00000210       0x58 C:\Users\alext\Desktop\SE\Workspace\FreeRTOS-Network-UI\Release\libFreeRTOS-Network-UI.a(uimenu.o)
 .debug_aranges
                0x00000268       0x48 C:\Users\alext\Desktop\SE\Workspace\FreeRTOS-Drivers\Release\libFreeRTOS-Drivers.a(rtosbh1750.o)
 .debug_aranges
                0x000002b0       0x38 C:\Users\alext\Desktop\SE\Workspace\FreeRTOS-Drivers\Release\libFreeRTOS-Drivers.a(rtosencoder.o)
 .debug_aranges
                0x000002e8       0x90 C:\Users\alext\Desktop\SE\Workspace\FreeRTOS-Drivers\Release\libFreeRTOS-Drivers.a(rtoslcd.o)
 .debug_aranges
                0x00000378       0x48 C:\Users\alext\Desktop\SE\Workspace\FreeRTOS-Drivers\Release\libFreeRTOS-Drivers.a(rtosled.o)
 .debug_aranges
                0x000003c0       0x30 C:\Users\alext\Desktop\SE\Workspace\FreeRTOS-Drivers\Release\libFreeRTOS-Drivers.a(rtoslock.o)
 .debug_aranges
                0x000003f0       0x30 C:\Users\alext\Desktop\SE\Workspace\FreeRTOS-Drivers\Release\libFreeRTOS-Drivers.a(rtospir.o)